I, [2015-02-27T11:00:01.092483 #14289]  INFO -- :   Parameters: {"utf8"=>"✓", "authenticity_token"=>"0nNdKWOfpAkoD+6R2tdcuEMMQ8X7kB9xsUDQHWvBhhs=", "item"=>{"name"=>"First Item", "price"=>"200.5", "weigth"=>"50.55", "i_photo"=>#<ActionDispatch::Http::UploadedFile:0x0000000249cb48 @tempfile=#<Tempfile:/tmp/RackMultipart20150227-14289-1a47yak>, @original_filename="photo[1].jpg", @content_type="image/jpeg", @headers="Content-Disposition: form-data; name=\"item[i_photo]\"; filename=\"photo[1].jpg\"\r\nContent-Type: image/jpeg\r\n">, "real"=>"1", "short_desc"=>"Lorem ipsum dolor sit amet, consectetur adipiscing elit. Phasellus egestas posuere lectus quis iaculis. Nulla vel augue sed diam consectetur suscipit vitae nec odio", "description"=>"Lorem ipsum dolor sit amet, consectetur adipiscing elit. Phasellus egestas posuere lectus quis iaculis. Nulla vel augue sed diam consectetur suscipit vitae nec odio. Donec nec justo interdum, posuere leo quis, efficitur magna. Maecenas dapibus nisl et diam bibendum molestie et at eros. Aliquam fringilla libero tortor, et bibendum nisl volutpat id. Aenean pretium libero vitae finibus gravida. Praesent fringilla rutrum tortor eu finibus. Sed interdum et erat et ultricies. Mauris quis aliquet orci. Lorem ipsum dolor sit amet, consectetur adipiscing elit. Etiam nec ligula fermentum, blandit libero ac, pharetra dui. Mauris lacinia fermentum feugiat. Donec tempus vitae nibh quis hendrerit. Ut luctus, urna in venenatis facilisis, augue dolor tincidunt diam, ac viverra neque nisl sit amet leo. Interdum et malesuada fames ac ante ipsum primis in faucibus. Sed pulvinar bibendum mauris, vel molestie enim pulvinar quis."}, "commit"=>"Создать", "id"=>"1"}
I, [2015-02-27T11:00:01.127896 #14289]  INFO -- : Command :: file -b --mime '/tmp/7dbe646fe218d391ea93b054a9e951b820150227-14289-afg2xq.jpg'
I, [2015-02-27T11:00:01.268161 #14289]  INFO -- : Completed 500 Internal Server Error in 175ms
F, [2015-02-27T11:00:01.276688 #14289] FATAL -- : 
Errno::ENOMEM (Cannot allocate memory - file -b --mime '/tmp/7dbe646fe218d391ea93b054a9e951b820150227-14289-afg2xq.jpg'):
  app/controllers/items_controller.rb:34:in `update'


I, [2015-02-27T11:00:08.499945 #14298]  INFO -- : Started GET "/items/new" for 91.201.244.150 at 2015-02-27 11:00:08 +0000
I, [2015-02-27T11:00:08.512945 #14298]  INFO -- : Processing by ItemsController#new as HTML
I, [2015-02-27T11:00:08.527025 #14298]  INFO -- :   Rendered items/new.html.erb within layouts/application (8.2ms)
I, [2015-02-27T11:00:08.538528 #14298]  INFO -- : Completed 200 OK in 25ms (Views: 22.2ms | ActiveRecord: 0.0ms)
I, [2015-02-27T11:00:20.884295 #14295]  INFO -- : Started POST "/items" for 91.201.244.150 at 2015-02-27 11:00:20 +0000
I, [2015-02-27T11:00:20.927633 #14295]  INFO -- : Processing by ItemsController#create as HTML
I, [2015-02-27T11:00:20.927978 #14295]  INFO -- :   Parameters: {"utf8"=>"✓", "authenticity_token"=>"0nNdKWOfpAkoD+6R2tdcuEMMQ8X7kB9xsUDQHWvBhhs=", "item"=>{"name"=>"33333", "price"=>"333", "weigth"=>"333", "i_photo"=>#<ActionDispatch::Http::UploadedFile:0x00000002eb50a8 @tempfile=#<Tempfile:/tmp/RackMultipart20150227-14295-1741z2>, @original_filename="photo[1].jpg", @content_type="image/jpeg", @headers="Content-Disposition: form-data; name=\"item[i_photo]\"; filename=\"photo[1].jpg\"\r\nContent-Type: image/jpeg\r\n">, "real"=>"1", "short_desc"=>"222", "description"=>"333"}, "commit"=>"Создать"}
I, [2015-02-27T11:00:20.971077 #14295]  INFO -- : Command :: file -b --mime '/tmp/7dbe646fe218d391ea93b054a9e951b820150227-14295-1sfexrj.jpg'
I, [2015-02-27T11:00:21.035529 #14295]  INFO -- : Completed 500 Internal Server Error in 107ms
F, [2015-02-27T11:00:21.038130 #14295] FATAL -- : 
Errno::ENOMEM (Cannot allocate memory - file -b --mime '/tmp/7dbe646fe218d391ea93b054a9e951b820150227-14295-1sfexrj.jpg'):
  app/controllers/items_controller.rb:49:in `create'


I, [2015-02-27T11:01:07.481354 #14291]  INFO -- : Started GET "/items" for 91.201.244.150 at 2015-02-27 11:01:07 +0000
I, [2015-02-27T11:01:07.540557 #14291]  INFO -- : Processing by ItemsController#index as HTML
I, [2015-02-27T11:01:07.656295 #14291]  INFO -- :   Rendered items/index.html.erb within layouts/application (95.0ms)
I, [2015-02-27T11:01:07.665866 #14291]  INFO -- : Completed 200 OK in 125ms (Views: 105.1ms | ActiveRecord: 4.1ms)
I, [2015-02-27T11:01:45.952522 #14959]  INFO -- : Started GET "/items" for 91.201.244.150 at 2015-02-27 11:01:45 +0000
I, [2015-02-27T11:01:45.984810 #14959]  INFO -- : Processing by ItemsController#index as HTML
I, [2015-02-27T11:01:46.054544 #14959]  INFO -- :   Rendered items/index.html.erb within layouts/application (58.9ms)
I, [2015-02-27T11:01:46.060606 #14959]  INFO -- : Completed 200 OK in 76ms (Views: 61.9ms | ActiveRecord: 4.8ms)
I, [2015-02-27T11:01:50.244061 #14962]  INFO -- : Started GET "/items/7" for 91.201.244.150 at 2015-02-27 11:01:50 +0000
I, [2015-02-27T11:01:50.257098 #14962]  INFO -- : Processing by ItemsController#show as HTML
I, [2015-02-27T11:01:50.257241 #14962]  INFO -- :   Parameters: {"id"=>"7"}
I, [2015-02-27T11:01:50.325370 #14962]  INFO -- :   Rendered items/show.html.erb within layouts/application (1.9ms)
I, [2015-02-27T11:01:50.331491 #14962]  INFO -- : Completed 200 OK in 74ms (Views: 10.3ms | ActiveRecord: 3.0ms)
I, [2015-02-27T11:01:58.363407 #14959]  INFO -- : Started GET "/items" for 91.201.244.150 at 2015-02-27 11:01:58 +0000
I, [2015-02-27T11:01:58.369383 #14959]  INFO -- : Processing by ItemsController#index as HTML
I, [2015-02-27T11:01:58.379514 #14959]  INFO -- :   Rendered items/index.html.erb within layouts/application (6.5ms)
I, [2015-02-27T11:01:58.388996 #14959]  INFO -- : Completed 200 OK in 19ms (Views: 17.5ms | ActiveRecord: 0.6ms)
I, [2015-02-27T11:02:16.269363 #14962]  INFO -- : Started GET "/items/new" for 91.201.244.150 at 2015-02-27 11:02:16 +0000
I, [2015-02-27T11:02:16.403105 #14962]  INFO -- : Processing by ItemsController#new as HTML
I, [2015-02-27T11:02:16.521482 #14962]  INFO -- :   Rendered items/new.html.erb within layouts/application (31.1ms)
I, [2015-02-27T11:02:16.527387 #14962]  INFO -- : Completed 200 OK in 124ms (Views: 39.6ms | ActiveRecord: 9.7ms)
I, [2015-02-27T11:02:35.654870 #14965]  INFO -- : Started POST "/items" for 91.201.244.150 at 2015-02-27 11:02:35 +0000
I, [2015-02-27T11:02:35.875789 #14965]  INFO -- : Processing by ItemsController#create as HTML
I, [2015-02-27T11:02:35.876357 #14965]  INFO -- :   Parameters: {"utf8"=>"✓", "authenticity_token"=>"0nNdKWOfpAkoD+6R2tdcuEMMQ8X7kB9xsUDQHWvBhhs=", "item"=>{"name"=>"12312312", "price"=>"123123123", "weigth"=>"123213", "i_photo"=>#<ActionDispatch::Http::UploadedFile:0x000000038528b8 @tempfile=#<Tempfile:/tmp/RackMultipart20150227-14965-1v12uut>, @original_filename="IShIZ4SFf1s.jpg", @content_type="image/jpeg", @headers="Content-Disposition: form-data; name=\"item[i_photo]\"; filename=\"IShIZ4SFf1s.jpg\"\r\nContent-Type: image/jpeg\r\n">, "real"=>"1", "short_desc"=>"", "description"=>""}, "commit"=>"Создать"}
I, [2015-02-27T11:02:36.017863 #14965]  INFO -- : Command :: file -b --mime '/tmp/63dd9cbad47e12c8e7c65e61a387d15520150227-14965-hxa6j6.jpg'
I, [2015-02-27T11:02:36.089525 #14965]  INFO -- : Command :: identify -format '%wx%h,%[exif:orientation]' '/tmp/63dd9cbad47e12c8e7c65e61a387d15520150227-14965-aujxn7.jpg[0]' 2>/dev/null
I, [2015-02-27T11:02:36.193553 #14965]  INFO -- : Command :: identify -format %m '/tmp/63dd9cbad47e12c8e7c65e61a387d15520150227-14965-aujxn7.jpg[0]'
I, [2015-02-27T11:02:36.212250 #14965]  INFO -- : Command :: convert '/tmp/63dd9cbad47e12c8e7c65e61a387d15520150227-14965-aujxn7.jpg[0]' -auto-orient -resize "300x300>" '/tmp/63dd9cbad47e12c8e7c65e61a387d15520150227-14965-aujxn720150227-14965-e6o4mf'
I, [2015-02-27T11:02:36.388161 #14965]  INFO -- : Command :: file -b --mime '/tmp/63dd9cbad47e12c8e7c65e61a387d15520150227-14965-aujxn720150227-14965-e6o4mf'
I, [2015-02-27T11:02:36.404374 #14965]  INFO -- : Command :: identify -format '%wx%h,%[exif:orientation]' '/tmp/63dd9cbad47e12c8e7c65e61a387d15520150227-14965-aujxn7.jpg[0]' 2>/dev/null
I, [2015-02-27T11:02:36.443870 #14965]  INFO -- : Command :: identify -format %m '/tmp/63dd9cbad47e12c8e7c65e61a387d15520150227-14965-aujxn7.jpg[0]'
I, [2015-02-27T11:02:36.459147 #14965]  INFO -- : Command :: convert '/tmp/63dd9cbad47e12c8e7c65e61a387d15520150227-14965-aujxn7.jpg[0]' -auto-orient -resize "100x100>" '/tmp/63dd9cbad47e12c8e7c65e61a387d15520150227-14965-aujxn720150227-14965-10j2jb8'
I, [2015-02-27T11:02:36.519175 #14965]  INFO -- : Command :: file -b --mime '/tmp/63dd9cbad47e12c8e7c65e61a387d15520150227-14965-aujxn720150227-14965-10j2jb8'
I, [2015-02-27T11:02:36.544319 #14965]  INFO -- : Command :: file -b --mime '/tmp/63dd9cbad47e12c8e7c65e61a387d15520150227-14965-1l0ccwq.jpg'
I, [2015-02-27T11:02:36.569348 #14965]  INFO -- :   Rendered items/new.html.erb within layouts/application (14.0ms)
I, [2015-02-27T11:02:36.577611 #14965]  INFO -- : Completed 200 OK in 701ms (Views: 25.2ms | ActiveRecord: 7.9ms)
I, [2015-02-27T11:02:42.561789 #14959]  INFO -- : Started POST "/items" for 91.201.244.150 at 2015-02-27 11:02:42 +0000
I, [2015-02-27T11:02:42.653849 #14959]  INFO -- : Processing by ItemsController#create as HTML
I, [2015-02-27T11:02:42.654285 #14959]  INFO -- :   Parameters: {"utf8"=>"✓", "authenticity_token"=>"0nNdKWOfpAkoD+6R2tdcuEMMQ8X7kB9xsUDQHWvBhhs=", "item"=>{"name"=>"12312312", "price"=>"123123123", "weigth"=>"123213", "real"=>"1", "short_desc"=>"13", "description"=>"123"}, "commit"=>"Создать"}
I, [2015-02-27T11:02:42.864931 #14959]  INFO -- :   Rendered items/new.html.erb within layouts/application (44.6ms)
I, [2015-02-27T11:02:42.885015 #14959]  INFO -- : Completed 200 OK in 230ms (Views: 71.8ms | ActiveRecord: 5.9ms)
I, [2015-02-27T11:02:52.748014 #14965]  INFO -- : Started POST "/items" for 91.201.244.150 at 2015-02-27 11:02:52 +0000
I, [2015-02-27T11:02:52.755654 #14965]  INFO -- : Processing by ItemsController#create as HTML
I, [2015-02-27T11:02:52.755985 #14965]  INFO -- :   Parameters: {"utf8"=>"✓", "authenticity_token"=>"0nNdKWOfpAkoD+6R2tdcuEMMQ8X7kB9xsUDQHWvBhhs=", "item"=>{"name"=>"12312312", "price"=>"123123123", "weigth"=>"123213", "i_photo"=>#<ActionDispatch::Http::UploadedFile:0x00000001b213e8 @tempfile=#<Tempfile:/tmp/RackMultipart20150227-14965-uenfaq>, @original_filename="IShIZ4SFf1s.jpg", @content_type="image/jpeg", @headers="Content-Disposition: form-data; name=\"item[i_photo]\"; filename=\"IShIZ4SFf1s.jpg\"\r\nContent-Type: image/jpeg\r\n">, "real"=>"1", "short_desc"=>"13", "description"=>"123"}, "commit"=>"Создать"}
I, [2015-02-27T11:02:52.764499 #14965]  INFO -- : Command :: file -b --mime '/tmp/63dd9cbad47e12c8e7c65e61a387d15520150227-14965-gbwi90.jpg'
I, [2015-02-27T11:02:52.776373 #14965]  INFO -- : Command :: identify -format '%wx%h,%[exif:orientation]' '/tmp/63dd9cbad47e12c8e7c65e61a387d15520150227-14965-dfzxvq.jpg[0]' 2>/dev/null
I, [2015-02-27T11:02:52.805782 #14965]  INFO -- : Command :: identify -format %m '/tmp/63dd9cbad47e12c8e7c65e61a387d15520150227-14965-dfzxvq.jpg[0]'
I, [2015-02-27T11:02:52.821466 #14965]  INFO -- : Command :: convert '/tmp/63dd9cbad47e12c8e7c65e61a387d15520150227-14965-dfzxvq.jpg[0]' -auto-orient -resize "300x300>" '/tmp/63dd9cbad47e12c8e7c65e61a387d15520150227-14965-dfzxvq20150227-14965-a4xk68'
I, [2015-02-27T11:02:52.977938 #14965]  INFO -- : Command :: file -b --mime '/tmp/63dd9cbad47e12c8e7c65e61a387d15520150227-14965-dfzxvq20150227-14965-a4xk68'
I, [2015-02-27T11:02:52.998303 #14965]  INFO -- : Command :: identify -format '%wx%h,%[exif:orientation]' '/tmp/63dd9cbad47e12c8e7c65e61a387d15520150227-14965-dfzxvq.jpg[0]' 2>/dev/null
I, [2015-02-27T11:02:53.035807 #14965]  INFO -- : Command :: identify -format %m '/tmp/63dd9cbad47e12c8e7c65e61a387d15520150227-14965-dfzxvq.jpg[0]'
I, [2015-02-27T11:02:53.053470 #14965]  INFO -- : Command :: convert '/tmp/63dd9cbad47e12c8e7c65e61a387d15520150227-14965-dfzxvq.jpg[0]' -auto-orient -resize "100x100>" '/tmp/63dd9cbad47e12c8e7c65e61a387d15520150227-14965-dfzxvq20150227-14965-1j813ev'
I, [2015-02-27T11:02:53.120164 #14965]  INFO -- : Command :: file -b --mime '/tmp/63dd9cbad47e12c8e7c65e61a387d15520150227-14965-dfzxvq20150227-14965-1j813ev'
I, [2015-02-27T11:02:53.132309 #14965]  INFO -- : Command :: file -b --mime '/tmp/63dd9cbad47e12c8e7c65e61a387d15520150227-14965-djlbc3.jpg'
I, [2015-02-27T11:02:53.204444 #14965]  INFO -- : Redirected to http://178.62.24.75/items
I, [2015-02-27T11:02:53.205240 #14965]  INFO -- : Completed 302 Found in 449ms (ActiveRecord: 20.5ms)
I, [2015-02-27T11:02:53.277635 #14962]  INFO -- : Started GET "/items" for 91.201.244.150 at 2015-02-27 11:02:53 +0000
I, [2015-02-27T11:02:53.287746 #14962]  INFO -- : Processing by ItemsController#index as HTML
I, [2015-02-27T11:02:53.302520 #14962]  INFO -- :   Rendered items/index.html.erb within layouts/application (9.8ms)
I, [2015-02-27T11:02:53.311003 #14962]  INFO -- : Completed 200 OK in 23ms (Views: 18.7ms | ActiveRecord: 1.1ms)
I, [2015-02-27T11:02:57.264492 #14965]  INFO -- : Started GET "/items/8" for 91.201.244.150 at 2015-02-27 11:02:57 +0000
I, [2015-02-27T11:02:57.270042 #14965]  INFO -- : Processing by ItemsController#show as HTML
I, [2015-02-27T11:02:57.270177 #14965]  INFO -- :   Parameters: {"id"=>"8"}
I, [2015-02-27T11:02:57.284682 #14965]  INFO -- :   Rendered items/show.html.erb within layouts/application (3.1ms)
I, [2015-02-27T11:02:57.292767 #14965]  INFO -- : Completed 200 OK in 22ms (Views: 14.0ms | ActiveRecord: 0.9ms)
I, [2015-02-27T11:03:51.597540 #14962]  INFO -- : Started GET "/items" for 91.201.244.150 at 2015-02-27 11:03:51 +0000
I, [2015-02-27T11:03:51.609151 #14962]  INFO -- : Processing by ItemsController#index as HTML
I, [2015-02-27T11:03:51.630309 #14962]  INFO -- :   Rendered items/index.html.erb within layouts/application (11.8ms)
I, [2015-02-27T11:03:51.631133 #14962]  INFO -- : Completed 500 Internal Server Error in 21ms
F, [2015-02-27T11:03:51.636464 #14962] FATAL -- : 
ActionView::Template::Error (undefined method `i_photo' for nil:NilClass):
    26: 	<% @items.each do |item| %>
    27:             <div class="col-md-3 col-sm-6 hero-feature">
    28:                 <div class="thumbnail">
    29:                     <%= image_tag @i.i_photo.url(:medium) %>
    30:                     <div class="caption">
    31:                         <h3><%= item.name %></h3>
    32:                         <p><%= item.price %> грн.</p>
  app/views/items/index.html.erb:29:in `block in _app_views_items_index_html_erb__2045689030677683328_43563340'
  app/views/items/index.html.erb:26:in `_app_views_items_index_html_erb__2045689030677683328_43563340'


I, [2015-02-27T11:03:54.769526 #14956]  INFO -- : Started GET "/items" for 91.201.244.150 at 2015-02-27 11:03:54 +0000
I, [2015-02-27T11:03:54.932592 #14956]  INFO -- : Processing by ItemsController#index as HTML
I, [2015-02-27T11:03:55.020670 #14956]  INFO -- :   Rendered items/index.html.erb within layouts/application (59.2ms)
I, [2015-02-27T11:03:55.021041 #14956]  INFO -- : Completed 500 Internal Server Error in 88ms
F, [2015-02-27T11:03:55.024515 #14956] FATAL -- : 
ActionView::Template::Error (undefined method `i_photo' for nil:NilClass):
    26: 	<% @items.each do |item| %>
    27:             <div class="col-md-3 col-sm-6 hero-feature">
    28:                 <div class="thumbnail">
    29:                     <%= image_tag @i.i_photo.url(:medium) %>
    30:                     <div class="caption">
    31:                         <h3><%= item.name %></h3>
    32:                         <p><%= item.price %> грн.</p>
  app/views/items/index.html.erb:29:in `block in _app_views_items_index_html_erb__2045689030677683328_29488140'
  app/views/items/index.html.erb:26:in `_app_views_items_index_html_erb__2045689030677683328_29488140'


I, [2015-02-27T11:04:04.429313 #14962]  INFO -- : Started GET "/items" for 91.201.244.150 at 2015-02-27 11:04:04 +0000
I, [2015-02-27T11:04:04.442763 #14962]  INFO -- : Processing by ItemsController#index as HTML
I, [2015-02-27T11:04:04.502569 #14962]  INFO -- :   Rendered items/index.html.erb within layouts/application (45.4ms)
I, [2015-02-27T11:04:04.526188 #14962]  INFO -- : Completed 200 OK in 83ms (Views: 76.8ms | ActiveRecord: 1.0ms)
I, [2015-02-27T11:04:21.055577 #14965]  INFO -- : Started GET "/items/8" for 91.201.244.150 at 2015-02-27 11:04:21 +0000
I, [2015-02-27T11:04:21.062188 #14965]  INFO -- : Processing by ItemsController#show as HTML
I, [2015-02-27T11:04:21.062361 #14965]  INFO -- :   Parameters: {"id"=>"8"}
I, [2015-02-27T11:04:21.072423 #14965]  INFO -- :   Rendered items/show.html.erb within layouts/application (1.8ms)
I, [2015-02-27T11:04:21.079432 #14965]  INFO -- : Completed 200 OK in 17ms (Views: 11.2ms | ActiveRecord: 0.6ms)
I, [2015-02-27T11:04:42.448249 #14959]  INFO -- : Started GET "/items/8" for 91.201.244.150 at 2015-02-27 11:04:42 +0000
I, [2015-02-27T11:04:42.468149 #14959]  INFO -- : Processing by ItemsController#show as HTML
I, [2015-02-27T11:04:42.468571 #14959]  INFO -- :   Parameters: {"id"=>"8"}
I, [2015-02-27T11:04:42.508042 #14959]  INFO -- :   Rendered items/show.html.erb within layouts/application (7.4ms)
I, [2015-02-27T11:04:42.527069 #14959]  INFO -- : Completed 200 OK in 58ms (Views: 31.2ms | ActiveRecord: 1.1ms)
I, [2015-02-27T11:04:45.432751 #14962]  INFO -- : Started GET "/items/8" for 91.201.244.150 at 2015-02-27 11:04:45 +0000
I, [2015-02-27T11:04:45.438040 #14962]  INFO -- : Processing by ItemsController#show as HTML
I, [2015-02-27T11:04:45.438179 #14962]  INFO -- :   Parameters: {"id"=>"8"}
I, [2015-02-27T11:04:45.447588 #14962]  INFO -- :   Rendered items/show.html.erb within layouts/application (2.5ms)
I, [2015-02-27T11:04:45.454874 #14962]  INFO -- : Completed 200 OK in 17ms (Views: 11.7ms | ActiveRecord: 0.4ms)
I, [2015-02-27T11:04:53.905191 #14959]  INFO -- : Started GET "/items/8/edit" for 91.201.244.150 at 2015-02-27 11:04:53 +0000
I, [2015-02-27T11:04:53.908859 #14959]  INFO -- : Processing by ItemsController#edit as HTML
I, [2015-02-27T11:04:53.908974 #14959]  INFO -- :   Parameters: {"id"=>"8"}
I, [2015-02-27T11:04:53.919904 #14959]  INFO -- :   Rendered items/edit.html.erb within layouts/application (7.6ms)
I, [2015-02-27T11:04:53.925568 #14959]  INFO -- : Completed 200 OK in 16ms (Views: 14.6ms | ActiveRecord: 0.3ms)
I, [2015-02-27T11:05:01.869734 #14965]  INFO -- : Started PATCH "/items/1" for 91.201.244.150 at 2015-02-27 11:05:01 +0000
I, [2015-02-27T11:05:01.886088 #14965]  INFO -- : Processing by ItemsController#update as HTML
I, [2015-02-27T11:05:01.886814 #14965]  INFO -- :   Parameters: {"utf8"=>"✓", "authenticity_token"=>"0nNdKWOfpAkoD+6R2tdcuEMMQ8X7kB9xsUDQHWvBhhs=", "item"=>{"name"=>"First Item", "price"=>"200.5", "weigth"=>"50.55", "i_photo"=>#<ActionDispatch::Http::UploadedFile:0x000000056a3e48 @tempfile=#<Tempfile:/tmp/RackMultipart20150227-14965-xtomvx>, @original_filename="jeff_powell_1314039574_47.png", @content_type="image/png", @headers="Content-Disposition: form-data; name=\"item[i_photo]\"; filename=\"jeff_powell_1314039574_47.png\"\r\nContent-Type: image/png\r\n">, "real"=>"1", "short_desc"=>"Lorem ipsum dolor sit amet, consectetur adipiscing elit. Phasellus egestas posuere lectus quis iaculis. Nulla vel augue sed diam consectetur suscipit vitae nec odio", "description"=>"Lorem ipsum dolor sit amet, consectetur adipiscing elit. Phasellus egestas posuere lectus quis iaculis. Nulla vel augue sed diam consectetur suscipit vitae nec odio. Donec nec justo interdum, posuere leo quis, efficitur magna. Maecenas dapibus nisl et diam bibendum molestie et at eros. Aliquam fringilla libero tortor, et bibendum nisl volutpat id. Aenean pretium libero vitae finibus gravida. Praesent fringilla rutrum tortor eu finibus. Sed interdum et erat et ultricies. Mauris quis aliquet orci. Lorem ipsum dolor sit amet, consectetur adipiscing elit. Etiam nec ligula fermentum, blandit libero ac, pharetra dui. Mauris lacinia fermentum feugiat. Donec tempus vitae nibh quis hendrerit. Ut luctus, urna in venenatis facilisis, augue dolor tincidunt diam, ac viverra neque nisl sit amet leo. Interdum et malesuada fames ac ante ipsum primis in faucibus. Sed pulvinar bibendum mauris, vel molestie enim pulvinar quis."}, "commit"=>"Создать", "id"=>"1"}
I, [2015-02-27T11:05:01.935355 #14965]  INFO -- : Command :: file -b --mime '/tmp/1b96d33b22a9c953a85168c89a153b2d20150227-14965-8ioy60.png'
I, [2015-02-27T11:05:01.978065 #14965]  INFO -- : Command :: identify -format '%wx%h,%[exif:orientation]' '/tmp/1b96d33b22a9c953a85168c89a153b2d20150227-14965-1i0g5fw.png[0]' 2>/dev/null
I, [2015-02-27T11:05:02.231240 #14965]  INFO -- : Command :: identify -format %m '/tmp/1b96d33b22a9c953a85168c89a153b2d20150227-14965-1i0g5fw.png[0]'
I, [2015-02-27T11:05:02.254840 #14965]  INFO -- : Command :: convert '/tmp/1b96d33b22a9c953a85168c89a153b2d20150227-14965-1i0g5fw.png[0]' -auto-orient -resize "300x300>" '/tmp/1b96d33b22a9c953a85168c89a153b2d20150227-14965-1i0g5fw20150227-14965-1l7nfc5'
I, [2015-02-27T11:05:02.874116 #14965]  INFO -- : Command :: file -b --mime '/tmp/1b96d33b22a9c953a85168c89a153b2d20150227-14965-1i0g5fw20150227-14965-1l7nfc5'
I, [2015-02-27T11:05:02.892416 #14965]  INFO -- : Command :: identify -format '%wx%h,%[exif:orientation]' '/tmp/1b96d33b22a9c953a85168c89a153b2d20150227-14965-1i0g5fw.png[0]' 2>/dev/null
I, [2015-02-27T11:05:02.997588 #14965]  INFO -- : Command :: identify -format %m '/tmp/1b96d33b22a9c953a85168c89a153b2d20150227-14965-1i0g5fw.png[0]'
I, [2015-02-27T11:05:03.008416 #14965]  INFO -- : Command :: convert '/tmp/1b96d33b22a9c953a85168c89a153b2d20150227-14965-1i0g5fw.png[0]' -auto-orient -resize "100x100>" '/tmp/1b96d33b22a9c953a85168c89a153b2d20150227-14965-1i0g5fw20150227-14965-13amleh'
I, [2015-02-27T11:05:03.296124 #14965]  INFO -- : Command :: file -b --mime '/tmp/1b96d33b22a9c953a85168c89a153b2d20150227-14965-1i0g5fw20150227-14965-13amleh'
I, [2015-02-27T11:05:03.314066 #14965]  INFO -- : Command :: file -b --mime '/tmp/1b96d33b22a9c953a85168c89a153b2d20150227-14965-166cn1p.png'
I, [2015-02-27T11:05:03.361895 #14965]  INFO -- : Redirected to http://178.62.24.75/items
I, [2015-02-27T11:05:03.362350 #14965]  INFO -- : Completed 302 Found in 1475ms (ActiveRecord: 13.5ms)
I, [2015-02-27T11:05:03.437369 #14956]  INFO -- : Started GET "/items" for 91.201.244.150 at 2015-02-27 11:05:03 +0000
I, [2015-02-27T11:05:03.452069 #14956]  INFO -- : Processing by ItemsController#index as HTML
I, [2015-02-27T11:05:03.479298 #14956]  INFO -- :   Rendered items/index.html.erb within layouts/application (19.9ms)
I, [2015-02-27T11:05:03.492667 #14956]  INFO -- : Completed 200 OK in 40ms (Views: 35.5ms | ActiveRecord: 1.1ms)
I, [2015-02-27T11:05:14.522080 #14965]  INFO -- : Started GET "/items/1" for 91.201.244.150 at 2015-02-27 11:05:14 +0000
I, [2015-02-27T11:05:14.525826 #14965]  INFO -- : Processing by ItemsController#show as HTML
I, [2015-02-27T11:05:14.525910 #14965]  INFO -- :   Parameters: {"id"=>"1"}
I, [2015-02-27T11:05:14.534818 #14965]  INFO -- :   Rendered items/show.html.erb within layouts/application (3.5ms)
I, [2015-02-27T11:05:14.542298 #14965]  INFO -- : Completed 200 OK in 16ms (Views: 13.1ms | ActiveRecord: 0.7ms)
I, [2015-02-27T11:07:08.940206 #14959]  INFO -- : Started GET "/items/2/edit" for 91.201.244.150 at 2015-02-27 11:07:08 +0000
I, [2015-02-27T11:07:08.956507 #14959]  INFO -- : Processing by ItemsController#edit as HTML
I, [2015-02-27T11:07:08.956685 #14959]  INFO -- :   Parameters: {"id"=>"2"}
I, [2015-02-27T11:07:08.976955 #14959]  INFO -- :   Rendered items/edit.html.erb within layouts/application (8.9ms)
I, [2015-02-27T11:07:08.984171 #14959]  INFO -- : Completed 200 OK in 27ms (Views: 19.2ms | ActiveRecord: 2.0ms)
I, [2015-02-27T11:07:17.375815 #14956]  INFO -- : Started PATCH "/items/1" for 91.201.244.150 at 2015-02-27 11:07:17 +0000
I, [2015-02-27T11:07:17.392456 #14956]  INFO -- : Processing by ItemsController#update as HTML
I, [2015-02-27T11:07:17.393185 #14956]  INFO -- :   Parameters: {"utf8"=>"✓", "authenticity_token"=>"0nNdKWOfpAkoD+6R2tdcuEMMQ8X7kB9xsUDQHWvBhhs=", "item"=>{"name"=>"First Item", "price"=>"200.5", "weigth"=>"50.55", "i_photo"=>#<ActionDispatch::Http::UploadedFile:0x000000026399b0 @tempfile=#<Tempfile:/tmp/RackMultipart20150227-14956-pb4jc0>, @original_filename="jeff_powell_1314039574_47.png", @content_type="image/png", @headers="Content-Disposition: form-data; name=\"item[i_photo]\"; filename=\"jeff_powell_1314039574_47.png\"\r\nContent-Type: image/png\r\n">, "real"=>"1", "short_desc"=>"Lorem ipsum dolor sit amet, consectetur adipiscing elit. Phasellus egestas posuere lectus quis iaculis. Nulla vel augue sed diam consectetur suscipit vitae nec odio", "description"=>"Lorem ipsum dolor sit amet, consectetur adipiscing elit. Phasellus egestas posuere lectus quis iaculis. Nulla vel augue sed diam consectetur suscipit vitae nec odio. Donec nec justo interdum, posuere leo quis, efficitur magna. Maecenas dapibus nisl et diam bibendum molestie et at eros. Aliquam fringilla libero tortor, et bibendum nisl volutpat id. Aenean pretium libero vitae finibus gravida. Praesent fringilla rutrum tortor eu finibus. Sed interdum et erat et ultricies. Mauris quis aliquet orci. Lorem ipsum dolor sit amet, consectetur adipiscing elit. Etiam nec ligula fermentum, blandit libero ac, pharetra dui. Mauris lacinia fermentum feugiat. Donec tempus vitae nibh quis hendrerit. Ut luctus, urna in venenatis facilisis, augue dolor tincidunt diam, ac viverra neque nisl sit amet leo. Interdum et malesuada fames ac ante ipsum primis in faucibus. Sed pulvinar bibendum mauris, vel molestie enim pulvinar quis."}, "commit"=>"Создать", "id"=>"1"}
I, [2015-02-27T11:07:17.453907 #14956]  INFO -- : Command :: file -b --mime '/tmp/1b96d33b22a9c953a85168c89a153b2d20150227-14956-1vfx25z.png'
I, [2015-02-27T11:07:17.465250 #14956]  INFO -- : Command :: identify -format '%wx%h,%[exif:orientation]' '/tmp/1b96d33b22a9c953a85168c89a153b2d20150227-14956-5fmazu.png[0]' 2>/dev/null
I, [2015-02-27T11:07:17.539996 #14956]  INFO -- : Command :: identify -format %m '/tmp/1b96d33b22a9c953a85168c89a153b2d20150227-14956-5fmazu.png[0]'
I, [2015-02-27T11:07:17.549438 #14956]  INFO -- : Command :: convert '/tmp/1b96d33b22a9c953a85168c89a153b2d20150227-14956-5fmazu.png[0]' -auto-orient -resize "300x300>" '/tmp/1b96d33b22a9c953a85168c89a153b2d20150227-14956-5fmazu20150227-14956-1wi64bh'
I, [2015-02-27T11:07:17.808882 #14956]  INFO -- : Command :: file -b --mime '/tmp/1b96d33b22a9c953a85168c89a153b2d20150227-14956-5fmazu20150227-14956-1wi64bh'
I, [2015-02-27T11:07:17.825781 #14956]  INFO -- : Command :: identify -format '%wx%h,%[exif:orientation]' '/tmp/1b96d33b22a9c953a85168c89a153b2d20150227-14956-5fmazu.png[0]' 2>/dev/null
I, [2015-02-27T11:07:17.889685 #14956]  INFO -- : Command :: identify -format %m '/tmp/1b96d33b22a9c953a85168c89a153b2d20150227-14956-5fmazu.png[0]'
I, [2015-02-27T11:07:17.900523 #14956]  INFO -- : Command :: convert '/tmp/1b96d33b22a9c953a85168c89a153b2d20150227-14956-5fmazu.png[0]' -auto-orient -resize "100x100>" '/tmp/1b96d33b22a9c953a85168c89a153b2d20150227-14956-5fmazu20150227-14956-dgbed9'
I, [2015-02-27T11:07:18.245777 #14956]  INFO -- : Command :: file -b --mime '/tmp/1b96d33b22a9c953a85168c89a153b2d20150227-14956-5fmazu20150227-14956-dgbed9'
I, [2015-02-27T11:07:18.273154 #14956]  INFO -- : Command :: file -b --mime '/tmp/1b96d33b22a9c953a85168c89a153b2d20150227-14956-uq7zmg.png'
I, [2015-02-27T11:07:18.311165 #14956]  INFO -- : [paperclip] deleting /home/rails/public/system/items/i_photos/000/000/001/original/jeff_powell_1314039574_47.png
I, [2015-02-27T11:07:18.312458 #14956]  INFO -- : [paperclip] deleting /home/rails/public/system/items/i_photos/000/000/001/medium/jeff_powell_1314039574_47.png
I, [2015-02-27T11:07:18.312890 #14956]  INFO -- : [paperclip] deleting /home/rails/public/system/items/i_photos/000/000/001/thumb/jeff_powell_1314039574_47.png
I, [2015-02-27T11:07:18.339328 #14956]  INFO -- : Redirected to http://178.62.24.75/items
I, [2015-02-27T11:07:18.339984 #14956]  INFO -- : Completed 302 Found in 946ms (ActiveRecord: 17.5ms)
I, [2015-02-27T11:07:18.407321 #14962]  INFO -- : Started GET "/items" for 91.201.244.150 at 2015-02-27 11:07:18 +0000
I, [2015-02-27T11:07:18.422547 #14962]  INFO -- : Processing by ItemsController#index as HTML
I, [2015-02-27T11:07:18.470321 #14962]  INFO -- :   Rendered items/index.html.erb within layouts/application (35.6ms)
I, [2015-02-27T11:07:18.495606 #14962]  INFO -- : Completed 200 OK in 72ms (Views: 64.9ms | ActiveRecord: 1.6ms)
I, [2015-02-27T11:07:25.359254 #14956]  INFO -- : Started GET "/items/8" for 91.201.244.150 at 2015-02-27 11:07:25 +0000
I, [2015-02-27T11:07:25.369461 #14956]  INFO -- : Processing by ItemsController#show as HTML
I, [2015-02-27T11:07:25.369708 #14956]  INFO -- :   Parameters: {"id"=>"8"}
I, [2015-02-27T11:07:25.389336 #14956]  INFO -- :   Rendered items/show.html.erb within layouts/application (5.9ms)
I, [2015-02-27T11:07:25.400132 #14956]  INFO -- : Completed 200 OK in 30ms (Views: 21.3ms | ActiveRecord: 2.0ms)
I, [2015-02-27T11:07:31.121328 #14962]  INFO -- : Started GET "/items" for 91.201.244.150 at 2015-02-27 11:07:31 +0000
I, [2015-02-27T11:07:31.129158 #14962]  INFO -- : Processing by ItemsController#index as HTML
I, [2015-02-27T11:07:31.147985 #14962]  INFO -- :   Rendered items/index.html.erb within layouts/application (13.6ms)
I, [2015-02-27T11:07:31.156245 #14962]  INFO -- : Completed 200 OK in 27ms (Views: 23.6ms | ActiveRecord: 0.7ms)
I, [2015-02-27T11:07:34.180232 #14956]  INFO -- : Started GET "/items" for 91.201.244.150 at 2015-02-27 11:07:34 +0000
I, [2015-02-27T11:07:34.184926 #14956]  INFO -- : Processing by ItemsController#index as HTML
I, [2015-02-27T11:07:34.200858 #14956]  INFO -- :   Rendered items/index.html.erb within layouts/application (11.8ms)
I, [2015-02-27T11:07:34.207591 #14956]  INFO -- : Completed 200 OK in 22ms (Views: 20.2ms | ActiveRecord: 0.4ms)
I, [2015-02-27T11:07:39.027891 #14962]  INFO -- : Started GET "/items" for 91.201.244.150 at 2015-02-27 11:07:39 +0000
I, [2015-02-27T11:07:39.032180 #14962]  INFO -- : Processing by ItemsController#index as HTML
I, [2015-02-27T11:07:39.052056 #14962]  INFO -- :   Rendered items/index.html.erb within layouts/application (15.7ms)
I, [2015-02-27T11:07:39.062540 #14962]  INFO -- : Completed 200 OK in 30ms (Views: 28.4ms | ActiveRecord: 0.5ms)
I, [2015-02-27T11:08:04.384917 #14959]  INFO -- : Started GET "/items" for 91.201.244.150 at 2015-02-27 11:08:04 +0000
I, [2015-02-27T11:08:04.392747 #14959]  INFO -- : Processing by ItemsController#index as HTML
I, [2015-02-27T11:08:04.414047 #14959]  INFO -- :   Rendered items/index.html.erb within layouts/application (16.2ms)
I, [2015-02-27T11:08:04.421382 #14959]  INFO -- : Completed 200 OK in 28ms (Views: 25.5ms | ActiveRecord: 0.6ms)
I, [2015-02-27T11:08:06.794687 #14956]  INFO -- : Started GET "/items" for 91.201.244.150 at 2015-02-27 11:08:06 +0000
I, [2015-02-27T11:08:06.807672 #14956]  INFO -- : Processing by ItemsController#index as HTML
I, [2015-02-27T11:08:06.853352 #14956]  INFO -- :   Rendered items/index.html.erb within layouts/application (36.2ms)
I, [2015-02-27T11:08:06.873095 #14956]  INFO -- : Completed 200 OK in 65ms (Views: 59.6ms | ActiveRecord: 1.1ms)
I, [2015-02-27T11:08:13.500115 #14959]  INFO -- : Started GET "/items" for 91.201.244.150 at 2015-02-27 11:08:13 +0000
I, [2015-02-27T11:08:13.504227 #14959]  INFO -- : Processing by ItemsController#index as HTML
I, [2015-02-27T11:08:13.520362 #14959]  INFO -- :   Rendered items/index.html.erb within layouts/application (12.3ms)
I, [2015-02-27T11:08:13.529178 #14959]  INFO -- : Completed 200 OK in 25ms (Views: 23.4ms | ActiveRecord: 0.4ms)
I, [2015-02-27T11:08:19.069935 #14962]  INFO -- : Started GET "/items/8" for 91.201.244.150 at 2015-02-27 11:08:19 +0000
I, [2015-02-27T11:08:19.084553 #14962]  INFO -- : Processing by ItemsController#show as HTML
I, [2015-02-27T11:08:19.084768 #14962]  INFO -- :   Parameters: {"id"=>"8"}
I, [2015-02-27T11:08:19.103837 #14962]  INFO -- :   Rendered items/show.html.erb within layouts/application (4.9ms)
I, [2015-02-27T11:08:19.119133 #14962]  INFO -- : Completed 200 OK in 34ms (Views: 23.6ms | ActiveRecord: 0.8ms)
I, [2015-02-27T11:08:26.312821 #14965]  INFO -- : Started GET "/" for 91.201.244.150 at 2015-02-27 11:08:26 +0000
I, [2015-02-27T11:08:26.329846 #14965]  INFO -- : Processing by HomeController#index as HTML
I, [2015-02-27T11:08:26.341613 #14965]  INFO -- :   Rendered home/index.html.erb within layouts/application (2.0ms)
I, [2015-02-27T11:08:26.351118 #14965]  INFO -- : Completed 200 OK in 21ms (Views: 17.3ms | ActiveRecord: 0.0ms)
I, [2015-02-27T11:08:28.464507 #14962]  INFO -- : Started GET "/items" for 91.201.244.150 at 2015-02-27 11:08:28 +0000
I, [2015-02-27T11:08:28.471760 #14962]  INFO -- : Processing by ItemsController#index as HTML
I, [2015-02-27T11:08:28.512230 #14962]  INFO -- :   Rendered items/index.html.erb within layouts/application (34.5ms)
I, [2015-02-27T11:08:28.531027 #14962]  INFO -- : Completed 200 OK in 59ms (Views: 56.0ms | ActiveRecord: 1.2ms)
I, [2015-02-27T11:08:30.823920 #14965]  INFO -- : Started GET "/items/1" for 91.201.244.150 at 2015-02-27 11:08:30 +0000
I, [2015-02-27T11:08:30.830328 #14965]  INFO -- : Processing by ItemsController#show as HTML
I, [2015-02-27T11:08:30.830530 #14965]  INFO -- :   Parameters: {"id"=>"1"}
I, [2015-02-27T11:08:30.850067 #14965]  INFO -- :   Rendered items/show.html.erb within layouts/application (4.5ms)
I, [2015-02-27T11:08:30.864193 #14965]  INFO -- : Completed 200 OK in 33ms (Views: 21.6ms | ActiveRecord: 3.6ms)
I, [2015-02-27T11:10:09.517127 #14962]  INFO -- : Started GET "/items" for 91.201.244.150 at 2015-02-27 11:10:09 +0000
I, [2015-02-27T11:10:09.569952 #14962]  INFO -- : Processing by ItemsController#index as HTML
I, [2015-02-27T11:10:09.668384 #14962]  INFO -- :   Rendered items/index.html.erb within layouts/application (79.1ms)
I, [2015-02-27T11:10:09.677709 #14962]  INFO -- : Completed 200 OK in 107ms (Views: 86.8ms | ActiveRecord: 5.2ms)
I, [2015-02-27T11:10:18.773261 #14956]  INFO -- : Started GET "/items/8" for 91.201.244.150 at 2015-02-27 11:10:18 +0000
I, [2015-02-27T11:10:18.815001 #14956]  INFO -- : Processing by ItemsController#show as HTML
I, [2015-02-27T11:10:18.815257 #14956]  INFO -- :   Parameters: {"id"=>"8"}
I, [2015-02-27T11:10:18.886210 #14956]  INFO -- :   Rendered items/show.html.erb within layouts/application (3.2ms)
I, [2015-02-27T11:10:18.893715 #14956]  INFO -- : Completed 200 OK in 78ms (Views: 13.7ms | ActiveRecord: 4.6ms)
I, [2015-02-27T11:10:25.435445 #14959]  INFO -- : Started GET "/items/8/destroy" for 91.201.244.150 at 2015-02-27 11:10:25 +0000
F, [2015-02-27T11:10:25.470812 #14959] FATAL -- : 
ActionController::RoutingError (No route matches [GET] "/items/8/destroy"):
  actionpack (4.0.2) lib/action_dispatch/middleware/debug_exceptions.rb:21:in `call'
  actionpack (4.0.2) lib/action_dispatch/middleware/show_exceptions.rb:30:in `call'
  railties (4.0.2) lib/rails/rack/logger.rb:38:in `call_app'
  railties (4.0.2) lib/rails/rack/logger.rb:20:in `block in call'
  activesupport (4.0.2) lib/active_support/tagged_logging.rb:67:in `block in tagged'
  activesupport (4.0.2) lib/active_support/tagged_logging.rb:25:in `tagged'
  activesupport (4.0.2) lib/active_support/tagged_logging.rb:67:in `tagged'
  railties (4.0.2) lib/rails/rack/logger.rb:20:in `call'
  actionpack (4.0.2) lib/action_dispatch/middleware/request_id.rb:21:in `call'
  rack (1.5.2) lib/rack/methodoverride.rb:21:in `call'
  rack (1.5.2) lib/rack/runtime.rb:17:in `call'
  activesupport (4.0.2) lib/active_support/cache/strategy/local_cache.rb:83:in `call'
  rack (1.5.2) lib/rack/lock.rb:17:in `call'
  rack (1.5.2) lib/rack/sendfile.rb:112:in `call'
  railties (4.0.2) lib/rails/engine.rb:511:in `call'
  railties (4.0.2) lib/rails/application.rb:97:in `call'
  unicorn (4.8.3) lib/unicorn/http_server.rb:576:in `process_client'
  unicorn (4.8.3) lib/unicorn/http_server.rb:670:in `worker_loop'
  unicorn (4.8.3) lib/unicorn/http_server.rb:525:in `spawn_missing_workers'
  unicorn (4.8.3) lib/unicorn/http_server.rb:140:in `start'
  unicorn (4.8.3) bin/unicorn:126:in `<top (required)>'
  /usr/local/rvm/gems/ruby-2.1.3/bin/unicorn:23:in `load'
  /usr/local/rvm/gems/ruby-2.1.3/bin/unicorn:23:in `<main>'
  /usr/local/rvm/gems/ruby-2.0.0-p353/bin/ruby_executable_hooks:15:in `eval'
  /usr/local/rvm/gems/ruby-2.0.0-p353/bin/ruby_executable_hooks:15:in `<main>'


I, [2015-02-27T11:10:29.604536 #14956]  INFO -- : Started GET "/items/" for 91.201.244.150 at 2015-02-27 11:10:29 +0000
I, [2015-02-27T11:10:29.620280 #14956]  INFO -- : Processing by ItemsController#index as HTML
I, [2015-02-27T11:10:29.663613 #14956]  INFO -- :   Rendered items/index.html.erb within layouts/application (35.6ms)
I, [2015-02-27T11:10:29.669869 #14956]  INFO -- : Completed 200 OK in 49ms (Views: 43.5ms | ActiveRecord: 0.9ms)
I, [2015-02-27T11:10:30.169599 #14959]  INFO -- : Started GET "/items/css/items_index.css" for 91.201.244.150 at 2015-02-27 11:10:30 +0000
F, [2015-02-27T11:10:30.175995 #14959] FATAL -- : 
ActionController::RoutingError (No route matches [GET] "/items/css/items_index.css"):
  actionpack (4.0.2) lib/action_dispatch/middleware/debug_exceptions.rb:21:in `call'
  actionpack (4.0.2) lib/action_dispatch/middleware/show_exceptions.rb:30:in `call'
  railties (4.0.2) lib/rails/rack/logger.rb:38:in `call_app'
  railties (4.0.2) lib/rails/rack/logger.rb:20:in `block in call'
  activesupport (4.0.2) lib/active_support/tagged_logging.rb:67:in `block in tagged'
  activesupport (4.0.2) lib/active_support/tagged_logging.rb:25:in `tagged'
  activesupport (4.0.2) lib/active_support/tagged_logging.rb:67:in `tagged'
  railties (4.0.2) lib/rails/rack/logger.rb:20:in `call'
  actionpack (4.0.2) lib/action_dispatch/middleware/request_id.rb:21:in `call'
  rack (1.5.2) lib/rack/methodoverride.rb:21:in `call'
  rack (1.5.2) lib/rack/runtime.rb:17:in `call'
  activesupport (4.0.2) lib/active_support/cache/strategy/local_cache.rb:83:in `call'
  rack (1.5.2) lib/rack/lock.rb:17:in `call'
  rack (1.5.2) lib/rack/sendfile.rb:112:in `call'
  railties (4.0.2) lib/rails/engine.rb:511:in `call'
  railties (4.0.2) lib/rails/application.rb:97:in `call'
  unicorn (4.8.3) lib/unicorn/http_server.rb:576:in `process_client'
  unicorn (4.8.3) lib/unicorn/http_server.rb:670:in `worker_loop'
  unicorn (4.8.3) lib/unicorn/http_server.rb:525:in `spawn_missing_workers'
  unicorn (4.8.3) lib/unicorn/http_server.rb:140:in `start'
  unicorn (4.8.3) bin/unicorn:126:in `<top (required)>'
  /usr/local/rvm/gems/ruby-2.1.3/bin/unicorn:23:in `load'
  /usr/local/rvm/gems/ruby-2.1.3/bin/unicorn:23:in `<main>'
  /usr/local/rvm/gems/ruby-2.0.0-p353/bin/ruby_executable_hooks:15:in `eval'
  /usr/local/rvm/gems/ruby-2.0.0-p353/bin/ruby_executable_hooks:15:in `<main>'


I, [2015-02-27T11:10:37.165681 #14956]  INFO -- : Started GET "/items/8" for 91.201.244.150 at 2015-02-27 11:10:37 +0000
I, [2015-02-27T11:10:37.175409 #14956]  INFO -- : Processing by ItemsController#show as HTML
I, [2015-02-27T11:10:37.175797 #14956]  INFO -- :   Parameters: {"id"=>"8"}
I, [2015-02-27T11:10:37.190210 #14956]  INFO -- :   Rendered items/show.html.erb within layouts/application (3.4ms)
I, [2015-02-27T11:10:37.210265 #14956]  INFO -- : Completed 200 OK in 34ms (Views: 27.3ms | ActiveRecord: 1.2ms)
I, [2015-02-27T11:10:41.236450 #14965]  INFO -- : Started GET "/items/8/edit" for 91.201.244.150 at 2015-02-27 11:10:41 +0000
I, [2015-02-27T11:10:41.329910 #14965]  INFO -- : Processing by ItemsController#edit as HTML
I, [2015-02-27T11:10:41.330119 #14965]  INFO -- :   Parameters: {"id"=>"8"}
I, [2015-02-27T11:10:41.421554 #14965]  INFO -- :   Rendered items/edit.html.erb within layouts/application (16.4ms)
I, [2015-02-27T11:10:41.435406 #14965]  INFO -- : Completed 200 OK in 105ms (Views: 34.4ms | ActiveRecord: 4.6ms)
I, [2015-02-27T11:10:48.540920 #14962]  INFO -- : Started PATCH "/items/1" for 91.201.244.150 at 2015-02-27 11:10:48 +0000
I, [2015-02-27T11:10:48.556992 #14962]  INFO -- : Processing by ItemsController#update as HTML
I, [2015-02-27T11:10:48.557396 #14962]  INFO -- :   Parameters: {"utf8"=>"✓", "authenticity_token"=>"0nNdKWOfpAkoD+6R2tdcuEMMQ8X7kB9xsUDQHWvBhhs=", "item"=>{"name"=>"First Item", "price"=>"200.5", "weigth"=>"50.55", "i_photo"=>#<ActionDispatch::Http::UploadedFile:0x00000005ff9678 @tempfile=#<Tempfile:/tmp/RackMultipart20150227-14962-1dd2azp>, @original_filename="jeff_powell_1314039574_47.png", @content_type="image/png", @headers="Content-Disposition: form-data; name=\"item[i_photo]\"; filename=\"jeff_powell_1314039574_47.png\"\r\nContent-Type: image/png\r\n">, "real"=>"1", "short_desc"=>"Lorem ipsum dolor sit amet, consectetur adipiscing elit. Phasellus egestas posuere lectus quis iaculis. Nulla vel augue sed diam consectetur suscipit vitae nec odio", "description"=>"Lorem ipsum dolor sit amet, consectetur adipiscing elit. Phasellus egestas posuere lectus quis iaculis. Nulla vel augue sed diam consectetur suscipit vitae nec odio. Donec nec justo interdum, posuere leo quis, efficitur magna. Maecenas dapibus nisl et diam bibendum molestie et at eros. Aliquam fringilla libero tortor, et bibendum nisl volutpat id. Aenean pretium libero vitae finibus gravida. Praesent fringilla rutrum tortor eu finibus. Sed interdum et erat et ultricies. Mauris quis aliquet orci. Lorem ipsum dolor sit amet, consectetur adipiscing elit. Etiam nec ligula fermentum, blandit libero ac, pharetra dui. Mauris lacinia fermentum feugiat. Donec tempus vitae nibh quis hendrerit. Ut luctus, urna in venenatis facilisis, augue dolor tincidunt diam, ac viverra neque nisl sit amet leo. Interdum et malesuada fames ac ante ipsum primis in faucibus. Sed pulvinar bibendum mauris, vel molestie enim pulvinar quis."}, "commit"=>"Создать", "id"=>"1"}
I, [2015-02-27T11:10:48.615995 #14962]  INFO -- : Command :: file -b --mime '/tmp/1b96d33b22a9c953a85168c89a153b2d20150227-14962-ltgt3n.png'
I, [2015-02-27T11:10:48.702279 #14962]  INFO -- : Completed 500 Internal Server Error in 145ms
F, [2015-02-27T11:10:48.705672 #14962] FATAL -- : 
Errno::ENOMEM (Cannot allocate memory - file -b --mime '/tmp/1b96d33b22a9c953a85168c89a153b2d20150227-14962-ltgt3n.png'):
  app/controllers/items_controller.rb:34:in `update'


I, [2015-02-27T11:10:52.396953 #14965]  INFO -- : Started GET "/items/" for 91.201.244.150 at 2015-02-27 11:10:52 +0000
I, [2015-02-27T11:10:52.405487 #14965]  INFO -- : Processing by ItemsController#index as HTML
I, [2015-02-27T11:10:52.472402 #14965]  INFO -- :   Rendered items/index.html.erb within layouts/application (62.6ms)
I, [2015-02-27T11:10:52.481937 #14965]  INFO -- : Completed 200 OK in 76ms (Views: 73.6ms | ActiveRecord: 0.8ms)
I, [2015-02-27T11:10:52.975040 #14962]  INFO -- : Started GET "/items/css/items_index.css" for 91.201.244.150 at 2015-02-27 11:10:52 +0000
F, [2015-02-27T11:10:52.984304 #14962] FATAL -- : 
ActionController::RoutingError (No route matches [GET] "/items/css/items_index.css"):
  actionpack (4.0.2) lib/action_dispatch/middleware/debug_exceptions.rb:21:in `call'
  actionpack (4.0.2) lib/action_dispatch/middleware/show_exceptions.rb:30:in `call'
  railties (4.0.2) lib/rails/rack/logger.rb:38:in `call_app'
  railties (4.0.2) lib/rails/rack/logger.rb:20:in `block in call'
  activesupport (4.0.2) lib/active_support/tagged_logging.rb:67:in `block in tagged'
  activesupport (4.0.2) lib/active_support/tagged_logging.rb:25:in `tagged'
  activesupport (4.0.2) lib/active_support/tagged_logging.rb:67:in `tagged'
  railties (4.0.2) lib/rails/rack/logger.rb:20:in `call'
  actionpack (4.0.2) lib/action_dispatch/middleware/request_id.rb:21:in `call'
  rack (1.5.2) lib/rack/methodoverride.rb:21:in `call'
  rack (1.5.2) lib/rack/runtime.rb:17:in `call'
  activesupport (4.0.2) lib/active_support/cache/strategy/local_cache.rb:83:in `call'
  rack (1.5.2) lib/rack/lock.rb:17:in `call'
  rack (1.5.2) lib/rack/sendfile.rb:112:in `call'
  railties (4.0.2) lib/rails/engine.rb:511:in `call'
  railties (4.0.2) lib/rails/application.rb:97:in `call'
  unicorn (4.8.3) lib/unicorn/http_server.rb:576:in `process_client'
  unicorn (4.8.3) lib/unicorn/http_server.rb:670:in `worker_loop'
  unicorn (4.8.3) lib/unicorn/http_server.rb:525:in `spawn_missing_workers'
  unicorn (4.8.3) lib/unicorn/http_server.rb:140:in `start'
  unicorn (4.8.3) bin/unicorn:126:in `<top (required)>'
  /usr/local/rvm/gems/ruby-2.1.3/bin/unicorn:23:in `load'
  /usr/local/rvm/gems/ruby-2.1.3/bin/unicorn:23:in `<main>'
  /usr/local/rvm/gems/ruby-2.0.0-p353/bin/ruby_executable_hooks:15:in `eval'
  /usr/local/rvm/gems/ruby-2.0.0-p353/bin/ruby_executable_hooks:15:in `<main>'


I, [2015-02-27T11:11:29.530073 #14965]  INFO -- : Started GET "/items/8" for 91.201.244.150 at 2015-02-27 11:11:29 +0000
I, [2015-02-27T11:11:29.615204 #14965]  INFO -- : Processing by ItemsController#show as HTML
I, [2015-02-27T11:11:29.615435 #14965]  INFO -- :   Parameters: {"id"=>"8"}
I, [2015-02-27T11:11:29.730335 #14965]  INFO -- :   Rendered items/show.html.erb within layouts/application (5.9ms)
I, [2015-02-27T11:11:29.758200 #14965]  INFO -- : Completed 200 OK in 142ms (Views: 37.0ms | ActiveRecord: 7.6ms)
I, [2015-02-27T11:11:33.366837 #14962]  INFO -- : Started GET "/items/8/edit" for 91.201.244.150 at 2015-02-27 11:11:33 +0000
I, [2015-02-27T11:11:33.401516 #14962]  INFO -- : Processing by ItemsController#edit as HTML
I, [2015-02-27T11:11:33.401651 #14962]  INFO -- :   Parameters: {"id"=>"8"}
I, [2015-02-27T11:11:33.446137 #14962]  INFO -- :   Rendered items/edit.html.erb within layouts/application (6.6ms)
I, [2015-02-27T11:11:33.451914 #14962]  INFO -- : Completed 200 OK in 50ms (Views: 14.2ms | ActiveRecord: 3.0ms)
I, [2015-02-27T11:11:39.640938 #14959]  INFO -- : Started GET "/items/8/edit" for 91.201.244.150 at 2015-02-27 11:11:39 +0000
I, [2015-02-27T11:11:39.673384 #14959]  INFO -- : Processing by ItemsController#edit as HTML
I, [2015-02-27T11:11:39.673516 #14959]  INFO -- :   Parameters: {"id"=>"8"}
I, [2015-02-27T11:11:39.723462 #14959]  INFO -- :   Rendered items/edit.html.erb within layouts/application (9.3ms)
I, [2015-02-27T11:11:39.729910 #14959]  INFO -- : Completed 200 OK in 56ms (Views: 18.2ms | ActiveRecord: 2.5ms)
I, [2015-02-27T11:11:56.140733 #14956]  INFO -- : Started GET "/items/8/edit" for 91.201.244.150 at 2015-02-27 11:11:56 +0000
I, [2015-02-27T11:11:56.174333 #14956]  INFO -- : Processing by ItemsController#edit as HTML
I, [2015-02-27T11:11:56.174465 #14956]  INFO -- :   Parameters: {"id"=>"8"}
I, [2015-02-27T11:11:56.181009 #14956]  INFO -- :   Rendered items/edit.html.erb within layouts/application (2.5ms)
I, [2015-02-27T11:11:56.181315 #14956]  INFO -- : Completed 500 Internal Server Error in 7ms
F, [2015-02-27T11:11:56.183603 #14956] FATAL -- : 
ActionView::Template::Error (First argument in form cannot contain nil or be empty):
    1: <%= form_for @i do |f| %>
    2:  <%= f.label "Имя" %>:
    3:   <p><%= f.text_field :name %></p><br />
    4:  <%= f.label "Цена" %>:
  app/views/items/edit.html.erb:1:in `_app_views_items_edit_html_erb___3062670873876268819_47123640'


I, [2015-02-27T11:12:00.448451 #14959]  INFO -- : Started GET "/items/" for 91.201.244.150 at 2015-02-27 11:12:00 +0000
I, [2015-02-27T11:12:00.501071 #14959]  INFO -- : Processing by ItemsController#index as HTML
I, [2015-02-27T11:12:00.691294 #14959]  INFO -- :   Rendered items/index.html.erb within layouts/application (171.7ms)
I, [2015-02-27T11:12:00.701543 #14959]  INFO -- : Completed 200 OK in 200ms (Views: 177.6ms | ActiveRecord: 8.0ms)
I, [2015-02-27T11:12:01.259223 #14965]  INFO -- : Started GET "/items/css/items_index.css" for 91.201.244.150 at 2015-02-27 11:12:01 +0000
F, [2015-02-27T11:12:01.342533 #14965] FATAL -- : 
ActionController::RoutingError (No route matches [GET] "/items/css/items_index.css"):
  actionpack (4.0.2) lib/action_dispatch/middleware/debug_exceptions.rb:21:in `call'
  actionpack (4.0.2) lib/action_dispatch/middleware/show_exceptions.rb:30:in `call'
  railties (4.0.2) lib/rails/rack/logger.rb:38:in `call_app'
  railties (4.0.2) lib/rails/rack/logger.rb:20:in `block in call'
  activesupport (4.0.2) lib/active_support/tagged_logging.rb:67:in `block in tagged'
  activesupport (4.0.2) lib/active_support/tagged_logging.rb:25:in `tagged'
  activesupport (4.0.2) lib/active_support/tagged_logging.rb:67:in `tagged'
  railties (4.0.2) lib/rails/rack/logger.rb:20:in `call'
  actionpack (4.0.2) lib/action_dispatch/middleware/request_id.rb:21:in `call'
  rack (1.5.2) lib/rack/methodoverride.rb:21:in `call'
  rack (1.5.2) lib/rack/runtime.rb:17:in `call'
  activesupport (4.0.2) lib/active_support/cache/strategy/local_cache.rb:83:in `call'
  rack (1.5.2) lib/rack/lock.rb:17:in `call'
  rack (1.5.2) lib/rack/sendfile.rb:112:in `call'
  railties (4.0.2) lib/rails/engine.rb:511:in `call'
  railties (4.0.2) lib/rails/application.rb:97:in `call'
  unicorn (4.8.3) lib/unicorn/http_server.rb:576:in `process_client'
  unicorn (4.8.3) lib/unicorn/http_server.rb:670:in `worker_loop'
  unicorn (4.8.3) lib/unicorn/http_server.rb:525:in `spawn_missing_workers'
  unicorn (4.8.3) lib/unicorn/http_server.rb:140:in `start'
  unicorn (4.8.3) bin/unicorn:126:in `<top (required)>'
  /usr/local/rvm/gems/ruby-2.1.3/bin/unicorn:23:in `load'
  /usr/local/rvm/gems/ruby-2.1.3/bin/unicorn:23:in `<main>'
  /usr/local/rvm/gems/ruby-2.0.0-p353/bin/ruby_executable_hooks:15:in `eval'
  /usr/local/rvm/gems/ruby-2.0.0-p353/bin/ruby_executable_hooks:15:in `<main>'


I, [2015-02-27T11:12:47.164620 #14956]  INFO -- : Started GET "/items/1" for 91.201.244.150 at 2015-02-27 11:12:47 +0000
I, [2015-02-27T11:12:47.193069 #14956]  INFO -- : Processing by ItemsController#show as HTML
I, [2015-02-27T11:12:47.193236 #14956]  INFO -- :   Parameters: {"id"=>"1"}
