I, [2015-02-26T07:47:12.051946 #13425]  INFO -- : Processing by ItemsController#show as HTML
I, [2015-02-26T07:47:12.052146 #13425]  INFO -- :   Parameters: {"id"=>"1"}
I, [2015-02-26T07:47:12.076188 #13425]  INFO -- :   Rendered items/show.html.erb within layouts/application (1.8ms)
I, [2015-02-26T07:47:12.084522 #13425]  INFO -- : Completed 200 OK in 32ms (Views: 12.3ms | ActiveRecord: 0.5ms)
I, [2015-02-26T07:49:13.449578 #13422]  INFO -- : Started GET "/" for 91.201.244.150 at 2015-02-26 07:49:13 +0000
I, [2015-02-26T07:49:13.457888 #13422]  INFO -- : Processing by HomeController#index as HTML
I, [2015-02-26T07:49:13.463410 #13422]  INFO -- :   Rendered home/index.html.erb within layouts/application (0.7ms)
I, [2015-02-26T07:49:13.473265 #13422]  INFO -- : Completed 200 OK in 15ms (Views: 13.3ms | ActiveRecord: 0.0ms)
I, [2015-02-26T07:53:08.622823 #13425]  INFO -- : Started GET "/" for 220.181.108.78 at 2015-02-26 07:53:08 +0000
I, [2015-02-26T07:53:08.631197 #13425]  INFO -- : Processing by HomeController#index as */*
I, [2015-02-26T07:53:08.637677 #13425]  INFO -- :   Rendered home/index.html.erb within layouts/application (0.4ms)
I, [2015-02-26T07:53:08.647612 #13425]  INFO -- : Completed 200 OK in 16ms (Views: 14.9ms | ActiveRecord: 0.0ms)
I, [2015-02-26T07:53:08.713886 #13419]  INFO -- : Started GET "/" for 123.125.71.99 at 2015-02-26 07:53:08 +0000
I, [2015-02-26T07:53:08.721142 #13419]  INFO -- : Processing by HomeController#index as */*
I, [2015-02-26T07:53:08.727979 #13419]  INFO -- :   Rendered home/index.html.erb within layouts/application (0.4ms)
I, [2015-02-26T07:53:08.740084 #13419]  INFO -- : Completed 200 OK in 19ms (Views: 17.4ms | ActiveRecord: 0.0ms)
I, [2015-02-26T07:53:09.378964 #13425]  INFO -- : Started GET "/" for 123.125.71.96 at 2015-02-26 07:53:09 +0000
I, [2015-02-26T07:53:09.381916 #13425]  INFO -- : Processing by HomeController#index as */*
I, [2015-02-26T07:53:09.386927 #13425]  INFO -- :   Rendered home/index.html.erb within layouts/application (0.2ms)
I, [2015-02-26T07:53:09.394627 #13425]  INFO -- : Completed 200 OK in 13ms (Views: 11.4ms | ActiveRecord: 0.0ms)
I, [2015-02-26T07:53:09.409212 #13419]  INFO -- : Started GET "/" for 220.181.108.89 at 2015-02-26 07:53:09 +0000
I, [2015-02-26T07:53:09.411189 #13419]  INFO -- : Processing by HomeController#index as */*
I, [2015-02-26T07:53:09.414796 #13419]  INFO -- :   Rendered home/index.html.erb within layouts/application (0.1ms)
I, [2015-02-26T07:53:09.422811 #13419]  INFO -- : Completed 200 OK in 11ms (Views: 10.6ms | ActiveRecord: 0.0ms)
I, [2015-02-26T08:02:39.248674 #13419]  INFO -- : Started GET "/" for 91.201.244.150 at 2015-02-26 08:02:39 +0000
I, [2015-02-26T08:02:39.255229 #13419]  INFO -- : Processing by HomeController#index as HTML
I, [2015-02-26T08:02:39.259974 #13419]  INFO -- :   Rendered home/index.html.erb within layouts/application (0.3ms)
I, [2015-02-26T08:02:39.268443 #13419]  INFO -- : Completed 200 OK in 13ms (Views: 11.1ms | ActiveRecord: 0.0ms)
I, [2015-02-26T08:03:20.608890 #13428]  INFO -- : Started GET "/" for 91.201.244.150 at 2015-02-26 08:03:20 +0000
I, [2015-02-26T08:03:20.623597 #13428]  INFO -- : Processing by HomeController#index as HTML
I, [2015-02-26T08:03:20.635598 #13428]  INFO -- :   Rendered home/index.html.erb within layouts/application (0.9ms)
I, [2015-02-26T08:03:20.656564 #13428]  INFO -- : Completed 200 OK in 32ms (Views: 28.9ms | ActiveRecord: 0.0ms)
I, [2015-02-26T08:03:25.286098 #13422]  INFO -- : Started GET "/" for 91.201.244.150 at 2015-02-26 08:03:25 +0000
I, [2015-02-26T08:03:25.292641 #13422]  INFO -- : Processing by HomeController#index as HTML
I, [2015-02-26T08:03:25.298787 #13422]  INFO -- :   Rendered home/index.html.erb within layouts/application (1.9ms)
I, [2015-02-26T08:03:25.306984 #13422]  INFO -- : Completed 200 OK in 14ms (Views: 12.4ms | ActiveRecord: 0.0ms)
I, [2015-02-26T08:03:58.121468 #13425]  INFO -- : Started GET "/" for 91.201.244.150 at 2015-02-26 08:03:58 +0000
I, [2015-02-26T08:03:58.133078 #13425]  INFO -- : Processing by HomeController#index as HTML
I, [2015-02-26T08:03:58.144671 #13425]  INFO -- :   Rendered home/index.html.erb within layouts/application (3.6ms)
I, [2015-02-26T08:03:58.159645 #13425]  INFO -- : Completed 200 OK in 26ms (Views: 23.0ms | ActiveRecord: 0.0ms)
I, [2015-02-26T08:04:12.837599 #13422]  INFO -- : Started GET "/" for 91.201.244.150 at 2015-02-26 08:04:12 +0000
I, [2015-02-26T08:04:12.844990 #13422]  INFO -- : Processing by HomeController#index as HTML
I, [2015-02-26T08:04:12.851461 #13422]  INFO -- :   Rendered home/index.html.erb within layouts/application (1.6ms)
I, [2015-02-26T08:04:12.862459 #13422]  INFO -- : Completed 200 OK in 17ms (Views: 15.1ms | ActiveRecord: 0.0ms)
I, [2015-02-26T08:04:15.243627 #13419]  INFO -- : Started GET "/" for 91.201.244.150 at 2015-02-26 08:04:15 +0000
I, [2015-02-26T08:04:15.250559 #13419]  INFO -- : Processing by HomeController#index as HTML
I, [2015-02-26T08:04:15.257884 #13419]  INFO -- :   Rendered home/index.html.erb within layouts/application (2.0ms)
I, [2015-02-26T08:04:15.268049 #13419]  INFO -- : Completed 200 OK in 17ms (Views: 15.0ms | ActiveRecord: 0.0ms)
I, [2015-02-26T08:04:29.101771 #13422]  INFO -- : Started GET "/" for 91.201.244.150 at 2015-02-26 08:04:29 +0000
I, [2015-02-26T08:04:29.105312 #13422]  INFO -- : Processing by HomeController#index as HTML
I, [2015-02-26T08:04:29.111043 #13422]  INFO -- :   Rendered home/index.html.erb within layouts/application (1.3ms)
I, [2015-02-26T08:04:29.125565 #13422]  INFO -- : Completed 200 OK in 20ms (Views: 18.6ms | ActiveRecord: 0.0ms)
I, [2015-02-26T08:04:57.614428 #13425]  INFO -- : Started GET "/" for 91.201.244.150 at 2015-02-26 08:04:57 +0000
I, [2015-02-26T08:04:57.617643 #13425]  INFO -- : Processing by HomeController#index as HTML
I, [2015-02-26T08:04:57.621392 #13425]  INFO -- :   Rendered home/index.html.erb within layouts/application (1.0ms)
I, [2015-02-26T08:04:57.629487 #13425]  INFO -- : Completed 200 OK in 12ms (Views: 10.7ms | ActiveRecord: 0.0ms)
I, [2015-02-26T08:05:03.038578 #13428]  INFO -- : Started GET "/" for 91.201.244.150 at 2015-02-26 08:05:03 +0000
I, [2015-02-26T08:05:03.047163 #13428]  INFO -- : Processing by HomeController#index as HTML
I, [2015-02-26T08:05:03.056952 #13428]  INFO -- :   Rendered home/index.html.erb within layouts/application (4.4ms)
I, [2015-02-26T08:05:03.211966 #13428]  INFO -- : Completed 200 OK in 164ms (Views: 162.4ms | ActiveRecord: 0.0ms)
I, [2015-02-26T08:06:12.807963 #13419]  INFO -- : Started GET "/" for 91.201.244.150 at 2015-02-26 08:06:12 +0000
I, [2015-02-26T08:06:12.821720 #13419]  INFO -- : Processing by HomeController#index as HTML
I, [2015-02-26T08:06:12.833316 #13419]  INFO -- :   Rendered home/index.html.erb within layouts/application (2.8ms)
I, [2015-02-26T08:06:12.849230 #13419]  INFO -- : Completed 200 OK in 27ms (Views: 23.5ms | ActiveRecord: 0.0ms)
I, [2015-02-26T08:10:29.106222 #13428]  INFO -- : Started GET "/" for 91.201.244.150 at 2015-02-26 08:10:29 +0000
F, [2015-02-26T08:10:29.209144 #13428] FATAL -- : 
ActionController::RoutingError (uninitialized constant ApplicationController::Xebec):
  app/controllers/application_controller.rb:5:in `<class:ApplicationController>'
  app/controllers/application_controller.rb:1:in `<top (required)>'
  app/controllers/home_controller.rb:1:in `<top (required)>'


I, [2015-02-26T08:10:33.796393 #13425]  INFO -- : Started GET "/" for 91.201.244.150 at 2015-02-26 08:10:33 +0000
F, [2015-02-26T08:10:33.852605 #13425] FATAL -- : 
ActionController::RoutingError (uninitialized constant ApplicationController::Xebec):
  app/controllers/application_controller.rb:5:in `<class:ApplicationController>'
  app/controllers/application_controller.rb:1:in `<top (required)>'
  app/controllers/home_controller.rb:1:in `<top (required)>'


I, [2015-02-26T08:10:42.434314 #13422]  INFO -- : Started GET "/" for 91.201.244.150 at 2015-02-26 08:10:42 +0000
F, [2015-02-26T08:10:42.502852 #13422] FATAL -- : 
ActionController::RoutingError (uninitialized constant ApplicationController::Xebec):
  app/controllers/application_controller.rb:5:in `<class:ApplicationController>'
  app/controllers/application_controller.rb:1:in `<top (required)>'
  app/controllers/home_controller.rb:1:in `<top (required)>'


I, [2015-02-26T08:10:45.257191 #13425]  INFO -- : Started GET "/" for 91.201.244.150 at 2015-02-26 08:10:45 +0000
F, [2015-02-26T08:10:45.263496 #13425] FATAL -- : 
ActionController::RoutingError (uninitialized constant ApplicationController::Xebec):
  app/controllers/application_controller.rb:5:in `<class:ApplicationController>'
  app/controllers/application_controller.rb:1:in `<top (required)>'
  app/controllers/home_controller.rb:1:in `<top (required)>'


I, [2015-02-26T08:10:56.098744 #13419]  INFO -- : Started GET "/" for 91.201.244.150 at 2015-02-26 08:10:56 +0000
I, [2015-02-26T08:10:56.133205 #13419]  INFO -- : Processing by HomeController#index as HTML
I, [2015-02-26T08:10:56.138847 #13419]  INFO -- :   Rendered home/index.html.erb within layouts/application (0.3ms)
I, [2015-02-26T08:10:56.151855 #13419]  INFO -- : Completed 200 OK in 18ms (Views: 16.2ms | ActiveRecord: 0.0ms)
I, [2015-02-26T08:13:55.015756 #13425]  INFO -- : Started GET "/" for 91.201.244.150 at 2015-02-26 08:13:55 +0000
F, [2015-02-26T08:13:55.046435 #13425] FATAL -- : 
ActionController::RoutingError (uninitialized constant ApplicationController::Xebec):
  app/controllers/application_controller.rb:5:in `<class:ApplicationController>'
  app/controllers/application_controller.rb:1:in `<top (required)>'
  app/controllers/home_controller.rb:1:in `<top (required)>'


I, [2015-02-26T08:14:07.077304 #13422]  INFO -- : Started GET "/items" for 91.201.244.150 at 2015-02-26 08:14:07 +0000
F, [2015-02-26T08:14:07.106681 #13422] FATAL -- : 
ActionController::RoutingError (uninitialized constant ApplicationController::Xebec):
  app/controllers/application_controller.rb:5:in `<class:ApplicationController>'
  app/controllers/application_controller.rb:1:in `<top (required)>'
  app/controllers/items_controller.rb:1:in `<top (required)>'


I, [2015-02-26T08:14:26.510014 #13428]  INFO -- : Started GET "/items" for 91.201.244.150 at 2015-02-26 08:14:26 +0000
I, [2015-02-26T08:14:26.542012 #13428]  INFO -- : Processing by ItemsController#index as HTML
I, [2015-02-26T08:14:26.645445 #13428]  INFO -- :   Rendered items/index.html.erb within layouts/application (81.0ms)
I, [2015-02-26T08:14:26.672034 #13428]  INFO -- : Completed 200 OK in 130ms (Views: 99.4ms | ActiveRecord: 11.0ms)
I, [2015-02-26T08:25:09.981888 #13419]  INFO -- : Started GET "/items" for 91.201.244.150 at 2015-02-26 08:25:09 +0000
I, [2015-02-26T08:25:10.017064 #13419]  INFO -- : Processing by ItemsController#index as HTML
I, [2015-02-26T08:25:10.055710 #13419]  INFO -- :   Rendered items/index.html.erb within layouts/application (29.7ms)
I, [2015-02-26T08:25:10.062008 #13419]  INFO -- : Completed 200 OK in 45ms (Views: 33.1ms | ActiveRecord: 5.4ms)
I, [2015-02-26T08:25:13.893198 #13422]  INFO -- : Started GET "/items/1" for 91.201.244.150 at 2015-02-26 08:25:13 +0000
I, [2015-02-26T08:25:13.958132 #13422]  INFO -- : Processing by ItemsController#show as HTML
I, [2015-02-26T08:25:13.958452 #13422]  INFO -- :   Parameters: {"id"=>"1"}
I, [2015-02-26T08:25:14.029329 #13422]  INFO -- :   Rendered items/show.html.erb within layouts/application (1.9ms)
I, [2015-02-26T08:25:14.041625 #13422]  INFO -- : Completed 200 OK in 83ms (Views: 18.4ms | ActiveRecord: 13.1ms)
I, [2015-02-26T08:26:03.139632 #13419]  INFO -- : Started GET "/items/1" for 91.201.244.150 at 2015-02-26 08:26:03 +0000
I, [2015-02-26T08:26:03.149470 #13419]  INFO -- : Processing by ItemsController#show as HTML
I, [2015-02-26T08:26:03.149665 #13419]  INFO -- :   Parameters: {"id"=>"1"}
I, [2015-02-26T08:26:03.166347 #13419]  INFO -- :   Rendered items/show.html.erb within layouts/application (1.5ms)
I, [2015-02-26T08:26:03.175808 #13419]  INFO -- : Completed 200 OK in 26ms (Views: 13.2ms | ActiveRecord: 0.7ms)
I, [2015-02-26T08:26:06.595140 #13428]  INFO -- : Started GET "/" for 91.201.244.150 at 2015-02-26 08:26:06 +0000
I, [2015-02-26T08:26:06.620983 #13428]  INFO -- : Processing by HomeController#index as HTML
I, [2015-02-26T08:26:06.629748 #13428]  INFO -- :   Rendered home/index.html.erb within layouts/application (1.6ms)
I, [2015-02-26T08:26:06.639018 #13428]  INFO -- : Completed 200 OK in 18ms (Views: 14.6ms | ActiveRecord: 0.0ms)
I, [2015-02-26T08:27:03.409416 #13419]  INFO -- : Started GET "/" for 91.201.244.150 at 2015-02-26 08:27:03 +0000
I, [2015-02-26T08:27:03.425041 #13419]  INFO -- : Processing by HomeController#index as HTML
I, [2015-02-26T08:27:03.433577 #13419]  INFO -- :   Rendered home/index.html.erb within layouts/application (0.5ms)
I, [2015-02-26T08:27:03.450448 #13419]  INFO -- : Completed 200 OK in 25ms (Views: 21.8ms | ActiveRecord: 0.0ms)
I, [2015-02-26T08:27:07.218225 #13425]  INFO -- : Started GET "/items" for 91.201.244.150 at 2015-02-26 08:27:07 +0000
I, [2015-02-26T08:27:07.251721 #13425]  INFO -- : Processing by ItemsController#index as HTML
I, [2015-02-26T08:27:07.287188 #13425]  INFO -- :   Rendered items/index.html.erb within layouts/application (24.6ms)
I, [2015-02-26T08:27:07.296641 #13425]  INFO -- : Completed 200 OK in 45ms (Views: 33.6ms | ActiveRecord: 3.4ms)
I, [2015-02-26T08:27:13.352340 #13428]  INFO -- : Started GET "/items/1" for 91.201.244.150 at 2015-02-26 08:27:13 +0000
I, [2015-02-26T08:27:13.358941 #13428]  INFO -- : Processing by ItemsController#show as HTML
I, [2015-02-26T08:27:13.359064 #13428]  INFO -- :   Parameters: {"id"=>"1"}
I, [2015-02-26T08:27:13.376297 #13428]  INFO -- :   Rendered items/show.html.erb within layouts/application (1.3ms)
I, [2015-02-26T08:27:13.387039 #13428]  INFO -- : Completed 200 OK in 28ms (Views: 13.9ms | ActiveRecord: 0.7ms)
I, [2015-02-26T08:27:16.800050 #13425]  INFO -- : Started GET "/" for 91.201.244.150 at 2015-02-26 08:27:16 +0000
I, [2015-02-26T08:27:16.804415 #13425]  INFO -- : Processing by HomeController#index as HTML
I, [2015-02-26T08:27:16.808051 #13425]  INFO -- :   Rendered home/index.html.erb within layouts/application (0.8ms)
I, [2015-02-26T08:27:16.814601 #13425]  INFO -- : Completed 200 OK in 10ms (Views: 8.9ms | ActiveRecord: 0.0ms)
I, [2015-02-26T08:27:28.562130 #13422]  INFO -- : Started GET "/" for 91.124.79.13 at 2015-02-26 08:27:28 +0000
I, [2015-02-26T08:27:28.574297 #13422]  INFO -- : Processing by HomeController#index as HTML
I, [2015-02-26T08:27:28.580525 #13422]  INFO -- :   Rendered home/index.html.erb within layouts/application (1.5ms)
I, [2015-02-26T08:27:28.590850 #13422]  INFO -- : Completed 200 OK in 16ms (Views: 14.5ms | ActiveRecord: 0.0ms)
I, [2015-02-26T08:27:41.302760 #13425]  INFO -- : Started GET "/items" for 91.124.79.13 at 2015-02-26 08:27:41 +0000
I, [2015-02-26T08:27:41.308779 #13425]  INFO -- : Processing by ItemsController#index as HTML
I, [2015-02-26T08:27:41.314737 #13425]  INFO -- :   Rendered items/index.html.erb within layouts/application (2.2ms)
I, [2015-02-26T08:27:41.322985 #13425]  INFO -- : Completed 200 OK in 14ms (Views: 12.1ms | ActiveRecord: 0.4ms)
I, [2015-02-26T08:27:43.665362 #13419]  INFO -- : Started GET "/items/1" for 91.124.79.13 at 2015-02-26 08:27:43 +0000
I, [2015-02-26T08:27:43.672000 #13419]  INFO -- : Processing by ItemsController#show as HTML
I, [2015-02-26T08:27:43.672152 #13419]  INFO -- :   Parameters: {"id"=>"1"}
I, [2015-02-26T08:27:43.680961 #13419]  INFO -- :   Rendered items/show.html.erb within layouts/application (0.6ms)
I, [2015-02-26T08:27:43.689382 #13419]  INFO -- : Completed 200 OK in 17ms (Views: 11.0ms | ActiveRecord: 0.5ms)
I, [2015-02-26T08:27:48.452024 #13428]  INFO -- : Started GET "/" for 91.124.79.13 at 2015-02-26 08:27:48 +0000
I, [2015-02-26T08:27:48.465857 #13428]  INFO -- : Processing by HomeController#index as HTML
I, [2015-02-26T08:27:48.473656 #13428]  INFO -- :   Rendered home/index.html.erb within layouts/application (0.6ms)
I, [2015-02-26T08:27:48.495218 #13428]  INFO -- : Completed 200 OK in 29ms (Views: 26.0ms | ActiveRecord: 0.0ms)
I, [2015-02-26T08:30:26.780462 #13419]  INFO -- : Started GET "/items" for 91.201.244.150 at 2015-02-26 08:30:26 +0000
I, [2015-02-26T08:30:26.796397 #13419]  INFO -- : Processing by ItemsController#index as HTML
I, [2015-02-26T08:30:26.817724 #13419]  INFO -- :   Rendered items/index.html.erb within layouts/application (10.0ms)
I, [2015-02-26T08:30:26.836415 #13419]  INFO -- : Completed 200 OK in 39ms (Views: 32.2ms | ActiveRecord: 1.5ms)
I, [2015-02-26T08:30:30.915351 #13428]  INFO -- : Started GET "/items/1" for 91.201.244.150 at 2015-02-26 08:30:30 +0000
I, [2015-02-26T08:30:30.922668 #13428]  INFO -- : Processing by ItemsController#show as HTML
I, [2015-02-26T08:30:30.922812 #13428]  INFO -- :   Parameters: {"id"=>"1"}
I, [2015-02-26T08:30:30.932425 #13428]  INFO -- :   Rendered items/show.html.erb within layouts/application (0.5ms)
I, [2015-02-26T08:30:30.941303 #13428]  INFO -- : Completed 200 OK in 18ms (Views: 11.9ms | ActiveRecord: 0.6ms)
I, [2015-02-26T08:35:30.230074 #13419]  INFO -- : Started GET "/items/1" for 91.201.244.150 at 2015-02-26 08:35:30 +0000
I, [2015-02-26T08:35:30.237716 #13419]  INFO -- : Processing by ItemsController#show as HTML
I, [2015-02-26T08:35:30.237906 #13419]  INFO -- :   Parameters: {"id"=>"1"}
I, [2015-02-26T08:35:30.247550 #13419]  INFO -- :   Rendered items/show.html.erb within layouts/application (0.7ms)
I, [2015-02-26T08:35:30.256384 #13419]  INFO -- : Completed 200 OK in 18ms (Views: 11.9ms | ActiveRecord: 0.6ms)
I, [2015-02-26T08:35:33.745865 #13422]  INFO -- : Started GET "/items" for 91.201.244.150 at 2015-02-26 08:35:33 +0000
I, [2015-02-26T08:35:33.755424 #13422]  INFO -- : Processing by ItemsController#index as HTML
I, [2015-02-26T08:35:33.766675 #13422]  INFO -- :   Rendered items/index.html.erb within layouts/application (6.3ms)
I, [2015-02-26T08:35:33.774032 #13422]  INFO -- : Completed 200 OK in 18ms (Views: 15.4ms | ActiveRecord: 0.5ms)
I, [2015-02-26T08:41:15.177786 #13428]  INFO -- : Started GET "/items" for 91.201.244.150 at 2015-02-26 08:41:15 +0000
I, [2015-02-26T08:41:15.188016 #13428]  INFO -- : Processing by ItemsController#index as HTML
I, [2015-02-26T08:41:15.200020 #13428]  INFO -- :   Rendered items/index.html.erb within layouts/application (4.5ms)
I, [2015-02-26T08:41:15.200647 #13428]  INFO -- : Completed 500 Internal Server Error in 12ms
F, [2015-02-26T08:41:15.208615 #13428] FATAL -- : 
ActionView::Template::Error (/home/rails/app/views/items/index.html.erb:32: syntax error, unexpected =>, expecting ')'
...er.append=( item.description => { :maxlength => 50 } );@outp...
...                               ^):
    29:                     <img src="http://placehold.it/800x500" alt="">
    30:                     <div class="caption">
    31:                         <h3><%= item.name %></h3>
    32:                         <p><%= item.description => { :maxlength => 50 } %></p>
    33:                         <p>
    34:                             <a href="#" class="btn btn-primary">Buy Now!</a> <a href="#" class="btn btn-default">More Info</a>
    35:                         </p>
  actionpack (4.0.2) lib/action_view/template.rb:299:in `module_eval'
  actionpack (4.0.2) lib/action_view/template.rb:299:in `compile'
  actionpack (4.0.2) lib/action_view/template.rb:248:in `block in compile!'
  actionpack (4.0.2) lib/action_view/template.rb:236:in `synchronize'
  actionpack (4.0.2) lib/action_view/template.rb:236:in `compile!'
  actionpack (4.0.2) lib/action_view/template.rb:142:in `block in render'
  activesupport (4.0.2) lib/active_support/notifications.rb:161:in `instrument'
  actionpack (4.0.2) lib/action_view/template.rb:141:in `render'
  actionpack (4.0.2) lib/action_view/renderer/template_renderer.rb:49:in `block (2 levels) in render_template'
  actionpack (4.0.2) lib/action_view/renderer/abstract_renderer.rb:38:in `block in instrument'
  activesupport (4.0.2) lib/active_support/notifications.rb:159:in `block in instrument'
  activesupport (4.0.2) lib/active_support/notifications/instrumenter.rb:20:in `instrument'
  activesupport (4.0.2) lib/active_support/notifications.rb:159:in `instrument'
  actionpack (4.0.2) lib/action_view/renderer/abstract_renderer.rb:38:in `instrument'
  actionpack (4.0.2) lib/action_view/renderer/template_renderer.rb:48:in `block in render_template'
  actionpack (4.0.2) lib/action_view/renderer/template_renderer.rb:56:in `render_with_layout'
  actionpack (4.0.2) lib/action_view/renderer/template_renderer.rb:47:in `render_template'
  actionpack (4.0.2) lib/action_view/renderer/template_renderer.rb:17:in `render'
  actionpack (4.0.2) lib/action_view/renderer/renderer.rb:42:in `render_template'
  actionpack (4.0.2) lib/action_view/renderer/renderer.rb:23:in `render'
  actionpack (4.0.2) lib/abstract_controller/rendering.rb:127:in `_render_template'
  actionpack (4.0.2) lib/action_controller/metal/streaming.rb:219:in `_render_template'
  actionpack (4.0.2) lib/abstract_controller/rendering.rb:120:in `render_to_body'
  actionpack (4.0.2) lib/action_controller/metal/rendering.rb:33:in `render_to_body'
  actionpack (4.0.2) lib/action_controller/metal/renderers.rb:26:in `render_to_body'
  actionpack (4.0.2) lib/abstract_controller/rendering.rb:97:in `render'
  actionpack (4.0.2) lib/action_controller/metal/rendering.rb:16:in `render'
  actionpack (4.0.2) lib/action_controller/metal/instrumentation.rb:41:in `block (2 levels) in render'
  activesupport (4.0.2) lib/active_support/core_ext/benchmark.rb:12:in `block in ms'
  /usr/local/rvm/rubies/ruby-2.1.3/lib/ruby/2.1.0/benchmark.rb:294:in `realtime'
  activesupport (4.0.2) lib/active_support/core_ext/benchmark.rb:12:in `ms'
  actionpack (4.0.2) lib/action_controller/metal/instrumentation.rb:41:in `block in render'
  actionpack (4.0.2) lib/action_controller/metal/instrumentation.rb:84:in `cleanup_view_runtime'
  activerecord (4.0.2) lib/active_record/railties/controller_runtime.rb:25:in `cleanup_view_runtime'
  actionpack (4.0.2) lib/action_controller/metal/instrumentation.rb:40:in `render'
  actionpack (4.0.2) lib/action_controller/metal/implicit_render.rb:10:in `default_render'
  actionpack (4.0.2) lib/action_controller/metal/implicit_render.rb:5:in `send_action'
  actionpack (4.0.2) lib/abstract_controller/base.rb:189:in `process_action'
  actionpack (4.0.2) lib/action_controller/metal/rendering.rb:10:in `process_action'
  actionpack (4.0.2) lib/abstract_controller/callbacks.rb:18:in `block in process_action'
  activesupport (4.0.2) lib/active_support/callbacks.rb:403:in `_run__3002286268229681282__process_action__callbacks'
  activesupport (4.0.2) lib/active_support/callbacks.rb:80:in `run_callbacks'
  actionpack (4.0.2) lib/abstract_controller/callbacks.rb:17:in `process_action'
  actionpack (4.0.2) lib/action_controller/metal/rescue.rb:29:in `process_action'
  actionpack (4.0.2) lib/action_controller/metal/instrumentation.rb:31:in `block in process_action'
  activesupport (4.0.2) lib/active_support/notifications.rb:159:in `block in instrument'
  activesupport (4.0.2) lib/active_support/notifications/instrumenter.rb:20:in `instrument'
  activesupport (4.0.2) lib/active_support/notifications.rb:159:in `instrument'
  actionpack (4.0.2) lib/action_controller/metal/instrumentation.rb:30:in `process_action'
  actionpack (4.0.2) lib/action_controller/metal/params_wrapper.rb:245:in `process_action'
  activerecord (4.0.2) lib/active_record/railties/controller_runtime.rb:18:in `process_action'
  actionpack (4.0.2) lib/abstract_controller/base.rb:136:in `process'
  actionpack (4.0.2) lib/abstract_controller/rendering.rb:44:in `process'
  actionpack (4.0.2) lib/action_controller/metal.rb:195:in `dispatch'
  actionpack (4.0.2) lib/action_controller/metal/rack_delegation.rb:13:in `dispatch'
  actionpack (4.0.2) lib/action_controller/metal.rb:231:in `block in action'
  actionpack (4.0.2) lib/action_dispatch/routing/route_set.rb:80:in `call'
  actionpack (4.0.2) lib/action_dispatch/routing/route_set.rb:80:in `dispatch'
  actionpack (4.0.2) lib/action_dispatch/routing/route_set.rb:48:in `call'
  actionpack (4.0.2) lib/action_dispatch/journey/router.rb:71:in `block in call'
  actionpack (4.0.2) lib/action_dispatch/journey/router.rb:59:in `each'
  actionpack (4.0.2) lib/action_dispatch/journey/router.rb:59:in `call'
  actionpack (4.0.2) lib/action_dispatch/routing/route_set.rb:680:in `call'
  rack (1.5.2) lib/rack/etag.rb:23:in `call'
  rack (1.5.2) lib/rack/conditionalget.rb:25:in `call'
  rack (1.5.2) lib/rack/head.rb:11:in `call'
  actionpack (4.0.2) lib/action_dispatch/middleware/params_parser.rb:27:in `call'
  actionpack (4.0.2) lib/action_dispatch/middleware/flash.rb:241:in `call'
  rack (1.5.2) lib/rack/session/abstract/id.rb:225:in `context'
  rack (1.5.2) lib/rack/session/abstract/id.rb:220:in `call'
  actionpack (4.0.2) lib/action_dispatch/middleware/cookies.rb:486:in `call'
  activerecord (4.0.2) lib/active_record/query_cache.rb:36:in `call'
  activerecord (4.0.2) lib/active_record/connection_adapters/abstract/connection_pool.rb:626:in `call'
  actionpack (4.0.2) lib/action_dispatch/middleware/callbacks.rb:29:in `block in call'
  activesupport (4.0.2) lib/active_support/callbacks.rb:373:in `_run__1452565690459270362__call__callbacks'
  activesupport (4.0.2) lib/active_support/callbacks.rb:80:in `run_callbacks'
  actionpack (4.0.2) lib/action_dispatch/middleware/callbacks.rb:27:in `call'
  actionpack (4.0.2) lib/action_dispatch/middleware/reloader.rb:64:in `call'
  actionpack (4.0.2) lib/action_dispatch/middleware/remote_ip.rb:76:in `call'
  actionpack (4.0.2) lib/action_dispatch/middleware/debug_exceptions.rb:17:in `call'
  actionpack (4.0.2) lib/action_dispatch/middleware/show_exceptions.rb:30:in `call'
  railties (4.0.2) lib/rails/rack/logger.rb:38:in `call_app'
  railties (4.0.2) lib/rails/rack/logger.rb:20:in `block in call'
  activesupport (4.0.2) lib/active_support/tagged_logging.rb:67:in `block in tagged'
  activesupport (4.0.2) lib/active_support/tagged_logging.rb:25:in `tagged'
  activesupport (4.0.2) lib/active_support/tagged_logging.rb:67:in `tagged'
  railties (4.0.2) lib/rails/rack/logger.rb:20:in `call'
  actionpack (4.0.2) lib/action_dispatch/middleware/request_id.rb:21:in `call'
  rack (1.5.2) lib/rack/methodoverride.rb:21:in `call'
  rack (1.5.2) lib/rack/runtime.rb:17:in `call'
  activesupport (4.0.2) lib/active_support/cache/strategy/local_cache.rb:83:in `call'
  rack (1.5.2) lib/rack/lock.rb:17:in `call'
  rack (1.5.2) lib/rack/sendfile.rb:112:in `call'
  railties (4.0.2) lib/rails/engine.rb:511:in `call'
  railties (4.0.2) lib/rails/application.rb:97:in `call'
  unicorn (4.8.3) lib/unicorn/http_server.rb:576:in `process_client'
  unicorn (4.8.3) lib/unicorn/http_server.rb:670:in `worker_loop'
  unicorn (4.8.3) lib/unicorn/http_server.rb:525:in `spawn_missing_workers'
  unicorn (4.8.3) lib/unicorn/http_server.rb:140:in `start'
  unicorn (4.8.3) bin/unicorn:126:in `<top (required)>'
  /usr/local/rvm/gems/ruby-2.1.3/bin/unicorn:23:in `load'
  /usr/local/rvm/gems/ruby-2.1.3/bin/unicorn:23:in `<main>'
  /usr/local/rvm/gems/ruby-2.0.0-p353/bin/ruby_executable_hooks:15:in `eval'
  /usr/local/rvm/gems/ruby-2.0.0-p353/bin/ruby_executable_hooks:15:in `<main>'


I, [2015-02-26T08:41:28.296735 #13425]  INFO -- : Started GET "/items" for 91.201.244.150 at 2015-02-26 08:41:28 +0000
I, [2015-02-26T08:41:28.311175 #13425]  INFO -- : Processing by ItemsController#index as HTML
I, [2015-02-26T08:41:28.334626 #13425]  INFO -- :   Rendered items/index.html.erb within layouts/application (13.7ms)
I, [2015-02-26T08:41:28.345910 #13425]  INFO -- : Completed 200 OK in 34ms (Views: 29.4ms | ActiveRecord: 0.8ms)
I, [2015-02-26T08:44:49.300465 #13428]  INFO -- : Started GET "/items" for 91.201.244.150 at 2015-02-26 08:44:49 +0000
I, [2015-02-26T08:44:49.317574 #13428]  INFO -- : Processing by ItemsController#index as HTML
I, [2015-02-26T08:44:49.342404 #13428]  INFO -- :   Rendered items/index.html.erb within layouts/application (14.5ms)
I, [2015-02-26T08:44:49.359815 #13428]  INFO -- : Completed 200 OK in 42ms (Views: 36.0ms | ActiveRecord: 1.3ms)
I, [2015-02-26T08:44:53.406320 #13422]  INFO -- : Started GET "/" for 220.181.108.151 at 2015-02-26 08:44:53 +0000
I, [2015-02-26T08:44:53.429825 #13422]  INFO -- : Processing by HomeController#index as */*
I, [2015-02-26T08:44:53.451352 #13422]  INFO -- :   Rendered home/index.html.erb within layouts/application (4.8ms)
I, [2015-02-26T08:44:53.476137 #13422]  INFO -- : Completed 200 OK in 46ms (Views: 43.0ms | ActiveRecord: 0.0ms)
I, [2015-02-26T08:44:53.864405 #13428]  INFO -- : Started GET "/" for 220.181.108.157 at 2015-02-26 08:44:53 +0000
I, [2015-02-26T08:44:53.871319 #13428]  INFO -- : Processing by HomeController#index as */*
I, [2015-02-26T08:44:53.883324 #13428]  INFO -- :   Rendered home/index.html.erb within layouts/application (2.6ms)
I, [2015-02-26T08:44:53.900326 #13428]  INFO -- : Completed 200 OK in 28ms (Views: 26.2ms | ActiveRecord: 0.0ms)
I, [2015-02-26T08:44:54.552525 #13422]  INFO -- : Started GET "/" for 123.125.71.28 at 2015-02-26 08:44:54 +0000
I, [2015-02-26T08:44:54.559226 #13422]  INFO -- : Processing by HomeController#index as */*
I, [2015-02-26T08:44:54.570016 #13422]  INFO -- :   Rendered home/index.html.erb within layouts/application (0.5ms)
I, [2015-02-26T08:44:54.586630 #13422]  INFO -- : Completed 200 OK in 27ms (Views: 26.0ms | ActiveRecord: 0.0ms)
I, [2015-02-26T08:44:55.255292 #13428]  INFO -- : Started GET "/" for 123.125.71.39 at 2015-02-26 08:44:55 +0000
I, [2015-02-26T08:44:55.258405 #13428]  INFO -- : Processing by HomeController#index as */*
I, [2015-02-26T08:44:55.263105 #13428]  INFO -- :   Rendered home/index.html.erb within layouts/application (0.2ms)
I, [2015-02-26T08:44:55.290514 #13428]  INFO -- : Completed 200 OK in 32ms (Views: 30.9ms | ActiveRecord: 0.0ms)
I, [2015-02-26T09:00:11.241570 #13425]  INFO -- : Started GET "/items" for 91.201.244.150 at 2015-02-26 09:00:11 +0000
I, [2015-02-26T09:00:11.296961 #13425]  INFO -- : Processing by ItemsController#index as HTML
I, [2015-02-26T09:00:11.346255 #13425]  INFO -- :   Rendered items/index.html.erb within layouts/application (35.0ms)
I, [2015-02-26T09:00:11.354652 #13425]  INFO -- : Completed 200 OK in 57ms (Views: 43.0ms | ActiveRecord: 4.9ms)
I, [2015-02-26T09:00:27.945577 #13419]  INFO -- : Started GET "/items/2" for 91.201.244.150 at 2015-02-26 09:00:27 +0000
I, [2015-02-26T09:00:27.985862 #13419]  INFO -- : Processing by ItemsController#show as HTML
I, [2015-02-26T09:00:27.986023 #13419]  INFO -- :   Parameters: {"id"=>"2"}
I, [2015-02-26T09:00:28.029831 #13419]  INFO -- :   Rendered items/show.html.erb within layouts/application (0.5ms)
I, [2015-02-26T09:00:28.037040 #13419]  INFO -- : Completed 200 OK in 51ms (Views: 11.3ms | ActiveRecord: 3.4ms)
I, [2015-02-26T09:00:34.646751 #13428]  INFO -- : Started GET "/items" for 91.201.244.150 at 2015-02-26 09:00:34 +0000
I, [2015-02-26T09:00:34.677459 #13428]  INFO -- : Processing by ItemsController#index as HTML
I, [2015-02-26T09:00:34.725823 #13428]  INFO -- :   Rendered items/index.html.erb within layouts/application (38.7ms)
I, [2015-02-26T09:00:34.741201 #13428]  INFO -- : Completed 200 OK in 63ms (Views: 54.1ms | ActiveRecord: 2.4ms)
I, [2015-02-26T09:14:01.748536 #13419]  INFO -- : Started GET "/items/new" for 91.201.244.150 at 2015-02-26 09:14:01 +0000
I, [2015-02-26T09:14:01.786392 #13419]  INFO -- : Processing by ItemsController#new as HTML
I, [2015-02-26T09:14:01.811710 #13419]  INFO -- :   Rendered items/new.html.erb within layouts/application (9.3ms)
I, [2015-02-26T09:14:01.812874 #13419]  INFO -- : Completed 500 Internal Server Error in 26ms
F, [2015-02-26T09:14:01.831079 #13419] FATAL -- : 
ActionView::Template::Error (/home/rails/app/views/items/new.html.erb:14: syntax error, unexpected keyword_end
';@output_buffer.append=( end );@output_buffer.to_s
                             ^
/home/rails/app/views/items/new.html.erb:15: syntax error, unexpected keyword_ensure, expecting ')'
/home/rails/app/views/items/new.html.erb:17: syntax error, unexpected keyword_end, expecting ')'):
    11: 	<%= f.text_area :short_desc  %>
    12: 	<%= f.text_area :description %>
    13: 
    14: <%= end %>
  actionpack (4.0.2) lib/action_view/template.rb:299:in `module_eval'
  actionpack (4.0.2) lib/action_view/template.rb:299:in `compile'
  actionpack (4.0.2) lib/action_view/template.rb:248:in `block in compile!'
  actionpack (4.0.2) lib/action_view/template.rb:236:in `synchronize'
  actionpack (4.0.2) lib/action_view/template.rb:236:in `compile!'
  actionpack (4.0.2) lib/action_view/template.rb:142:in `block in render'
  activesupport (4.0.2) lib/active_support/notifications.rb:161:in `instrument'
  actionpack (4.0.2) lib/action_view/template.rb:141:in `render'
  actionpack (4.0.2) lib/action_view/renderer/template_renderer.rb:49:in `block (2 levels) in render_template'
  actionpack (4.0.2) lib/action_view/renderer/abstract_renderer.rb:38:in `block in instrument'
  activesupport (4.0.2) lib/active_support/notifications.rb:159:in `block in instrument'
  activesupport (4.0.2) lib/active_support/notifications/instrumenter.rb:20:in `instrument'
  activesupport (4.0.2) lib/active_support/notifications.rb:159:in `instrument'
  actionpack (4.0.2) lib/action_view/renderer/abstract_renderer.rb:38:in `instrument'
  actionpack (4.0.2) lib/action_view/renderer/template_renderer.rb:48:in `block in render_template'
  actionpack (4.0.2) lib/action_view/renderer/template_renderer.rb:56:in `render_with_layout'
  actionpack (4.0.2) lib/action_view/renderer/template_renderer.rb:47:in `render_template'
  actionpack (4.0.2) lib/action_view/renderer/template_renderer.rb:17:in `render'
  actionpack (4.0.2) lib/action_view/renderer/renderer.rb:42:in `render_template'
  actionpack (4.0.2) lib/action_view/renderer/renderer.rb:23:in `render'
  actionpack (4.0.2) lib/abstract_controller/rendering.rb:127:in `_render_template'
  actionpack (4.0.2) lib/action_controller/metal/streaming.rb:219:in `_render_template'
  actionpack (4.0.2) lib/abstract_controller/rendering.rb:120:in `render_to_body'
  actionpack (4.0.2) lib/action_controller/metal/rendering.rb:33:in `render_to_body'
  actionpack (4.0.2) lib/action_controller/metal/renderers.rb:26:in `render_to_body'
  actionpack (4.0.2) lib/abstract_controller/rendering.rb:97:in `render'
  actionpack (4.0.2) lib/action_controller/metal/rendering.rb:16:in `render'
  actionpack (4.0.2) lib/action_controller/metal/instrumentation.rb:41:in `block (2 levels) in render'
  activesupport (4.0.2) lib/active_support/core_ext/benchmark.rb:12:in `block in ms'
  /usr/local/rvm/rubies/ruby-2.1.3/lib/ruby/2.1.0/benchmark.rb:294:in `realtime'
  activesupport (4.0.2) lib/active_support/core_ext/benchmark.rb:12:in `ms'
  actionpack (4.0.2) lib/action_controller/metal/instrumentation.rb:41:in `block in render'
  actionpack (4.0.2) lib/action_controller/metal/instrumentation.rb:84:in `cleanup_view_runtime'
  activerecord (4.0.2) lib/active_record/railties/controller_runtime.rb:25:in `cleanup_view_runtime'
  actionpack (4.0.2) lib/action_controller/metal/instrumentation.rb:40:in `render'
  actionpack (4.0.2) lib/action_controller/metal/implicit_render.rb:10:in `default_render'
  actionpack (4.0.2) lib/action_controller/metal/implicit_render.rb:5:in `send_action'
  actionpack (4.0.2) lib/abstract_controller/base.rb:189:in `process_action'
  actionpack (4.0.2) lib/action_controller/metal/rendering.rb:10:in `process_action'
  actionpack (4.0.2) lib/abstract_controller/callbacks.rb:18:in `block in process_action'
  activesupport (4.0.2) lib/active_support/callbacks.rb:403:in `_run__3002286268229681282__process_action__callbacks'
  activesupport (4.0.2) lib/active_support/callbacks.rb:80:in `run_callbacks'
  actionpack (4.0.2) lib/abstract_controller/callbacks.rb:17:in `process_action'
  actionpack (4.0.2) lib/action_controller/metal/rescue.rb:29:in `process_action'
  actionpack (4.0.2) lib/action_controller/metal/instrumentation.rb:31:in `block in process_action'
  activesupport (4.0.2) lib/active_support/notifications.rb:159:in `block in instrument'
  activesupport (4.0.2) lib/active_support/notifications/instrumenter.rb:20:in `instrument'
  activesupport (4.0.2) lib/active_support/notifications.rb:159:in `instrument'
  actionpack (4.0.2) lib/action_controller/metal/instrumentation.rb:30:in `process_action'
  actionpack (4.0.2) lib/action_controller/metal/params_wrapper.rb:245:in `process_action'
  activerecord (4.0.2) lib/active_record/railties/controller_runtime.rb:18:in `process_action'
  actionpack (4.0.2) lib/abstract_controller/base.rb:136:in `process'
  actionpack (4.0.2) lib/abstract_controller/rendering.rb:44:in `process'
  actionpack (4.0.2) lib/action_controller/metal.rb:195:in `dispatch'
  actionpack (4.0.2) lib/action_controller/metal/rack_delegation.rb:13:in `dispatch'
  actionpack (4.0.2) lib/action_controller/metal.rb:231:in `block in action'
  actionpack (4.0.2) lib/action_dispatch/routing/route_set.rb:80:in `call'
  actionpack (4.0.2) lib/action_dispatch/routing/route_set.rb:80:in `dispatch'
  actionpack (4.0.2) lib/action_dispatch/routing/route_set.rb:48:in `call'
  actionpack (4.0.2) lib/action_dispatch/journey/router.rb:71:in `block in call'
  actionpack (4.0.2) lib/action_dispatch/journey/router.rb:59:in `each'
  actionpack (4.0.2) lib/action_dispatch/journey/router.rb:59:in `call'
  actionpack (4.0.2) lib/action_dispatch/routing/route_set.rb:680:in `call'
  rack (1.5.2) lib/rack/etag.rb:23:in `call'
  rack (1.5.2) lib/rack/conditionalget.rb:25:in `call'
  rack (1.5.2) lib/rack/head.rb:11:in `call'
  actionpack (4.0.2) lib/action_dispatch/middleware/params_parser.rb:27:in `call'
  actionpack (4.0.2) lib/action_dispatch/middleware/flash.rb:241:in `call'
  rack (1.5.2) lib/rack/session/abstract/id.rb:225:in `context'
  rack (1.5.2) lib/rack/session/abstract/id.rb:220:in `call'
  actionpack (4.0.2) lib/action_dispatch/middleware/cookies.rb:486:in `call'
  activerecord (4.0.2) lib/active_record/query_cache.rb:36:in `call'
  activerecord (4.0.2) lib/active_record/connection_adapters/abstract/connection_pool.rb:626:in `call'
  actionpack (4.0.2) lib/action_dispatch/middleware/callbacks.rb:29:in `block in call'
  activesupport (4.0.2) lib/active_support/callbacks.rb:373:in `_run__1452565690459270362__call__callbacks'
  activesupport (4.0.2) lib/active_support/callbacks.rb:80:in `run_callbacks'
  actionpack (4.0.2) lib/action_dispatch/middleware/callbacks.rb:27:in `call'
  actionpack (4.0.2) lib/action_dispatch/middleware/reloader.rb:64:in `call'
  actionpack (4.0.2) lib/action_dispatch/middleware/remote_ip.rb:76:in `call'
  actionpack (4.0.2) lib/action_dispatch/middleware/debug_exceptions.rb:17:in `call'
  actionpack (4.0.2) lib/action_dispatch/middleware/show_exceptions.rb:30:in `call'
  railties (4.0.2) lib/rails/rack/logger.rb:38:in `call_app'
  railties (4.0.2) lib/rails/rack/logger.rb:20:in `block in call'
  activesupport (4.0.2) lib/active_support/tagged_logging.rb:67:in `block in tagged'
  activesupport (4.0.2) lib/active_support/tagged_logging.rb:25:in `tagged'
  activesupport (4.0.2) lib/active_support/tagged_logging.rb:67:in `tagged'
  railties (4.0.2) lib/rails/rack/logger.rb:20:in `call'
  actionpack (4.0.2) lib/action_dispatch/middleware/request_id.rb:21:in `call'
  rack (1.5.2) lib/rack/methodoverride.rb:21:in `call'
  rack (1.5.2) lib/rack/runtime.rb:17:in `call'
  activesupport (4.0.2) lib/active_support/cache/strategy/local_cache.rb:83:in `call'
  rack (1.5.2) lib/rack/lock.rb:17:in `call'
  rack (1.5.2) lib/rack/sendfile.rb:112:in `call'
  railties (4.0.2) lib/rails/engine.rb:511:in `call'
  railties (4.0.2) lib/rails/application.rb:97:in `call'
  unicorn (4.8.3) lib/unicorn/http_server.rb:576:in `process_client'
  unicorn (4.8.3) lib/unicorn/http_server.rb:670:in `worker_loop'
  unicorn (4.8.3) lib/unicorn/http_server.rb:525:in `spawn_missing_workers'
  unicorn (4.8.3) lib/unicorn/http_server.rb:140:in `start'
  unicorn (4.8.3) bin/unicorn:126:in `<top (required)>'
  /usr/local/rvm/gems/ruby-2.1.3/bin/unicorn:23:in `load'
  /usr/local/rvm/gems/ruby-2.1.3/bin/unicorn:23:in `<main>'
  /usr/local/rvm/gems/ruby-2.0.0-p353/bin/ruby_executable_hooks:15:in `eval'
  /usr/local/rvm/gems/ruby-2.0.0-p353/bin/ruby_executable_hooks:15:in `<main>'


I, [2015-02-26T09:14:12.520720 #13422]  INFO -- : Started GET "/item/new" for 91.201.244.150 at 2015-02-26 09:14:12 +0000
F, [2015-02-26T09:14:12.542148 #13422] FATAL -- : 
ActionController::RoutingError (No route matches [GET] "/item/new"):
  actionpack (4.0.2) lib/action_dispatch/middleware/debug_exceptions.rb:21:in `call'
  actionpack (4.0.2) lib/action_dispatch/middleware/show_exceptions.rb:30:in `call'
  railties (4.0.2) lib/rails/rack/logger.rb:38:in `call_app'
  railties (4.0.2) lib/rails/rack/logger.rb:20:in `block in call'
  activesupport (4.0.2) lib/active_support/tagged_logging.rb:67:in `block in tagged'
  activesupport (4.0.2) lib/active_support/tagged_logging.rb:25:in `tagged'
  activesupport (4.0.2) lib/active_support/tagged_logging.rb:67:in `tagged'
  railties (4.0.2) lib/rails/rack/logger.rb:20:in `call'
  actionpack (4.0.2) lib/action_dispatch/middleware/request_id.rb:21:in `call'
  rack (1.5.2) lib/rack/methodoverride.rb:21:in `call'
  rack (1.5.2) lib/rack/runtime.rb:17:in `call'
  activesupport (4.0.2) lib/active_support/cache/strategy/local_cache.rb:83:in `call'
  rack (1.5.2) lib/rack/lock.rb:17:in `call'
  rack (1.5.2) lib/rack/sendfile.rb:112:in `call'
  railties (4.0.2) lib/rails/engine.rb:511:in `call'
  railties (4.0.2) lib/rails/application.rb:97:in `call'
  unicorn (4.8.3) lib/unicorn/http_server.rb:576:in `process_client'
  unicorn (4.8.3) lib/unicorn/http_server.rb:670:in `worker_loop'
  unicorn (4.8.3) lib/unicorn/http_server.rb:525:in `spawn_missing_workers'
  unicorn (4.8.3) lib/unicorn/http_server.rb:140:in `start'
  unicorn (4.8.3) bin/unicorn:126:in `<top (required)>'
  /usr/local/rvm/gems/ruby-2.1.3/bin/unicorn:23:in `load'
  /usr/local/rvm/gems/ruby-2.1.3/bin/unicorn:23:in `<main>'
  /usr/local/rvm/gems/ruby-2.0.0-p353/bin/ruby_executable_hooks:15:in `eval'
  /usr/local/rvm/gems/ruby-2.0.0-p353/bin/ruby_executable_hooks:15:in `<main>'


I, [2015-02-26T09:14:17.945870 #13425]  INFO -- : Started GET "/items/new" for 91.201.244.150 at 2015-02-26 09:14:17 +0000
I, [2015-02-26T09:14:17.957895 #13425]  INFO -- : Processing by ItemsController#new as HTML
I, [2015-02-26T09:14:17.965178 #13425]  INFO -- :   Rendered items/new.html.erb within layouts/application (2.2ms)
I, [2015-02-26T09:14:17.965465 #13425]  INFO -- : Completed 500 Internal Server Error in 7ms
F, [2015-02-26T09:14:17.970260 #13425] FATAL -- : 
ActionView::Template::Error (/home/rails/app/views/items/new.html.erb:14: syntax error, unexpected keyword_end
';@output_buffer.append=( end );@output_buffer.to_s
                             ^
/home/rails/app/views/items/new.html.erb:15: syntax error, unexpected keyword_ensure, expecting ')'
/home/rails/app/views/items/new.html.erb:17: syntax error, unexpected keyword_end, expecting ')'):
    11: 	<%= f.text_area :short_desc  %>
    12: 	<%= f.text_area :description %>
    13: 
    14: <%= end %>
  actionpack (4.0.2) lib/action_view/template.rb:299:in `module_eval'
  actionpack (4.0.2) lib/action_view/template.rb:299:in `compile'
  actionpack (4.0.2) lib/action_view/template.rb:248:in `block in compile!'
  actionpack (4.0.2) lib/action_view/template.rb:236:in `synchronize'
  actionpack (4.0.2) lib/action_view/template.rb:236:in `compile!'
  actionpack (4.0.2) lib/action_view/template.rb:142:in `block in render'
  activesupport (4.0.2) lib/active_support/notifications.rb:161:in `instrument'
  actionpack (4.0.2) lib/action_view/template.rb:141:in `render'
  actionpack (4.0.2) lib/action_view/renderer/template_renderer.rb:49:in `block (2 levels) in render_template'
  actionpack (4.0.2) lib/action_view/renderer/abstract_renderer.rb:38:in `block in instrument'
  activesupport (4.0.2) lib/active_support/notifications.rb:159:in `block in instrument'
  activesupport (4.0.2) lib/active_support/notifications/instrumenter.rb:20:in `instrument'
  activesupport (4.0.2) lib/active_support/notifications.rb:159:in `instrument'
  actionpack (4.0.2) lib/action_view/renderer/abstract_renderer.rb:38:in `instrument'
  actionpack (4.0.2) lib/action_view/renderer/template_renderer.rb:48:in `block in render_template'
  actionpack (4.0.2) lib/action_view/renderer/template_renderer.rb:56:in `render_with_layout'
  actionpack (4.0.2) lib/action_view/renderer/template_renderer.rb:47:in `render_template'
  actionpack (4.0.2) lib/action_view/renderer/template_renderer.rb:17:in `render'
  actionpack (4.0.2) lib/action_view/renderer/renderer.rb:42:in `render_template'
  actionpack (4.0.2) lib/action_view/renderer/renderer.rb:23:in `render'
  actionpack (4.0.2) lib/abstract_controller/rendering.rb:127:in `_render_template'
  actionpack (4.0.2) lib/action_controller/metal/streaming.rb:219:in `_render_template'
  actionpack (4.0.2) lib/abstract_controller/rendering.rb:120:in `render_to_body'
  actionpack (4.0.2) lib/action_controller/metal/rendering.rb:33:in `render_to_body'
  actionpack (4.0.2) lib/action_controller/metal/renderers.rb:26:in `render_to_body'
  actionpack (4.0.2) lib/abstract_controller/rendering.rb:97:in `render'
  actionpack (4.0.2) lib/action_controller/metal/rendering.rb:16:in `render'
  actionpack (4.0.2) lib/action_controller/metal/instrumentation.rb:41:in `block (2 levels) in render'
  activesupport (4.0.2) lib/active_support/core_ext/benchmark.rb:12:in `block in ms'
  /usr/local/rvm/rubies/ruby-2.1.3/lib/ruby/2.1.0/benchmark.rb:294:in `realtime'
  activesupport (4.0.2) lib/active_support/core_ext/benchmark.rb:12:in `ms'
  actionpack (4.0.2) lib/action_controller/metal/instrumentation.rb:41:in `block in render'
  actionpack (4.0.2) lib/action_controller/metal/instrumentation.rb:84:in `cleanup_view_runtime'
  activerecord (4.0.2) lib/active_record/railties/controller_runtime.rb:25:in `cleanup_view_runtime'
  actionpack (4.0.2) lib/action_controller/metal/instrumentation.rb:40:in `render'
  actionpack (4.0.2) lib/action_controller/metal/implicit_render.rb:10:in `default_render'
  actionpack (4.0.2) lib/action_controller/metal/implicit_render.rb:5:in `send_action'
  actionpack (4.0.2) lib/abstract_controller/base.rb:189:in `process_action'
  actionpack (4.0.2) lib/action_controller/metal/rendering.rb:10:in `process_action'
  actionpack (4.0.2) lib/abstract_controller/callbacks.rb:18:in `block in process_action'
  activesupport (4.0.2) lib/active_support/callbacks.rb:403:in `_run__3002286268229681282__process_action__callbacks'
  activesupport (4.0.2) lib/active_support/callbacks.rb:80:in `run_callbacks'
  actionpack (4.0.2) lib/abstract_controller/callbacks.rb:17:in `process_action'
  actionpack (4.0.2) lib/action_controller/metal/rescue.rb:29:in `process_action'
  actionpack (4.0.2) lib/action_controller/metal/instrumentation.rb:31:in `block in process_action'
  activesupport (4.0.2) lib/active_support/notifications.rb:159:in `block in instrument'
  activesupport (4.0.2) lib/active_support/notifications/instrumenter.rb:20:in `instrument'
  activesupport (4.0.2) lib/active_support/notifications.rb:159:in `instrument'
  actionpack (4.0.2) lib/action_controller/metal/instrumentation.rb:30:in `process_action'
  actionpack (4.0.2) lib/action_controller/metal/params_wrapper.rb:245:in `process_action'
  activerecord (4.0.2) lib/active_record/railties/controller_runtime.rb:18:in `process_action'
  actionpack (4.0.2) lib/abstract_controller/base.rb:136:in `process'
  actionpack (4.0.2) lib/abstract_controller/rendering.rb:44:in `process'
  actionpack (4.0.2) lib/action_controller/metal.rb:195:in `dispatch'
  actionpack (4.0.2) lib/action_controller/metal/rack_delegation.rb:13:in `dispatch'
  actionpack (4.0.2) lib/action_controller/metal.rb:231:in `block in action'
  actionpack (4.0.2) lib/action_dispatch/routing/route_set.rb:80:in `call'
  actionpack (4.0.2) lib/action_dispatch/routing/route_set.rb:80:in `dispatch'
  actionpack (4.0.2) lib/action_dispatch/routing/route_set.rb:48:in `call'
  actionpack (4.0.2) lib/action_dispatch/journey/router.rb:71:in `block in call'
  actionpack (4.0.2) lib/action_dispatch/journey/router.rb:59:in `each'
  actionpack (4.0.2) lib/action_dispatch/journey/router.rb:59:in `call'
  actionpack (4.0.2) lib/action_dispatch/routing/route_set.rb:680:in `call'
  rack (1.5.2) lib/rack/etag.rb:23:in `call'
  rack (1.5.2) lib/rack/conditionalget.rb:25:in `call'
  rack (1.5.2) lib/rack/head.rb:11:in `call'
  actionpack (4.0.2) lib/action_dispatch/middleware/params_parser.rb:27:in `call'
  actionpack (4.0.2) lib/action_dispatch/middleware/flash.rb:241:in `call'
  rack (1.5.2) lib/rack/session/abstract/id.rb:225:in `context'
  rack (1.5.2) lib/rack/session/abstract/id.rb:220:in `call'
  actionpack (4.0.2) lib/action_dispatch/middleware/cookies.rb:486:in `call'
  activerecord (4.0.2) lib/active_record/query_cache.rb:36:in `call'
  activerecord (4.0.2) lib/active_record/connection_adapters/abstract/connection_pool.rb:626:in `call'
  actionpack (4.0.2) lib/action_dispatch/middleware/callbacks.rb:29:in `block in call'
  activesupport (4.0.2) lib/active_support/callbacks.rb:373:in `_run__1452565690459270362__call__callbacks'
  activesupport (4.0.2) lib/active_support/callbacks.rb:80:in `run_callbacks'
  actionpack (4.0.2) lib/action_dispatch/middleware/callbacks.rb:27:in `call'
  actionpack (4.0.2) lib/action_dispatch/middleware/reloader.rb:64:in `call'
  actionpack (4.0.2) lib/action_dispatch/middleware/remote_ip.rb:76:in `call'
  actionpack (4.0.2) lib/action_dispatch/middleware/debug_exceptions.rb:17:in `call'
