I, [2015-02-27T09:46:12.088330 #14291]  INFO -- : Started GET "/items" for 91.201.244.150 at 2015-02-27 09:46:12 +0000
I, [2015-02-27T09:46:12.114688 #14291]  INFO -- : Processing by ItemsController#index as HTML
I, [2015-02-27T09:46:12.192493 #14291]  INFO -- :   Rendered items/index.html.erb within layouts/application (61.5ms)
I, [2015-02-27T09:46:12.198954 #14291]  INFO -- : Completed 200 OK in 84ms (Views: 65.0ms | ActiveRecord: 5.3ms)
I, [2015-02-27T09:49:30.938244 #14289]  INFO -- : Started GET "/items/1" for 91.201.244.150 at 2015-02-27 09:49:30 +0000
I, [2015-02-27T09:49:30.967626 #14289]  INFO -- : Processing by ItemsController#show as HTML
I, [2015-02-27T09:49:30.967899 #14289]  INFO -- :   Parameters: {"id"=>"1"}
I, [2015-02-27T09:49:31.066352 #14289]  INFO -- :   Rendered items/show.html.erb within layouts/application (1.2ms)
I, [2015-02-27T09:49:31.073282 #14289]  INFO -- : Completed 200 OK in 105ms (Views: 10.3ms | ActiveRecord: 6.0ms)
I, [2015-02-27T09:50:27.502742 #14291]  INFO -- : Started GET "/" for 91.201.244.150 at 2015-02-27 09:50:27 +0000
I, [2015-02-27T09:50:27.515139 #14291]  INFO -- : Processing by HomeController#index as HTML
I, [2015-02-27T09:50:27.523875 #14291]  INFO -- :   Rendered home/index.html.erb within layouts/application (1.8ms)
I, [2015-02-27T09:50:27.532890 #14291]  INFO -- : Completed 200 OK in 17ms (Views: 14.4ms | ActiveRecord: 0.0ms)
I, [2015-02-27T09:50:29.354679 #14295]  INFO -- : Started GET "/items" for 91.201.244.150 at 2015-02-27 09:50:29 +0000
I, [2015-02-27T09:50:29.389279 #14295]  INFO -- : Processing by ItemsController#index as HTML
I, [2015-02-27T09:50:29.504372 #14295]  INFO -- :   Rendered items/index.html.erb within layouts/application (100.0ms)
I, [2015-02-27T09:50:29.511807 #14295]  INFO -- : Completed 200 OK in 122ms (Views: 105.7ms | ActiveRecord: 5.2ms)
I, [2015-02-27T09:54:41.566463 #14291]  INFO -- : Started GET "/items/new" for 91.201.244.150 at 2015-02-27 09:54:41 +0000
I, [2015-02-27T09:54:41.582156 #14291]  INFO -- : Processing by ItemsController#new as HTML
I, [2015-02-27T09:54:41.592049 #14291]  INFO -- :   Rendered error/403.html.erb within layouts/application (2.0ms)
I, [2015-02-27T09:54:41.603349 #14291]  INFO -- : Filter chain halted as :is_admin rendered or redirected
I, [2015-02-27T09:54:41.603773 #14291]  INFO -- : Completed 403 Forbidden in 21ms (Views: 19.1ms | ActiveRecord: 0.0ms)
I, [2015-02-27T09:54:54.584131 #14289]  INFO -- : Started GET "/items/new?admin=1" for 91.201.244.150 at 2015-02-27 09:54:54 +0000
I, [2015-02-27T09:54:54.600837 #14289]  INFO -- : Processing by ItemsController#new as HTML
I, [2015-02-27T09:54:54.601345 #14289]  INFO -- :   Parameters: {"admin"=>"1"}
I, [2015-02-27T09:54:54.704378 #14289]  INFO -- :   Rendered items/new.html.erb within layouts/application (90.1ms)
I, [2015-02-27T09:54:54.711886 #14289]  INFO -- : Completed 200 OK in 110ms (Views: 103.0ms | ActiveRecord: 0.0ms)
I, [2015-02-27T09:55:27.911966 #14298]  INFO -- : Started POST "/items" for 91.201.244.150 at 2015-02-27 09:55:27 +0000
I, [2015-02-27T09:55:27.938253 #14298]  INFO -- : Processing by ItemsController#create as HTML
I, [2015-02-27T09:55:27.938908 #14298]  INFO -- :   Parameters: {"utf8"=>"✓", "authenticity_token"=>"0nNdKWOfpAkoD+6R2tdcuEMMQ8X7kB9xsUDQHWvBhhs=", "item"=>{"name"=>"Img Test", "price"=>"5555", "weigth"=>"150", "i_photo"=>#<ActionDispatch::Http::UploadedFile:0x00000001d64380 @tempfile=#<Tempfile:/tmp/RackMultipart20150227-14298-d9qwdf>, @original_filename="vetor_bomba___vector_bomb_by_douglasyeti-d5mqr2g.png", @content_type="image/png", @headers="Content-Disposition: form-data; name=\"item[i_photo]\"; filename=\"vetor_bomba___vector_bomb_by_douglasyeti-d5mqr2g.png\"\r\nContent-Type: image/png\r\n">, "real"=>"1", "short_desc"=>"qweqweqweqwewqe", "description"=>"qweqweq"}, "commit"=>"Создать"}
I, [2015-02-27T09:55:27.997669 #14298]  INFO -- :   Rendered error/403.html.erb within layouts/application (0.6ms)
I, [2015-02-27T09:55:28.004068 #14298]  INFO -- : Filter chain halted as :is_admin rendered or redirected
I, [2015-02-27T09:55:28.004326 #14298]  INFO -- : Completed 403 Forbidden in 65ms (Views: 10.5ms | ActiveRecord: 0.0ms)
I, [2015-02-27T09:55:32.917205 #14289]  INFO -- : Started GET "/items" for 91.201.244.150 at 2015-02-27 09:55:32 +0000
I, [2015-02-27T09:55:32.925763 #14289]  INFO -- : Processing by ItemsController#index as HTML
I, [2015-02-27T09:55:32.939776 #14289]  INFO -- :   Rendered items/index.html.erb within layouts/application (8.2ms)
I, [2015-02-27T09:55:32.947983 #14289]  INFO -- : Completed 200 OK in 22ms (Views: 18.5ms | ActiveRecord: 0.6ms)
I, [2015-02-27T09:56:01.000822 #14295]  INFO -- : Started GET "/items/new" for 91.201.244.150 at 2015-02-27 09:56:01 +0000
I, [2015-02-27T09:56:01.038674 #14295]  INFO -- : Processing by ItemsController#new as HTML
I, [2015-02-27T09:56:01.109607 #14295]  INFO -- :   Rendered items/new.html.erb within layouts/application (33.0ms)
I, [2015-02-27T09:56:01.118540 #14295]  INFO -- : Completed 200 OK in 80ms (Views: 44.2ms | ActiveRecord: 2.8ms)
I, [2015-02-27T09:56:18.599423 #14298]  INFO -- : Started POST "/items" for 91.201.244.150 at 2015-02-27 09:56:18 +0000
I, [2015-02-27T09:56:18.629998 #14298]  INFO -- : Processing by ItemsController#create as HTML
I, [2015-02-27T09:56:18.630150 #14298]  INFO -- :   Parameters: {"utf8"=>"✓", "authenticity_token"=>"0nNdKWOfpAkoD+6R2tdcuEMMQ8X7kB9xsUDQHWvBhhs=", "item"=>{"name"=>"Img Test", "price"=>"2111.0", "weigth"=>"123", "real"=>"1", "short_desc"=>"Lore", "description"=>"123213"}, "commit"=>"Создать"}
I, [2015-02-27T09:56:18.694582 #14298]  INFO -- :   Rendered items/new.html.erb within layouts/application (11.9ms)
I, [2015-02-27T09:56:18.700818 #14298]  INFO -- : Completed 200 OK in 70ms (Views: 20.1ms | ActiveRecord: 3.8ms)
I, [2015-02-27T09:56:29.554325 #14291]  INFO -- : Started POST "/items" for 91.201.244.150 at 2015-02-27 09:56:29 +0000
I, [2015-02-27T09:56:29.601207 #14291]  INFO -- : Processing by ItemsController#create as HTML
I, [2015-02-27T09:56:29.601674 #14291]  INFO -- :   Parameters: {"utf8"=>"✓", "authenticity_token"=>"0nNdKWOfpAkoD+6R2tdcuEMMQ8X7kB9xsUDQHWvBhhs=", "item"=>{"name"=>"Img Test", "price"=>"2111.0", "weigth"=>"123", "i_photo"=>#<ActionDispatch::Http::UploadedFile:0x00000002dffaf0 @tempfile=#<Tempfile:/tmp/RackMultipart20150227-14291-1fttb9m>, @original_filename="vetor_bomba___vector_bomb_by_douglasyeti-d5mqr2g.png", @content_type="image/png", @headers="Content-Disposition: form-data; name=\"item[i_photo]\"; filename=\"vetor_bomba___vector_bomb_by_douglasyeti-d5mqr2g.png\"\r\nContent-Type: image/png\r\n">, "real"=>"1", "short_desc"=>"Lore", "description"=>"123213"}, "commit"=>"Создать"}
I, [2015-02-27T09:56:29.656656 #14291]  INFO -- : Command :: file -b --mime '/tmp/9537bac8f6c15a53a7ae177f9441b68a20150227-14291-1f1awok.png'
I, [2015-02-27T09:56:29.673193 #14291]  INFO -- : Command :: identify -format '%wx%h,%[exif:orientation]' '/tmp/9537bac8f6c15a53a7ae177f9441b68a20150227-14291-1osmc90.png[0]' 2>/dev/null
I, [2015-02-27T09:56:29.752965 #14291]  INFO -- : Command :: identify -format %m '/tmp/9537bac8f6c15a53a7ae177f9441b68a20150227-14291-1osmc90.png[0]'
I, [2015-02-27T09:56:29.763826 #14291]  INFO -- : Command :: convert '/tmp/9537bac8f6c15a53a7ae177f9441b68a20150227-14291-1osmc90.png[0]' -auto-orient -resize "300x300>" '/tmp/9537bac8f6c15a53a7ae177f9441b68a20150227-14291-1osmc9020150227-14291-1qe04o1'
I, [2015-02-27T09:56:29.886319 #14291]  INFO -- : Command :: file -b --mime '/tmp/9537bac8f6c15a53a7ae177f9441b68a20150227-14291-1osmc9020150227-14291-1qe04o1'
I, [2015-02-27T09:56:29.893514 #14291]  INFO -- : Command :: identify -format '%wx%h,%[exif:orientation]' '/tmp/9537bac8f6c15a53a7ae177f9441b68a20150227-14291-1osmc90.png[0]' 2>/dev/null
I, [2015-02-27T09:56:29.926460 #14291]  INFO -- : Command :: identify -format %m '/tmp/9537bac8f6c15a53a7ae177f9441b68a20150227-14291-1osmc90.png[0]'
I, [2015-02-27T09:56:29.936026 #14291]  INFO -- : Command :: convert '/tmp/9537bac8f6c15a53a7ae177f9441b68a20150227-14291-1osmc90.png[0]' -auto-orient -resize "100x100>" '/tmp/9537bac8f6c15a53a7ae177f9441b68a20150227-14291-1osmc9020150227-14291-wst66n'
I, [2015-02-27T09:56:30.097773 #14291]  INFO -- : Command :: file -b --mime '/tmp/9537bac8f6c15a53a7ae177f9441b68a20150227-14291-1osmc9020150227-14291-wst66n'
I, [2015-02-27T09:56:30.120931 #14291]  INFO -- : Command :: file -b --mime '/tmp/9537bac8f6c15a53a7ae177f9441b68a20150227-14291-1ol2ero.png'
I, [2015-02-27T09:56:30.185079 #14291]  INFO -- : Redirected to http://178.62.24.75/items
I, [2015-02-27T09:56:30.186466 #14291]  INFO -- : Completed 302 Found in 584ms (ActiveRecord: 23.3ms)
I, [2015-02-27T09:56:30.262459 #14298]  INFO -- : Started GET "/items" for 91.201.244.150 at 2015-02-27 09:56:30 +0000
I, [2015-02-27T09:56:30.280660 #14298]  INFO -- : Processing by ItemsController#index as HTML
I, [2015-02-27T09:56:30.301725 #14298]  INFO -- :   Rendered items/index.html.erb within layouts/application (14.6ms)
I, [2015-02-27T09:56:30.312549 #14298]  INFO -- : Completed 200 OK in 31ms (Views: 27.5ms | ActiveRecord: 1.4ms)
I, [2015-02-27T09:56:35.361544 #14291]  INFO -- : Started GET "/items/6" for 91.201.244.150 at 2015-02-27 09:56:35 +0000
I, [2015-02-27T09:56:35.368504 #14291]  INFO -- : Processing by ItemsController#show as HTML
I, [2015-02-27T09:56:35.368613 #14291]  INFO -- :   Parameters: {"id"=>"6"}
I, [2015-02-27T09:56:35.382387 #14291]  INFO -- :   Rendered items/show.html.erb within layouts/application (1.3ms)
I, [2015-02-27T09:56:35.389365 #14291]  INFO -- : Completed 200 OK in 21ms (Views: 11.5ms | ActiveRecord: 0.7ms)
I, [2015-02-27T09:57:23.306813 #14289]  INFO -- : Started GET "/items/6" for 91.201.244.150 at 2015-02-27 09:57:23 +0000
I, [2015-02-27T09:57:23.369723 #14289]  INFO -- : Processing by ItemsController#show as HTML
I, [2015-02-27T09:57:23.369970 #14289]  INFO -- :   Parameters: {"id"=>"6"}
I, [2015-02-27T09:57:23.429440 #14289]  INFO -- :   Rendered items/show.html.erb within layouts/application (3.6ms)
I, [2015-02-27T09:57:23.440306 #14289]  INFO -- : Completed 200 OK in 70ms (Views: 17.7ms | ActiveRecord: 4.9ms)
I, [2015-02-27T09:57:33.130658 #14291]  INFO -- : Started GET "/" for 91.201.244.150 at 2015-02-27 09:57:33 +0000
I, [2015-02-27T09:57:33.143029 #14291]  INFO -- : Processing by HomeController#index as HTML
I, [2015-02-27T09:57:33.148983 #14291]  INFO -- :   Rendered home/index.html.erb within layouts/application (0.4ms)
I, [2015-02-27T09:57:33.161210 #14291]  INFO -- : Completed 200 OK in 18ms (Views: 15.3ms | ActiveRecord: 0.0ms)
I, [2015-02-27T09:57:35.082550 #14295]  INFO -- : Started GET "/items" for 91.201.244.150 at 2015-02-27 09:57:35 +0000
I, [2015-02-27T09:57:35.095231 #14295]  INFO -- : Processing by ItemsController#index as HTML
I, [2015-02-27T09:57:35.109354 #14295]  INFO -- :   Rendered items/index.html.erb within layouts/application (8.7ms)
I, [2015-02-27T09:57:35.116984 #14295]  INFO -- : Completed 200 OK in 22ms (Views: 18.3ms | ActiveRecord: 0.7ms)
I, [2015-02-27T09:57:48.278439 #14291]  INFO -- : Started GET "/items/5" for 91.201.244.150 at 2015-02-27 09:57:48 +0000
I, [2015-02-27T09:57:48.281425 #14291]  INFO -- : Processing by ItemsController#show as HTML
I, [2015-02-27T09:57:48.281500 #14291]  INFO -- :   Parameters: {"id"=>"5"}
I, [2015-02-27T09:57:48.290436 #14291]  INFO -- :   Rendered items/show.html.erb within layouts/application (2.7ms)
I, [2015-02-27T09:57:48.296244 #14291]  INFO -- : Completed 200 OK in 15ms (Views: 10.1ms | ActiveRecord: 0.9ms)
I, [2015-02-27T10:00:01.744849 #14295]  INFO -- : Started GET "/oc/market" for 66.249.78.79 at 2015-02-27 10:00:01 +0000
F, [2015-02-27T10:00:01.772937 #14295] FATAL -- : 
ActionController::RoutingError (No route matches [GET] "/oc/market"):
  actionpack (4.0.2) lib/action_dispatch/middleware/debug_exceptions.rb:21:in `call'
  actionpack (4.0.2) lib/action_dispatch/middleware/show_exceptions.rb:30:in `call'
  railties (4.0.2) lib/rails/rack/logger.rb:38:in `call_app'
  railties (4.0.2) lib/rails/rack/logger.rb:20:in `block in call'
  activesupport (4.0.2) lib/active_support/tagged_logging.rb:67:in `block in tagged'
  activesupport (4.0.2) lib/active_support/tagged_logging.rb:25:in `tagged'
  activesupport (4.0.2) lib/active_support/tagged_logging.rb:67:in `tagged'
  railties (4.0.2) lib/rails/rack/logger.rb:20:in `call'
  actionpack (4.0.2) lib/action_dispatch/middleware/request_id.rb:21:in `call'
  rack (1.5.2) lib/rack/methodoverride.rb:21:in `call'
  rack (1.5.2) lib/rack/runtime.rb:17:in `call'
  activesupport (4.0.2) lib/active_support/cache/strategy/local_cache.rb:83:in `call'
  rack (1.5.2) lib/rack/lock.rb:17:in `call'
  rack (1.5.2) lib/rack/sendfile.rb:112:in `call'
  railties (4.0.2) lib/rails/engine.rb:511:in `call'
  railties (4.0.2) lib/rails/application.rb:97:in `call'
  unicorn (4.8.3) lib/unicorn/http_server.rb:576:in `process_client'
  unicorn (4.8.3) lib/unicorn/http_server.rb:670:in `worker_loop'
  unicorn (4.8.3) lib/unicorn/http_server.rb:525:in `spawn_missing_workers'
  unicorn (4.8.3) lib/unicorn/http_server.rb:140:in `start'
  unicorn (4.8.3) bin/unicorn:126:in `<top (required)>'
  /usr/local/rvm/gems/ruby-2.1.3/bin/unicorn:23:in `load'
  /usr/local/rvm/gems/ruby-2.1.3/bin/unicorn:23:in `<main>'
  /usr/local/rvm/gems/ruby-2.0.0-p353/bin/ruby_executable_hooks:15:in `eval'
  /usr/local/rvm/gems/ruby-2.0.0-p353/bin/ruby_executable_hooks:15:in `<main>'


I, [2015-02-27T10:00:09.334560 #14298]  INFO -- : Started GET "/items/5" for 91.201.244.150 at 2015-02-27 10:00:09 +0000
I, [2015-02-27T10:00:09.342183 #14298]  INFO -- : Processing by ItemsController#show as HTML
I, [2015-02-27T10:00:09.342324 #14298]  INFO -- :   Parameters: {"id"=>"5"}
I, [2015-02-27T10:00:09.361865 #14298]  INFO -- :   Rendered items/show.html.erb within layouts/application (3.5ms)
I, [2015-02-27T10:00:09.369565 #14298]  INFO -- : Completed 200 OK in 27ms (Views: 13.6ms | ActiveRecord: 0.8ms)
I, [2015-02-27T10:03:04.157315 #14295]  INFO -- : Started GET "/items/5" for 91.201.244.150 at 2015-02-27 10:03:04 +0000
I, [2015-02-27T10:03:04.162316 #14295]  INFO -- : Processing by ItemsController#show as HTML
I, [2015-02-27T10:03:04.162517 #14295]  INFO -- :   Parameters: {"id"=>"5"}
I, [2015-02-27T10:03:04.182243 #14295]  INFO -- :   Rendered items/show.html.erb within layouts/application (3.6ms)
I, [2015-02-27T10:03:04.189082 #14295]  INFO -- : Completed 200 OK in 26ms (Views: 12.7ms | ActiveRecord: 0.5ms)
I, [2015-02-27T10:03:10.711168 #14289]  INFO -- : Started GET "/items" for 91.201.244.150 at 2015-02-27 10:03:10 +0000
I, [2015-02-27T10:03:10.720147 #14289]  INFO -- : Processing by ItemsController#index as HTML
I, [2015-02-27T10:03:10.730592 #14289]  INFO -- :   Rendered items/index.html.erb within layouts/application (6.2ms)
I, [2015-02-27T10:03:10.737054 #14289]  INFO -- : Completed 200 OK in 17ms (Views: 14.1ms | ActiveRecord: 0.6ms)
I, [2015-02-27T10:03:25.157833 #14298]  INFO -- : Started GET "/items/6" for 91.201.244.150 at 2015-02-27 10:03:25 +0000
I, [2015-02-27T10:03:25.161043 #14298]  INFO -- : Processing by ItemsController#show as HTML
I, [2015-02-27T10:03:25.161144 #14298]  INFO -- :   Parameters: {"id"=>"6"}
I, [2015-02-27T10:03:25.167019 #14298]  INFO -- :   Rendered items/show.html.erb within layouts/application (1.9ms)
I, [2015-02-27T10:03:25.172783 #14298]  INFO -- : Completed 200 OK in 12ms (Views: 9.3ms | ActiveRecord: 0.3ms)
I, [2015-02-27T10:05:04.448755 #14289]  INFO -- : Started GET "/items/6" for 91.201.244.150 at 2015-02-27 10:05:04 +0000
I, [2015-02-27T10:05:04.523395 #14289]  INFO -- : Processing by ItemsController#show as HTML
I, [2015-02-27T10:05:04.523710 #14289]  INFO -- :   Parameters: {"id"=>"6"}
I, [2015-02-27T10:05:04.640731 #14289]  INFO -- :   Rendered items/show.html.erb within layouts/application (11.1ms)
I, [2015-02-27T10:05:04.652246 #14289]  INFO -- : Completed 200 OK in 128ms (Views: 27.4ms | ActiveRecord: 9.8ms)
I, [2015-02-27T10:05:06.372820 #14295]  INFO -- : Started GET "/images/images/image_missing.png" for 91.201.244.150 at 2015-02-27 10:05:06 +0000
F, [2015-02-27T10:05:06.406586 #14295] FATAL -- : 
ActionController::RoutingError (No route matches [GET] "/images/images/image_missing.png"):
  actionpack (4.0.2) lib/action_dispatch/middleware/debug_exceptions.rb:21:in `call'
  actionpack (4.0.2) lib/action_dispatch/middleware/show_exceptions.rb:30:in `call'
  railties (4.0.2) lib/rails/rack/logger.rb:38:in `call_app'
  railties (4.0.2) lib/rails/rack/logger.rb:20:in `block in call'
  activesupport (4.0.2) lib/active_support/tagged_logging.rb:67:in `block in tagged'
  activesupport (4.0.2) lib/active_support/tagged_logging.rb:25:in `tagged'
  activesupport (4.0.2) lib/active_support/tagged_logging.rb:67:in `tagged'
  railties (4.0.2) lib/rails/rack/logger.rb:20:in `call'
  actionpack (4.0.2) lib/action_dispatch/middleware/request_id.rb:21:in `call'
  rack (1.5.2) lib/rack/methodoverride.rb:21:in `call'
  rack (1.5.2) lib/rack/runtime.rb:17:in `call'
  activesupport (4.0.2) lib/active_support/cache/strategy/local_cache.rb:83:in `call'
  rack (1.5.2) lib/rack/lock.rb:17:in `call'
  rack (1.5.2) lib/rack/sendfile.rb:112:in `call'
  railties (4.0.2) lib/rails/engine.rb:511:in `call'
  railties (4.0.2) lib/rails/application.rb:97:in `call'
  unicorn (4.8.3) lib/unicorn/http_server.rb:576:in `process_client'
  unicorn (4.8.3) lib/unicorn/http_server.rb:670:in `worker_loop'
  unicorn (4.8.3) lib/unicorn/http_server.rb:525:in `spawn_missing_workers'
  unicorn (4.8.3) lib/unicorn/http_server.rb:140:in `start'
  unicorn (4.8.3) bin/unicorn:126:in `<top (required)>'
  /usr/local/rvm/gems/ruby-2.1.3/bin/unicorn:23:in `load'
  /usr/local/rvm/gems/ruby-2.1.3/bin/unicorn:23:in `<main>'
  /usr/local/rvm/gems/ruby-2.0.0-p353/bin/ruby_executable_hooks:15:in `eval'
  /usr/local/rvm/gems/ruby-2.0.0-p353/bin/ruby_executable_hooks:15:in `<main>'


I, [2015-02-27T10:05:08.255472 #14289]  INFO -- : Started HEAD "/images/images/image_missing.png" for 91.201.244.150 at 2015-02-27 10:05:08 +0000
F, [2015-02-27T10:05:08.259521 #14289] FATAL -- : 
ActionController::RoutingError (No route matches [HEAD] "/images/images/image_missing.png"):
  actionpack (4.0.2) lib/action_dispatch/middleware/debug_exceptions.rb:21:in `call'
  actionpack (4.0.2) lib/action_dispatch/middleware/show_exceptions.rb:30:in `call'
  railties (4.0.2) lib/rails/rack/logger.rb:38:in `call_app'
  railties (4.0.2) lib/rails/rack/logger.rb:20:in `block in call'
  activesupport (4.0.2) lib/active_support/tagged_logging.rb:67:in `block in tagged'
  activesupport (4.0.2) lib/active_support/tagged_logging.rb:25:in `tagged'
  activesupport (4.0.2) lib/active_support/tagged_logging.rb:67:in `tagged'
  railties (4.0.2) lib/rails/rack/logger.rb:20:in `call'
  actionpack (4.0.2) lib/action_dispatch/middleware/request_id.rb:21:in `call'
  rack (1.5.2) lib/rack/methodoverride.rb:21:in `call'
  rack (1.5.2) lib/rack/runtime.rb:17:in `call'
  activesupport (4.0.2) lib/active_support/cache/strategy/local_cache.rb:83:in `call'
  rack (1.5.2) lib/rack/lock.rb:17:in `call'
  rack (1.5.2) lib/rack/sendfile.rb:112:in `call'
  railties (4.0.2) lib/rails/engine.rb:511:in `call'
  railties (4.0.2) lib/rails/application.rb:97:in `call'
  unicorn (4.8.3) lib/unicorn/http_server.rb:576:in `process_client'
  unicorn (4.8.3) lib/unicorn/http_server.rb:670:in `worker_loop'
  unicorn (4.8.3) lib/unicorn/http_server.rb:525:in `spawn_missing_workers'
  unicorn (4.8.3) lib/unicorn/http_server.rb:140:in `start'
  unicorn (4.8.3) bin/unicorn:126:in `<top (required)>'
  /usr/local/rvm/gems/ruby-2.1.3/bin/unicorn:23:in `load'
  /usr/local/rvm/gems/ruby-2.1.3/bin/unicorn:23:in `<main>'
  /usr/local/rvm/gems/ruby-2.0.0-p353/bin/ruby_executable_hooks:15:in `eval'
  /usr/local/rvm/gems/ruby-2.0.0-p353/bin/ruby_executable_hooks:15:in `<main>'


I, [2015-02-27T10:05:30.943661 #14295]  INFO -- : Started HEAD "/images/images/image_missing.png" for 91.201.244.150 at 2015-02-27 10:05:30 +0000
F, [2015-02-27T10:05:30.953046 #14295] FATAL -- : 
ActionController::RoutingError (No route matches [HEAD] "/images/images/image_missing.png"):
  actionpack (4.0.2) lib/action_dispatch/middleware/debug_exceptions.rb:21:in `call'
  actionpack (4.0.2) lib/action_dispatch/middleware/show_exceptions.rb:30:in `call'
  railties (4.0.2) lib/rails/rack/logger.rb:38:in `call_app'
  railties (4.0.2) lib/rails/rack/logger.rb:20:in `block in call'
  activesupport (4.0.2) lib/active_support/tagged_logging.rb:67:in `block in tagged'
  activesupport (4.0.2) lib/active_support/tagged_logging.rb:25:in `tagged'
  activesupport (4.0.2) lib/active_support/tagged_logging.rb:67:in `tagged'
  railties (4.0.2) lib/rails/rack/logger.rb:20:in `call'
  actionpack (4.0.2) lib/action_dispatch/middleware/request_id.rb:21:in `call'
  rack (1.5.2) lib/rack/methodoverride.rb:21:in `call'
  rack (1.5.2) lib/rack/runtime.rb:17:in `call'
  activesupport (4.0.2) lib/active_support/cache/strategy/local_cache.rb:83:in `call'
  rack (1.5.2) lib/rack/lock.rb:17:in `call'
  rack (1.5.2) lib/rack/sendfile.rb:112:in `call'
  railties (4.0.2) lib/rails/engine.rb:511:in `call'
  railties (4.0.2) lib/rails/application.rb:97:in `call'
  unicorn (4.8.3) lib/unicorn/http_server.rb:576:in `process_client'
  unicorn (4.8.3) lib/unicorn/http_server.rb:670:in `worker_loop'
  unicorn (4.8.3) lib/unicorn/http_server.rb:525:in `spawn_missing_workers'
  unicorn (4.8.3) lib/unicorn/http_server.rb:140:in `start'
  unicorn (4.8.3) bin/unicorn:126:in `<top (required)>'
  /usr/local/rvm/gems/ruby-2.1.3/bin/unicorn:23:in `load'
  /usr/local/rvm/gems/ruby-2.1.3/bin/unicorn:23:in `<main>'
  /usr/local/rvm/gems/ruby-2.0.0-p353/bin/ruby_executable_hooks:15:in `eval'
  /usr/local/rvm/gems/ruby-2.0.0-p353/bin/ruby_executable_hooks:15:in `<main>'


I, [2015-02-27T10:05:32.043394 #14298]  INFO -- : Started GET "/items/6" for 91.201.244.150 at 2015-02-27 10:05:32 +0000
I, [2015-02-27T10:05:32.117008 #14298]  INFO -- : Processing by ItemsController#show as HTML
I, [2015-02-27T10:05:32.117347 #14298]  INFO -- :   Parameters: {"id"=>"6"}
I, [2015-02-27T10:05:32.221759 #14298]  INFO -- :   Rendered items/show.html.erb within layouts/application (15.3ms)
I, [2015-02-27T10:05:32.238252 #14298]  INFO -- : Completed 200 OK in 120ms (Views: 36.9ms | ActiveRecord: 3.6ms)
I, [2015-02-27T10:07:08.050083 #14295]  INFO -- : Started GET "/items/6" for 91.201.244.150 at 2015-02-27 10:07:08 +0000
I, [2015-02-27T10:07:08.081733 #14295]  INFO -- : Processing by ItemsController#show as HTML
I, [2015-02-27T10:07:08.081871 #14295]  INFO -- :   Parameters: {"id"=>"6"}
I, [2015-02-27T10:07:08.131282 #14295]  INFO -- :   Rendered items/show.html.erb within layouts/application (6.9ms)
I, [2015-02-27T10:07:08.137412 #14295]  INFO -- : Completed 200 OK in 55ms (Views: 15.6ms | ActiveRecord: 3.2ms)
I, [2015-02-27T10:09:17.727648 #14291]  INFO -- : Started GET "/items/6" for 91.201.244.150 at 2015-02-27 10:09:17 +0000
I, [2015-02-27T10:09:17.767255 #14291]  INFO -- : Processing by ItemsController#show as HTML
I, [2015-02-27T10:09:17.767423 #14291]  INFO -- :   Parameters: {"id"=>"6"}
I, [2015-02-27T10:09:17.825626 #14291]  INFO -- :   Rendered items/show.html.erb within layouts/application (11.4ms)
I, [2015-02-27T10:09:17.833592 #14291]  INFO -- : Completed 200 OK in 66ms (Views: 23.5ms | ActiveRecord: 4.0ms)
I, [2015-02-27T10:09:24.406105 #14289]  INFO -- : Started GET "/items/new" for 91.201.244.150 at 2015-02-27 10:09:24 +0000
I, [2015-02-27T10:09:24.438686 #14289]  INFO -- : Processing by ItemsController#new as HTML
I, [2015-02-27T10:09:24.483812 #14289]  INFO -- :   Rendered items/new.html.erb within layouts/application (6.9ms)
I, [2015-02-27T10:09:24.489893 #14289]  INFO -- : Completed 200 OK in 51ms (Views: 15.4ms | ActiveRecord: 2.1ms)
I, [2015-02-27T10:09:55.778697 #14291]  INFO -- : Started POST "/items" for 91.201.244.150 at 2015-02-27 10:09:55 +0000
I, [2015-02-27T10:09:55.786322 #14291]  INFO -- : Processing by ItemsController#create as HTML
I, [2015-02-27T10:09:55.786609 #14291]  INFO -- :   Parameters: {"utf8"=>"✓", "authenticity_token"=>"0nNdKWOfpAkoD+6R2tdcuEMMQ8X7kB9xsUDQHWvBhhs=", "item"=>{"name"=>"First Item2", "price"=>"2111.0", "weigth"=>"33", "i_photo"=>#<ActionDispatch::Http::UploadedFile:0x00000006173e40 @tempfile=#<Tempfile:/tmp/RackMultipart20150227-14291-aypap>, @original_filename="jeff_powell_1314039574_47.png", @content_type="image/png", @headers="Content-Disposition: form-data; name=\"item[i_photo]\"; filename=\"jeff_powell_1314039574_47.png\"\r\nContent-Type: image/png\r\n">, "real"=>"1", "short_desc"=>"123", "description"=>"1233333"}, "commit"=>"Создать"}
I, [2015-02-27T10:09:55.792522 #14291]  INFO -- : Completed 500 Internal Server Error in 6ms
F, [2015-02-27T10:09:55.794427 #14291] FATAL -- : 
Paperclip::Errors::MissingRequiredValidatorError (Paperclip::Errors::MissingRequiredValidatorError):
  app/controllers/items_controller.rb:49:in `create'


I, [2015-02-27T10:10:21.427623 #14289]  INFO -- : Started GET "/items/new" for 91.201.244.150 at 2015-02-27 10:10:21 +0000
I, [2015-02-27T10:10:21.502101 #14289]  INFO -- : Processing by ItemsController#new as HTML
I, [2015-02-27T10:10:21.572053 #14289]  INFO -- :   Rendered items/new.html.erb within layouts/application (7.5ms)
I, [2015-02-27T10:10:21.583393 #14289]  INFO -- : Completed 200 OK in 81ms (Views: 21.7ms | ActiveRecord: 5.5ms)
I, [2015-02-27T10:10:38.477374 #14295]  INFO -- : Started POST "/items" for 91.201.244.150 at 2015-02-27 10:10:38 +0000
I, [2015-02-27T10:10:38.564610 #14295]  INFO -- : Processing by ItemsController#create as HTML
I, [2015-02-27T10:10:38.565530 #14295]  INFO -- :   Parameters: {"utf8"=>"✓", "authenticity_token"=>"0nNdKWOfpAkoD+6R2tdcuEMMQ8X7kB9xsUDQHWvBhhs=", "item"=>{"name"=>"Test edit item33", "price"=>"2111.0", "weigth"=>"123", "i_photo"=>#<ActionDispatch::Http::UploadedFile:0x0000000641a8d8 @tempfile=#<Tempfile:/tmp/RackMultipart20150227-14295-sefyoj>, @original_filename="jeff_powell_1314039574_47.png", @content_type="image/png", @headers="Content-Disposition: form-data; name=\"item[i_photo]\"; filename=\"jeff_powell_1314039574_47.png\"\r\nContent-Type: image/png\r\n">, "real"=>"1", "short_desc"=>"123123", "description"=>"123123"}, "commit"=>"Создать"}
I, [2015-02-27T10:10:38.685851 #14295]  INFO -- : Command :: file -b --mime '/tmp/1b96d33b22a9c953a85168c89a153b2d20150227-14295-1pnr6kr.png'
I, [2015-02-27T10:10:38.714334 #14295]  INFO -- : Command :: identify -format '%wx%h,%[exif:orientation]' '/tmp/1b96d33b22a9c953a85168c89a153b2d20150227-14295-1s6truh.png[0]' 2>/dev/null
I, [2015-02-27T10:10:38.974056 #14295]  INFO -- : Command :: identify -format %m '/tmp/1b96d33b22a9c953a85168c89a153b2d20150227-14295-1s6truh.png[0]'
I, [2015-02-27T10:10:39.012854 #14295]  INFO -- : Command :: convert '/tmp/1b96d33b22a9c953a85168c89a153b2d20150227-14295-1s6truh.png[0]' -auto-orient -resize "300x300>" '/tmp/1b96d33b22a9c953a85168c89a153b2d20150227-14295-1s6truh20150227-14295-qt2f2e'
I, [2015-02-27T10:10:39.318822 #14295]  INFO -- : Command :: file -b --mime '/tmp/1b96d33b22a9c953a85168c89a153b2d20150227-14295-1s6truh20150227-14295-qt2f2e'
I, [2015-02-27T10:10:39.327318 #14295]  INFO -- : Command :: identify -format '%wx%h,%[exif:orientation]' '/tmp/1b96d33b22a9c953a85168c89a153b2d20150227-14295-1s6truh.png[0]' 2>/dev/null
I, [2015-02-27T10:10:39.402733 #14295]  INFO -- : Command :: identify -format %m '/tmp/1b96d33b22a9c953a85168c89a153b2d20150227-14295-1s6truh.png[0]'
I, [2015-02-27T10:10:39.413993 #14295]  INFO -- : Command :: convert '/tmp/1b96d33b22a9c953a85168c89a153b2d20150227-14295-1s6truh.png[0]' -auto-orient -resize "100x100>" '/tmp/1b96d33b22a9c953a85168c89a153b2d20150227-14295-1s6truh20150227-14295-olquje'
I, [2015-02-27T10:10:39.637558 #14295]  INFO -- : Command :: file -b --mime '/tmp/1b96d33b22a9c953a85168c89a153b2d20150227-14295-1s6truh20150227-14295-olquje'
I, [2015-02-27T10:10:39.655794 #14295]  INFO -- : Command :: file -b --mime '/tmp/1b96d33b22a9c953a85168c89a153b2d20150227-14295-f9auyi.png'
I, [2015-02-27T10:10:39.713949 #14295]  INFO -- : Redirected to http://178.62.24.75/items
I, [2015-02-27T10:10:39.714557 #14295]  INFO -- : Completed 302 Found in 1149ms (ActiveRecord: 31.6ms)
I, [2015-02-27T10:10:39.783844 #14298]  INFO -- : Started GET "/items" for 91.201.244.150 at 2015-02-27 10:10:39 +0000
I, [2015-02-27T10:10:39.821812 #14298]  INFO -- : Processing by ItemsController#index as HTML
I, [2015-02-27T10:10:39.868001 #14298]  INFO -- :   Rendered items/index.html.erb within layouts/application (32.5ms)
I, [2015-02-27T10:10:39.874980 #14298]  INFO -- : Completed 200 OK in 53ms (Views: 39.2ms | ActiveRecord: 2.8ms)
I, [2015-02-27T10:10:45.962823 #14295]  INFO -- : Started GET "/items/7" for 91.201.244.150 at 2015-02-27 10:10:45 +0000
I, [2015-02-27T10:10:45.982828 #14295]  INFO -- : Processing by ItemsController#show as HTML
I, [2015-02-27T10:10:45.983170 #14295]  INFO -- :   Parameters: {"id"=>"7"}
I, [2015-02-27T10:10:46.017885 #14295]  INFO -- :   Rendered items/show.html.erb within layouts/application (15.6ms)
I, [2015-02-27T10:10:46.037553 #14295]  INFO -- : Completed 200 OK in 54ms (Views: 42.6ms | ActiveRecord: 1.9ms)
I, [2015-02-27T10:31:43.383619 #14289]  INFO -- : Started GET "/" for 220.181.108.149 at 2015-02-27 10:31:43 +0000
I, [2015-02-27T10:31:43.396959 #14289]  INFO -- : Processing by HomeController#index as */*
I, [2015-02-27T10:31:43.405698 #14289]  INFO -- :   Rendered home/index.html.erb within layouts/application (1.5ms)
I, [2015-02-27T10:31:43.413780 #14289]  INFO -- : Completed 200 OK in 17ms (Views: 14.8ms | ActiveRecord: 0.0ms)
I, [2015-02-27T10:31:43.736483 #14298]  INFO -- : Started GET "/" for 123.125.71.100 at 2015-02-27 10:31:43 +0000
I, [2015-02-27T10:31:43.762319 #14298]  INFO -- : Processing by HomeController#index as */*
I, [2015-02-27T10:31:43.776842 #14298]  INFO -- :   Rendered home/index.html.erb within layouts/application (3.0ms)
I, [2015-02-27T10:31:43.791500 #14298]  INFO -- : Completed 200 OK in 29ms (Views: 25.6ms | ActiveRecord: 0.0ms)
I, [2015-02-27T10:31:43.815694 #14289]  INFO -- : Started GET "/" for 220.181.108.146 at 2015-02-27 10:31:43 +0000
I, [2015-02-27T10:31:43.820957 #14289]  INFO -- : Processing by HomeController#index as */*
I, [2015-02-27T10:31:43.827996 #14289]  INFO -- :   Rendered home/index.html.erb within layouts/application (0.4ms)
I, [2015-02-27T10:31:43.838885 #14289]  INFO -- : Completed 200 OK in 18ms (Views: 16.1ms | ActiveRecord: 0.0ms)
I, [2015-02-27T10:31:44.610345 #14298]  INFO -- : Started GET "/" for 123.125.71.74 at 2015-02-27 10:31:44 +0000
I, [2015-02-27T10:31:44.613378 #14298]  INFO -- : Processing by HomeController#index as */*
I, [2015-02-27T10:31:44.616758 #14298]  INFO -- :   Rendered home/index.html.erb within layouts/application (0.1ms)
I, [2015-02-27T10:31:44.622014 #14298]  INFO -- : Completed 200 OK in 9ms (Views: 7.8ms | ActiveRecord: 0.0ms)
I, [2015-02-27T10:43:36.641896 #14291]  INFO -- : Started GET "/" for 61.240.144.67 at 2015-02-27 10:43:36 +0000
I, [2015-02-27T10:43:36.690855 #14291]  INFO -- : Processing by HomeController#index as */*
I, [2015-02-27T10:43:36.701259 #14291]  INFO -- :   Rendered home/index.html.erb within layouts/application (2.2ms)
I, [2015-02-27T10:43:36.711706 #14291]  INFO -- : Completed 200 OK in 20ms (Views: 18.5ms | ActiveRecord: 0.0ms)
I, [2015-02-27T10:48:05.245934 #14289]  INFO -- : Started GET "/items/7" for 91.201.244.150 at 2015-02-27 10:48:05 +0000
I, [2015-02-27T10:48:05.260137 #14289]  INFO -- : Processing by ItemsController#show as HTML
I, [2015-02-27T10:48:05.260363 #14289]  INFO -- :   Parameters: {"id"=>"7"}
I, [2015-02-27T10:48:05.283144 #14289]  INFO -- :   Rendered items/show.html.erb within layouts/application (10.0ms)
I, [2015-02-27T10:48:05.291015 #14289]  INFO -- : Completed 200 OK in 30ms (Views: 21.3ms | ActiveRecord: 0.8ms)
I, [2015-02-27T10:52:09.447349 #14298]  INFO -- : Started GET "/items/7" for 91.201.244.150 at 2015-02-27 10:52:09 +0000
I, [2015-02-27T10:52:09.542973 #14298]  INFO -- : Processing by ItemsController#show as HTML
I, [2015-02-27T10:52:09.543225 #14298]  INFO -- :   Parameters: {"id"=>"7"}
I, [2015-02-27T10:52:09.611324 #14298]  INFO -- :   Rendered items/show.html.erb within layouts/application (12.6ms)
I, [2015-02-27T10:52:09.621684 #14298]  INFO -- : Completed 200 OK in 78ms (Views: 28.6ms | ActiveRecord: 11.5ms)
I, [2015-02-27T10:56:35.936377 #14289]  INFO -- : Started GET "/items/7" for 91.201.244.150 at 2015-02-27 10:56:35 +0000
I, [2015-02-27T10:56:36.054373 #14289]  INFO -- : Processing by ItemsController#show as HTML
I, [2015-02-27T10:56:36.054541 #14289]  INFO -- :   Parameters: {"id"=>"7"}
I, [2015-02-27T10:56:36.102011 #14289]  INFO -- :   Rendered items/show.html.erb within layouts/application (1.7ms)
I, [2015-02-27T10:56:36.113919 #14289]  INFO -- : Completed 200 OK in 59ms (Views: 17.4ms | ActiveRecord: 11.4ms)
I, [2015-02-27T10:56:37.016020 #14291]  INFO -- : Started GET "/i_photos/medium/missing.png" for 91.201.244.150 at 2015-02-27 10:56:37 +0000
F, [2015-02-27T10:56:37.052063 #14291] FATAL -- : 
ActionController::RoutingError (No route matches [GET] "/i_photos/medium/missing.png"):
  actionpack (4.0.2) lib/action_dispatch/middleware/debug_exceptions.rb:21:in `call'
  actionpack (4.0.2) lib/action_dispatch/middleware/show_exceptions.rb:30:in `call'
  railties (4.0.2) lib/rails/rack/logger.rb:38:in `call_app'
  railties (4.0.2) lib/rails/rack/logger.rb:20:in `block in call'
  activesupport (4.0.2) lib/active_support/tagged_logging.rb:67:in `block in tagged'
  activesupport (4.0.2) lib/active_support/tagged_logging.rb:25:in `tagged'
  activesupport (4.0.2) lib/active_support/tagged_logging.rb:67:in `tagged'
  railties (4.0.2) lib/rails/rack/logger.rb:20:in `call'
  actionpack (4.0.2) lib/action_dispatch/middleware/request_id.rb:21:in `call'
  rack (1.5.2) lib/rack/methodoverride.rb:21:in `call'
  rack (1.5.2) lib/rack/runtime.rb:17:in `call'
  activesupport (4.0.2) lib/active_support/cache/strategy/local_cache.rb:83:in `call'
  rack (1.5.2) lib/rack/lock.rb:17:in `call'
  rack (1.5.2) lib/rack/sendfile.rb:112:in `call'
  railties (4.0.2) lib/rails/engine.rb:511:in `call'
  railties (4.0.2) lib/rails/application.rb:97:in `call'
  unicorn (4.8.3) lib/unicorn/http_server.rb:576:in `process_client'
  unicorn (4.8.3) lib/unicorn/http_server.rb:670:in `worker_loop'
  unicorn (4.8.3) lib/unicorn/http_server.rb:525:in `spawn_missing_workers'
  unicorn (4.8.3) lib/unicorn/http_server.rb:140:in `start'
  unicorn (4.8.3) bin/unicorn:126:in `<top (required)>'
  /usr/local/rvm/gems/ruby-2.1.3/bin/unicorn:23:in `load'
  /usr/local/rvm/gems/ruby-2.1.3/bin/unicorn:23:in `<main>'
  /usr/local/rvm/gems/ruby-2.0.0-p353/bin/ruby_executable_hooks:15:in `eval'
  /usr/local/rvm/gems/ruby-2.0.0-p353/bin/ruby_executable_hooks:15:in `<main>'


I, [2015-02-27T10:56:37.454262 #14289]  INFO -- : Started GET "/i_photos/medium/missing.png" for 91.201.244.150 at 2015-02-27 10:56:37 +0000
F, [2015-02-27T10:56:37.457424 #14289] FATAL -- : 
ActionController::RoutingError (No route matches [GET] "/i_photos/medium/missing.png"):
  actionpack (4.0.2) lib/action_dispatch/middleware/debug_exceptions.rb:21:in `call'
  actionpack (4.0.2) lib/action_dispatch/middleware/show_exceptions.rb:30:in `call'
  railties (4.0.2) lib/rails/rack/logger.rb:38:in `call_app'
  railties (4.0.2) lib/rails/rack/logger.rb:20:in `block in call'
  activesupport (4.0.2) lib/active_support/tagged_logging.rb:67:in `block in tagged'
  activesupport (4.0.2) lib/active_support/tagged_logging.rb:25:in `tagged'
  activesupport (4.0.2) lib/active_support/tagged_logging.rb:67:in `tagged'
  railties (4.0.2) lib/rails/rack/logger.rb:20:in `call'
  actionpack (4.0.2) lib/action_dispatch/middleware/request_id.rb:21:in `call'
  rack (1.5.2) lib/rack/methodoverride.rb:21:in `call'
  rack (1.5.2) lib/rack/runtime.rb:17:in `call'
  activesupport (4.0.2) lib/active_support/cache/strategy/local_cache.rb:83:in `call'
  rack (1.5.2) lib/rack/lock.rb:17:in `call'
  rack (1.5.2) lib/rack/sendfile.rb:112:in `call'
  railties (4.0.2) lib/rails/engine.rb:511:in `call'
  railties (4.0.2) lib/rails/application.rb:97:in `call'
  unicorn (4.8.3) lib/unicorn/http_server.rb:576:in `process_client'
  unicorn (4.8.3) lib/unicorn/http_server.rb:670:in `worker_loop'
  unicorn (4.8.3) lib/unicorn/http_server.rb:525:in `spawn_missing_workers'
  unicorn (4.8.3) lib/unicorn/http_server.rb:140:in `start'
  unicorn (4.8.3) bin/unicorn:126:in `<top (required)>'
  /usr/local/rvm/gems/ruby-2.1.3/bin/unicorn:23:in `load'
  /usr/local/rvm/gems/ruby-2.1.3/bin/unicorn:23:in `<main>'
  /usr/local/rvm/gems/ruby-2.0.0-p353/bin/ruby_executable_hooks:15:in `eval'
  /usr/local/rvm/gems/ruby-2.0.0-p353/bin/ruby_executable_hooks:15:in `<main>'


I, [2015-02-27T10:56:43.137349 #14295]  INFO -- : Started GET "/items" for 91.201.244.150 at 2015-02-27 10:56:43 +0000
I, [2015-02-27T10:56:43.183746 #14295]  INFO -- : Processing by ItemsController#index as HTML
I, [2015-02-27T10:56:43.232583 #14295]  INFO -- :   Rendered items/index.html.erb within layouts/application (32.8ms)
I, [2015-02-27T10:56:43.240457 #14295]  INFO -- : Completed 200 OK in 56ms (Views: 40.8ms | ActiveRecord: 2.8ms)
I, [2015-02-27T10:56:46.866683 #14298]  INFO -- : Started GET "/items/1" for 91.201.244.150 at 2015-02-27 10:56:46 +0000
I, [2015-02-27T10:56:46.903431 #14298]  INFO -- : Processing by ItemsController#show as HTML
I, [2015-02-27T10:56:46.903554 #14298]  INFO -- :   Parameters: {"id"=>"1"}
I, [2015-02-27T10:56:46.983101 #14298]  INFO -- :   Rendered items/show.html.erb within layouts/application (1.4ms)
I, [2015-02-27T10:56:46.989045 #14298]  INFO -- : Completed 200 OK in 85ms (Views: 9.6ms | ActiveRecord: 3.3ms)
I, [2015-02-27T10:56:47.550051 #14295]  INFO -- : Started GET "/i_photos/medium/missing.png" for 91.201.244.150 at 2015-02-27 10:56:47 +0000
F, [2015-02-27T10:56:47.553583 #14295] FATAL -- : 
ActionController::RoutingError (No route matches [GET] "/i_photos/medium/missing.png"):
  actionpack (4.0.2) lib/action_dispatch/middleware/debug_exceptions.rb:21:in `call'
  actionpack (4.0.2) lib/action_dispatch/middleware/show_exceptions.rb:30:in `call'
  railties (4.0.2) lib/rails/rack/logger.rb:38:in `call_app'
  railties (4.0.2) lib/rails/rack/logger.rb:20:in `block in call'
  activesupport (4.0.2) lib/active_support/tagged_logging.rb:67:in `block in tagged'
  activesupport (4.0.2) lib/active_support/tagged_logging.rb:25:in `tagged'
  activesupport (4.0.2) lib/active_support/tagged_logging.rb:67:in `tagged'
  railties (4.0.2) lib/rails/rack/logger.rb:20:in `call'
  actionpack (4.0.2) lib/action_dispatch/middleware/request_id.rb:21:in `call'
  rack (1.5.2) lib/rack/methodoverride.rb:21:in `call'
  rack (1.5.2) lib/rack/runtime.rb:17:in `call'
  activesupport (4.0.2) lib/active_support/cache/strategy/local_cache.rb:83:in `call'
  rack (1.5.2) lib/rack/lock.rb:17:in `call'
  rack (1.5.2) lib/rack/sendfile.rb:112:in `call'
  railties (4.0.2) lib/rails/engine.rb:511:in `call'
  railties (4.0.2) lib/rails/application.rb:97:in `call'
  unicorn (4.8.3) lib/unicorn/http_server.rb:576:in `process_client'
  unicorn (4.8.3) lib/unicorn/http_server.rb:670:in `worker_loop'
  unicorn (4.8.3) lib/unicorn/http_server.rb:525:in `spawn_missing_workers'
  unicorn (4.8.3) lib/unicorn/http_server.rb:140:in `start'
  unicorn (4.8.3) bin/unicorn:126:in `<top (required)>'
  /usr/local/rvm/gems/ruby-2.1.3/bin/unicorn:23:in `load'
  /usr/local/rvm/gems/ruby-2.1.3/bin/unicorn:23:in `<main>'
  /usr/local/rvm/gems/ruby-2.0.0-p353/bin/ruby_executable_hooks:15:in `eval'
  /usr/local/rvm/gems/ruby-2.0.0-p353/bin/ruby_executable_hooks:15:in `<main>'


I, [2015-02-27T10:56:51.673727 #14289]  INFO -- : Started GET "/items/1/edit" for 91.201.244.150 at 2015-02-27 10:56:51 +0000
I, [2015-02-27T10:56:51.679638 #14289]  INFO -- : Processing by ItemsController#edit as HTML
I, [2015-02-27T10:56:51.679759 #14289]  INFO -- :   Parameters: {"id"=>"1"}
I, [2015-02-27T10:56:51.693543 #14289]  INFO -- :   Rendered items/edit.html.erb within layouts/application (8.9ms)
I, [2015-02-27T10:56:51.702206 #14289]  INFO -- : Completed 200 OK in 22ms (Views: 19.7ms | ActiveRecord: 0.4ms)
I, [2015-02-27T10:57:01.340943 #14295]  INFO -- : Started PATCH "/items/1" for 91.201.244.150 at 2015-02-27 10:57:01 +0000
I, [2015-02-27T10:57:01.344946 #14295]  INFO -- : Processing by ItemsController#update as HTML
I, [2015-02-27T10:57:01.345349 #14295]  INFO -- :   Parameters: {"utf8"=>"✓", "authenticity_token"=>"0nNdKWOfpAkoD+6R2tdcuEMMQ8X7kB9xsUDQHWvBhhs=", "item"=>{"name"=>"First Item", "price"=>"200.5", "weigth"=>"50.55", "i_photo"=>#<ActionDispatch::Http::UploadedFile:0x00000006cda428 @tempfile=#<Tempfile:/tmp/RackMultipart20150227-14295-sc5d5v>, @original_filename="jeff_powell_1314039574_47.png", @content_type="image/png", @headers="Content-Disposition: form-data; name=\"item[i_photo]\"; filename=\"jeff_powell_1314039574_47.png\"\r\nContent-Type: image/png\r\n">, "real"=>"1", "short_desc"=>"Lorem ipsum dolor sit amet, consectetur adipiscing elit. Phasellus egestas posuere lectus quis iaculis. Nulla vel augue sed diam consectetur suscipit vitae nec odio", "description"=>"Lorem ipsum dolor sit amet, consectetur adipiscing elit. Phasellus egestas posuere lectus quis iaculis. Nulla vel augue sed diam consectetur suscipit vitae nec odio. Donec nec justo interdum, posuere leo quis, efficitur magna. Maecenas dapibus nisl et diam bibendum molestie et at eros. Aliquam fringilla libero tortor, et bibendum nisl volutpat id. Aenean pretium libero vitae finibus gravida. Praesent fringilla rutrum tortor eu finibus. Sed interdum et erat et ultricies. Mauris quis aliquet orci. Lorem ipsum dolor sit amet, consectetur adipiscing elit. Etiam nec ligula fermentum, blandit libero ac, pharetra dui. Mauris lacinia fermentum feugiat. Donec tempus vitae nibh quis hendrerit. Ut luctus, urna in venenatis facilisis, augue dolor tincidunt diam, ac viverra neque nisl sit amet leo. Interdum et malesuada fames ac ante ipsum primis in faucibus. Sed pulvinar bibendum mauris, vel molestie enim pulvinar quis."}, "commit"=>"Создать", "id"=>"1"}
I, [2015-02-27T10:57:01.366070 #14295]  INFO -- : Command :: file -b --mime '/tmp/1b96d33b22a9c953a85168c89a153b2d20150227-14295-1buh4d0.png'
I, [2015-02-27T10:57:01.464664 #14295]  INFO -- : Completed 500 Internal Server Error in 119ms
F, [2015-02-27T10:57:01.469622 #14295] FATAL -- : 
Errno::ENOMEM (Cannot allocate memory - file -b --mime '/tmp/1b96d33b22a9c953a85168c89a153b2d20150227-14295-1buh4d0.png'):
  app/controllers/items_controller.rb:34:in `update'


I, [2015-02-27T10:57:06.723476 #14289]  INFO -- : Started GET "/items/1" for 91.201.244.150 at 2015-02-27 10:57:06 +0000
I, [2015-02-27T10:57:06.726181 #14289]  INFO -- : Processing by ItemsController#show as HTML
I, [2015-02-27T10:57:06.726293 #14289]  INFO -- :   Parameters: {"id"=>"1"}
I, [2015-02-27T10:57:06.733178 #14289]  INFO -- :   Rendered items/show.html.erb within layouts/application (1.3ms)
I, [2015-02-27T10:57:06.739826 #14289]  INFO -- : Completed 200 OK in 13ms (Views: 9.7ms | ActiveRecord: 0.6ms)
I, [2015-02-27T10:57:07.290715 #14295]  INFO -- : Started GET "/i_photos/medium/missing.png" for 91.201.244.150 at 2015-02-27 10:57:07 +0000
F, [2015-02-27T10:57:07.294761 #14295] FATAL -- : 
ActionController::RoutingError (No route matches [GET] "/i_photos/medium/missing.png"):
  actionpack (4.0.2) lib/action_dispatch/middleware/debug_exceptions.rb:21:in `call'
  actionpack (4.0.2) lib/action_dispatch/middleware/show_exceptions.rb:30:in `call'
  railties (4.0.2) lib/rails/rack/logger.rb:38:in `call_app'
  railties (4.0.2) lib/rails/rack/logger.rb:20:in `block in call'
  activesupport (4.0.2) lib/active_support/tagged_logging.rb:67:in `block in tagged'
  activesupport (4.0.2) lib/active_support/tagged_logging.rb:25:in `tagged'
  activesupport (4.0.2) lib/active_support/tagged_logging.rb:67:in `tagged'
  railties (4.0.2) lib/rails/rack/logger.rb:20:in `call'
  actionpack (4.0.2) lib/action_dispatch/middleware/request_id.rb:21:in `call'
  rack (1.5.2) lib/rack/methodoverride.rb:21:in `call'
  rack (1.5.2) lib/rack/runtime.rb:17:in `call'
  activesupport (4.0.2) lib/active_support/cache/strategy/local_cache.rb:83:in `call'
  rack (1.5.2) lib/rack/lock.rb:17:in `call'
  rack (1.5.2) lib/rack/sendfile.rb:112:in `call'
  railties (4.0.2) lib/rails/engine.rb:511:in `call'
  railties (4.0.2) lib/rails/application.rb:97:in `call'
  unicorn (4.8.3) lib/unicorn/http_server.rb:576:in `process_client'
  unicorn (4.8.3) lib/unicorn/http_server.rb:670:in `worker_loop'
  unicorn (4.8.3) lib/unicorn/http_server.rb:525:in `spawn_missing_workers'
  unicorn (4.8.3) lib/unicorn/http_server.rb:140:in `start'
  unicorn (4.8.3) bin/unicorn:126:in `<top (required)>'
  /usr/local/rvm/gems/ruby-2.1.3/bin/unicorn:23:in `load'
  /usr/local/rvm/gems/ruby-2.1.3/bin/unicorn:23:in `<main>'
  /usr/local/rvm/gems/ruby-2.0.0-p353/bin/ruby_executable_hooks:15:in `eval'
  /usr/local/rvm/gems/ruby-2.0.0-p353/bin/ruby_executable_hooks:15:in `<main>'


I, [2015-02-27T10:57:11.425354 #14291]  INFO -- : Started GET "/items/1/edit" for 91.201.244.150 at 2015-02-27 10:57:11 +0000
I, [2015-02-27T10:57:11.445978 #14291]  INFO -- : Processing by ItemsController#edit as HTML
I, [2015-02-27T10:57:11.446181 #14291]  INFO -- :   Parameters: {"id"=>"1"}
I, [2015-02-27T10:57:11.642608 #14291]  INFO -- :   Rendered items/edit.html.erb within layouts/application (137.1ms)
I, [2015-02-27T10:57:11.660876 #14291]  INFO -- : Completed 200 OK in 214ms (Views: 157.5ms | ActiveRecord: 3.1ms)
I, [2015-02-27T10:59:17.075938 #14289]  INFO -- : Started PATCH "/items/1" for 91.201.244.150 at 2015-02-27 10:59:17 +0000
I, [2015-02-27T10:59:17.110740 #14289]  INFO -- : Processing by ItemsController#update as HTML
I, [2015-02-27T10:59:17.111179 #14289]  INFO -- :   Parameters: {"utf8"=>"✓", "authenticity_token"=>"0nNdKWOfpAkoD+6R2tdcuEMMQ8X7kB9xsUDQHWvBhhs=", "item"=>{"name"=>"First Item", "price"=>"200.5", "weigth"=>"50.55", "i_photo"=>#<ActionDispatch::Http::UploadedFile:0x00000005c52308 @tempfile=#<Tempfile:/tmp/RackMultipart20150227-14289-1jy7mhj>, @original_filename="jeff_powell_1314039574_47.png", @content_type="image/png", @headers="Content-Disposition: form-data; name=\"item[i_photo]\"; filename=\"jeff_powell_1314039574_47.png\"\r\nContent-Type: image/png\r\n">, "real"=>"1", "short_desc"=>"Lorem ipsum dolor sit amet, consectetur adipiscing elit. Phasellus egestas posuere lectus quis iaculis. Nulla vel augue sed diam consectetur suscipit vitae nec odio", "description"=>"Lorem ipsum dolor sit amet, consectetur adipiscing elit. Phasellus egestas posuere lectus quis iaculis. Nulla vel augue sed diam consectetur suscipit vitae nec odio. Donec nec justo interdum, posuere leo quis, efficitur magna. Maecenas dapibus nisl et diam bibendum molestie et at eros. Aliquam fringilla libero tortor, et bibendum nisl volutpat id. Aenean pretium libero vitae finibus gravida. Praesent fringilla rutrum tortor eu finibus. Sed interdum et erat et ultricies. Mauris quis aliquet orci. Lorem ipsum dolor sit amet, consectetur adipiscing elit. Etiam nec ligula fermentum, blandit libero ac, pharetra dui. Mauris lacinia fermentum feugiat. Donec tempus vitae nibh quis hendrerit. Ut luctus, urna in venenatis facilisis, augue dolor tincidunt diam, ac viverra neque nisl sit amet leo. Interdum et malesuada fames ac ante ipsum primis in faucibus. Sed pulvinar bibendum mauris, vel molestie enim pulvinar quis."}, "commit"=>"Создать", "id"=>"1"}
I, [2015-02-27T10:59:17.159318 #14289]  INFO -- : Command :: file -b --mime '/tmp/1b96d33b22a9c953a85168c89a153b2d20150227-14289-1ql8jw3.png'
I, [2015-02-27T10:59:17.231971 #14289]  INFO -- : Completed 500 Internal Server Error in 121ms
F, [2015-02-27T10:59:17.235038 #14289] FATAL -- : 
Errno::ENOMEM (Cannot allocate memory - file -b --mime '/tmp/1b96d33b22a9c953a85168c89a153b2d20150227-14289-1ql8jw3.png'):
  app/controllers/items_controller.rb:34:in `update'


I, [2015-02-27T10:59:23.085052 #14298]  INFO -- : Started GET "/items/1/edit" for 91.201.244.150 at 2015-02-27 10:59:23 +0000
I, [2015-02-27T10:59:23.146336 #14298]  INFO -- : Processing by ItemsController#edit as HTML
I, [2015-02-27T10:59:23.146585 #14298]  INFO -- :   Parameters: {"id"=>"1"}
I, [2015-02-27T10:59:23.212799 #14298]  INFO -- :   Rendered items/edit.html.erb within layouts/application (13.1ms)
I, [2015-02-27T10:59:23.219848 #14298]  INFO -- : Completed 200 OK in 73ms (Views: 23.0ms | ActiveRecord: 3.3ms)
I, [2015-02-27T11:00:01.076283 #14289]  INFO -- : Started PATCH "/items/1" for 91.201.244.150 at 2015-02-27 11:00:01 +0000
I, [2015-02-27T11:00:01.091755 #14289]  INFO -- : Processing by ItemsController#update as HTML
