  actionpack (4.0.2) lib/action_dispatch/middleware/debug_exceptions.rb:21:in `call'
  actionpack (4.0.2) lib/action_dispatch/middleware/show_exceptions.rb:30:in `call'
  railties (4.0.2) lib/rails/rack/logger.rb:38:in `call_app'
  railties (4.0.2) lib/rails/rack/logger.rb:20:in `block in call'
  activesupport (4.0.2) lib/active_support/tagged_logging.rb:67:in `block in tagged'
  activesupport (4.0.2) lib/active_support/tagged_logging.rb:25:in `tagged'
  activesupport (4.0.2) lib/active_support/tagged_logging.rb:67:in `tagged'
  railties (4.0.2) lib/rails/rack/logger.rb:20:in `call'
  actionpack (4.0.2) lib/action_dispatch/middleware/request_id.rb:21:in `call'
  rack (1.5.2) lib/rack/methodoverride.rb:21:in `call'
  rack (1.5.2) lib/rack/runtime.rb:17:in `call'
  activesupport (4.0.2) lib/active_support/cache/strategy/local_cache.rb:83:in `call'
  rack (1.5.2) lib/rack/lock.rb:17:in `call'
  rack (1.5.2) lib/rack/sendfile.rb:112:in `call'
  railties (4.0.2) lib/rails/engine.rb:511:in `call'
  railties (4.0.2) lib/rails/application.rb:97:in `call'
  unicorn (4.8.3) lib/unicorn/http_server.rb:576:in `process_client'
  unicorn (4.8.3) lib/unicorn/http_server.rb:670:in `worker_loop'
  unicorn (4.8.3) lib/unicorn/http_server.rb:525:in `spawn_missing_workers'
  unicorn (4.8.3) lib/unicorn/http_server.rb:140:in `start'
  unicorn (4.8.3) bin/unicorn:126:in `<top (required)>'
  /usr/local/rvm/gems/ruby-2.1.3/bin/unicorn:23:in `load'
  /usr/local/rvm/gems/ruby-2.1.3/bin/unicorn:23:in `<main>'
  /usr/local/rvm/gems/ruby-2.0.0-p353/bin/ruby_executable_hooks:15:in `eval'
  /usr/local/rvm/gems/ruby-2.0.0-p353/bin/ruby_executable_hooks:15:in `<main>'


I, [2015-02-25T21:04:33.941895 #8680]  INFO -- : Started GET "/asets/favicon.ico" for 91.201.242.86 at 2015-02-25 21:04:33 +0000
F, [2015-02-25T21:04:33.948928 #8680] FATAL -- : 
ActionController::RoutingError (No route matches [GET] "/asets/favicon.ico"):
  actionpack (4.0.2) lib/action_dispatch/middleware/debug_exceptions.rb:21:in `call'
  actionpack (4.0.2) lib/action_dispatch/middleware/show_exceptions.rb:30:in `call'
  railties (4.0.2) lib/rails/rack/logger.rb:38:in `call_app'
  railties (4.0.2) lib/rails/rack/logger.rb:20:in `block in call'
  activesupport (4.0.2) lib/active_support/tagged_logging.rb:67:in `block in tagged'
  activesupport (4.0.2) lib/active_support/tagged_logging.rb:25:in `tagged'
  activesupport (4.0.2) lib/active_support/tagged_logging.rb:67:in `tagged'
  railties (4.0.2) lib/rails/rack/logger.rb:20:in `call'
  actionpack (4.0.2) lib/action_dispatch/middleware/request_id.rb:21:in `call'
  rack (1.5.2) lib/rack/methodoverride.rb:21:in `call'
  rack (1.5.2) lib/rack/runtime.rb:17:in `call'
  activesupport (4.0.2) lib/active_support/cache/strategy/local_cache.rb:83:in `call'
  rack (1.5.2) lib/rack/lock.rb:17:in `call'
  rack (1.5.2) lib/rack/sendfile.rb:112:in `call'
  railties (4.0.2) lib/rails/engine.rb:511:in `call'
  railties (4.0.2) lib/rails/application.rb:97:in `call'
  unicorn (4.8.3) lib/unicorn/http_server.rb:576:in `process_client'
  unicorn (4.8.3) lib/unicorn/http_server.rb:670:in `worker_loop'
  unicorn (4.8.3) lib/unicorn/http_server.rb:525:in `spawn_missing_workers'
  unicorn (4.8.3) lib/unicorn/http_server.rb:140:in `start'
  unicorn (4.8.3) bin/unicorn:126:in `<top (required)>'
  /usr/local/rvm/gems/ruby-2.1.3/bin/unicorn:23:in `load'
  /usr/local/rvm/gems/ruby-2.1.3/bin/unicorn:23:in `<main>'
  /usr/local/rvm/gems/ruby-2.0.0-p353/bin/ruby_executable_hooks:15:in `eval'
  /usr/local/rvm/gems/ruby-2.0.0-p353/bin/ruby_executable_hooks:15:in `<main>'


I, [2015-02-25T21:04:39.451171 #8674]  INFO -- : Started GET "/" for 91.201.242.86 at 2015-02-25 21:04:39 +0000
I, [2015-02-25T21:04:39.475605 #8674]  INFO -- : Processing by HomeController#index as HTML
I, [2015-02-25T21:04:39.493427 #8674]  INFO -- :   Rendered home/index.html.erb within layouts/application (1.7ms)
I, [2015-02-25T21:04:39.505471 #8674]  INFO -- : Completed 200 OK in 29ms (Views: 24.3ms | ActiveRecord: 0.0ms)
I, [2015-02-25T21:04:43.513855 #8680]  INFO -- : Started GET "/" for 91.201.242.86 at 2015-02-25 21:04:43 +0000
I, [2015-02-25T21:04:43.518101 #8680]  INFO -- : Processing by HomeController#index as HTML
I, [2015-02-25T21:04:43.523152 #8680]  INFO -- :   Rendered home/index.html.erb within layouts/application (0.3ms)
I, [2015-02-25T21:04:43.526165 #8680]  INFO -- : Completed 200 OK in 8ms (Views: 6.0ms | ActiveRecord: 0.0ms)
I, [2015-02-25T21:09:35.280125 #8674]  INFO -- : Started GET "/" for 91.201.242.86 at 2015-02-25 21:09:35 +0000
I, [2015-02-25T21:09:35.292758 #8674]  INFO -- : Processing by HomeController#index as HTML
I, [2015-02-25T21:09:35.301533 #8674]  INFO -- :   Rendered home/index.html.erb within layouts/application (0.6ms)
I, [2015-02-25T21:09:35.304641 #8674]  INFO -- : Completed 200 OK in 12ms (Views: 8.7ms | ActiveRecord: 0.0ms)
I, [2015-02-25T21:09:39.411268 #8683]  INFO -- : Started GET "/" for 91.201.242.86 at 2015-02-25 21:09:39 +0000
I, [2015-02-25T21:09:39.427193 #8683]  INFO -- : Processing by HomeController#index as HTML
I, [2015-02-25T21:09:39.439878 #8683]  INFO -- :   Rendered home/index.html.erb within layouts/application (1.4ms)
I, [2015-02-25T21:09:39.449662 #8683]  INFO -- : Completed 200 OK in 22ms (Views: 17.4ms | ActiveRecord: 0.0ms)
I, [2015-02-25T21:10:13.488345 #8677]  INFO -- : Started GET "/" for 91.201.242.86 at 2015-02-25 21:10:13 +0000
I, [2015-02-25T21:10:13.495087 #8677]  INFO -- : Processing by HomeController#index as HTML
I, [2015-02-25T21:10:13.500375 #8677]  INFO -- :   Rendered home/index.html.erb within layouts/application (0.4ms)
I, [2015-02-25T21:10:13.504997 #8677]  INFO -- : Completed 200 OK in 10ms (Views: 7.7ms | ActiveRecord: 0.0ms)
I, [2015-02-25T21:10:58.413192 #8683]  INFO -- : Started GET "/" for 91.201.242.86 at 2015-02-25 21:10:58 +0000
I, [2015-02-25T21:10:58.426148 #8683]  INFO -- : Processing by HomeController#index as HTML
I, [2015-02-25T21:10:58.437435 #8683]  INFO -- :   Rendered home/index.html.erb within layouts/application (0.7ms)
I, [2015-02-25T21:10:58.442523 #8683]  INFO -- : Completed 200 OK in 16ms (Views: 12.3ms | ActiveRecord: 0.0ms)
I, [2015-02-25T21:11:01.212044 #8680]  INFO -- : Started GET "/" for 91.201.242.86 at 2015-02-25 21:11:01 +0000
I, [2015-02-25T21:11:01.225522 #8680]  INFO -- : Processing by HomeController#index as HTML
I, [2015-02-25T21:11:01.237651 #8680]  INFO -- :   Rendered home/index.html.erb within layouts/application (0.7ms)
I, [2015-02-25T21:11:01.241918 #8680]  INFO -- : Completed 200 OK in 16ms (Views: 11.7ms | ActiveRecord: 0.0ms)
I, [2015-02-25T21:12:34.210774 #8677]  INFO -- : Started GET "/" for 91.201.242.86 at 2015-02-25 21:12:34 +0000
I, [2015-02-25T21:12:34.217699 #8677]  INFO -- : Processing by HomeController#index as HTML
I, [2015-02-25T21:12:34.222680 #8677]  INFO -- :   Rendered home/index.html.erb within layouts/application (0.3ms)
I, [2015-02-25T21:12:34.225034 #8677]  INFO -- : Completed 200 OK in 7ms (Views: 5.4ms | ActiveRecord: 0.0ms)
I, [2015-02-25T21:13:03.600556 #13428]  INFO -- : Started GET "/" for 91.201.242.86 at 2015-02-25 21:13:03 +0000
I, [2015-02-25T21:13:03.613395 #13428]  INFO -- : Processing by HomeController#index as HTML
I, [2015-02-25T21:13:03.626759 #13428]  INFO -- :   Rendered home/index.html.erb within layouts/application (1.0ms)
I, [2015-02-25T21:13:03.628643 #13428]  INFO -- : Completed 200 OK in 15ms (Views: 4.9ms | ActiveRecord: 0.0ms)
I, [2015-02-25T21:14:28.769347 #13419]  INFO -- : Started GET "/" for 91.201.242.86 at 2015-02-25 21:14:28 +0000
I, [2015-02-25T21:14:28.796195 #13419]  INFO -- : Processing by HomeController#index as HTML
I, [2015-02-25T21:14:28.810717 #13419]  INFO -- :   Rendered home/index.html.erb within layouts/application (1.6ms)
I, [2015-02-25T21:14:28.828604 #13419]  INFO -- : Completed 200 OK in 32ms (Views: 21.7ms | ActiveRecord: 0.0ms)
I, [2015-02-25T21:14:49.886447 #13428]  INFO -- : Started GET "/images/assets/favicon.ico" for 91.201.242.86 at 2015-02-25 21:14:49 +0000
F, [2015-02-25T21:14:49.892641 #13428] FATAL -- : 
ActionController::RoutingError (No route matches [GET] "/images/assets/favicon.ico"):
  actionpack (4.0.2) lib/action_dispatch/middleware/debug_exceptions.rb:21:in `call'
  actionpack (4.0.2) lib/action_dispatch/middleware/show_exceptions.rb:30:in `call'
  railties (4.0.2) lib/rails/rack/logger.rb:38:in `call_app'
  railties (4.0.2) lib/rails/rack/logger.rb:20:in `block in call'
  activesupport (4.0.2) lib/active_support/tagged_logging.rb:67:in `block in tagged'
  activesupport (4.0.2) lib/active_support/tagged_logging.rb:25:in `tagged'
  activesupport (4.0.2) lib/active_support/tagged_logging.rb:67:in `tagged'
  railties (4.0.2) lib/rails/rack/logger.rb:20:in `call'
  actionpack (4.0.2) lib/action_dispatch/middleware/request_id.rb:21:in `call'
  rack (1.5.2) lib/rack/methodoverride.rb:21:in `call'
  rack (1.5.2) lib/rack/runtime.rb:17:in `call'
  activesupport (4.0.2) lib/active_support/cache/strategy/local_cache.rb:83:in `call'
  rack (1.5.2) lib/rack/lock.rb:17:in `call'
  rack (1.5.2) lib/rack/sendfile.rb:112:in `call'
  railties (4.0.2) lib/rails/engine.rb:511:in `call'
  railties (4.0.2) lib/rails/application.rb:97:in `call'
  unicorn (4.8.3) lib/unicorn/http_server.rb:576:in `process_client'
  unicorn (4.8.3) lib/unicorn/http_server.rb:670:in `worker_loop'
  unicorn (4.8.3) lib/unicorn/http_server.rb:525:in `spawn_missing_workers'
  unicorn (4.8.3) lib/unicorn/http_server.rb:140:in `start'
  unicorn (4.8.3) bin/unicorn:126:in `<top (required)>'
  /usr/local/rvm/gems/ruby-2.1.3/bin/unicorn:23:in `load'
  /usr/local/rvm/gems/ruby-2.1.3/bin/unicorn:23:in `<main>'
  /usr/local/rvm/gems/ruby-2.0.0-p353/bin/ruby_executable_hooks:15:in `eval'
  /usr/local/rvm/gems/ruby-2.0.0-p353/bin/ruby_executable_hooks:15:in `<main>'


I, [2015-02-25T21:15:35.932153 #13419]  INFO -- : Started GET "/" for 91.201.242.86 at 2015-02-25 21:15:35 +0000
I, [2015-02-25T21:15:35.937746 #13419]  INFO -- : Processing by HomeController#index as HTML
I, [2015-02-25T21:15:35.942165 #13419]  INFO -- :   Rendered home/index.html.erb within layouts/application (0.3ms)
I, [2015-02-25T21:15:35.972838 #13419]  INFO -- : Completed 200 OK in 35ms (Views: 33.4ms | ActiveRecord: 0.0ms)
I, [2015-02-25T21:16:01.119029 #13422]  INFO -- : Started GET "/" for 91.201.242.86 at 2015-02-25 21:16:01 +0000
I, [2015-02-25T21:16:01.154004 #13422]  INFO -- : Processing by HomeController#index as HTML
I, [2015-02-25T21:16:01.169268 #13422]  INFO -- :   Rendered home/index.html.erb within layouts/application (1.6ms)
I, [2015-02-25T21:16:01.179888 #13422]  INFO -- : Completed 200 OK in 25ms (Views: 15.0ms | ActiveRecord: 0.0ms)
I, [2015-02-25T21:16:05.227062 #13428]  INFO -- : Started GET "/" for 91.201.242.86 at 2015-02-25 21:16:05 +0000
I, [2015-02-25T21:16:05.237521 #13428]  INFO -- : Processing by HomeController#index as HTML
I, [2015-02-25T21:16:05.244961 #13428]  INFO -- :   Rendered home/index.html.erb within layouts/application (0.4ms)
I, [2015-02-25T21:16:05.258014 #13428]  INFO -- : Completed 200 OK in 20ms (Views: 17.4ms | ActiveRecord: 0.0ms)
I, [2015-02-25T21:16:53.244291 #13422]  INFO -- : Started GET "/" for 91.201.242.86 at 2015-02-25 21:16:53 +0000
I, [2015-02-25T21:16:53.250120 #13422]  INFO -- : Processing by HomeController#index as HTML
I, [2015-02-25T21:16:53.254494 #13422]  INFO -- :   Rendered home/index.html.erb within layouts/application (0.3ms)
I, [2015-02-25T21:16:53.265679 #13422]  INFO -- : Completed 200 OK in 15ms (Views: 14.0ms | ActiveRecord: 0.0ms)
I, [2015-02-25T21:18:45.642976 #13428]  INFO -- : Started GET "/" for 91.201.242.86 at 2015-02-25 21:18:45 +0000
I, [2015-02-25T21:18:45.664646 #13428]  INFO -- : Processing by HomeController#index as HTML
I, [2015-02-25T21:18:45.679236 #13428]  INFO -- :   Rendered home/index.html.erb within layouts/application (0.9ms)
I, [2015-02-25T21:18:45.731202 #13428]  INFO -- : Completed 200 OK in 66ms (Views: 60.9ms | ActiveRecord: 0.0ms)
I, [2015-02-25T21:19:13.658467 #13425]  INFO -- : Started GET "/" for 91.201.242.86 at 2015-02-25 21:19:13 +0000
I, [2015-02-25T21:19:13.683036 #13425]  INFO -- : Processing by HomeController#index as HTML
I, [2015-02-25T21:19:13.696649 #13425]  INFO -- :   Rendered home/index.html.erb within layouts/application (1.6ms)
I, [2015-02-25T21:19:13.705132 #13425]  INFO -- : Completed 200 OK in 22ms (Views: 13.0ms | ActiveRecord: 0.0ms)
I, [2015-02-25T21:20:33.216671 #13419]  INFO -- : Started GET "/" for 91.201.242.86 at 2015-02-25 21:20:33 +0000
I, [2015-02-25T21:20:33.225006 #13419]  INFO -- : Processing by HomeController#index as HTML
I, [2015-02-25T21:20:33.230172 #13419]  INFO -- :   Rendered home/index.html.erb within layouts/application (0.4ms)
I, [2015-02-25T21:20:33.241089 #13419]  INFO -- : Completed 200 OK in 16ms (Views: 14.3ms | ActiveRecord: 0.0ms)
I, [2015-02-25T21:20:44.174148 #13422]  INFO -- : Started GET "/" for 91.201.242.86 at 2015-02-25 21:20:44 +0000
I, [2015-02-25T21:20:44.180794 #13422]  INFO -- : Processing by HomeController#index as HTML
I, [2015-02-25T21:20:44.185809 #13422]  INFO -- :   Rendered home/index.html.erb within layouts/application (0.4ms)
I, [2015-02-25T21:20:44.197776 #13422]  INFO -- : Completed 200 OK in 17ms (Views: 15.0ms | ActiveRecord: 0.0ms)
I, [2015-02-25T21:20:47.994443 #13425]  INFO -- : Started GET "/" for 91.201.242.86 at 2015-02-25 21:20:47 +0000
I, [2015-02-25T21:20:48.007692 #13425]  INFO -- : Processing by HomeController#index as HTML
I, [2015-02-25T21:20:48.015542 #13425]  INFO -- :   Rendered home/index.html.erb within layouts/application (0.7ms)
I, [2015-02-25T21:20:48.029556 #13425]  INFO -- : Completed 200 OK in 21ms (Views: 18.6ms | ActiveRecord: 0.0ms)
I, [2015-02-25T21:21:17.952165 #13422]  INFO -- : Started GET "/" for 91.201.242.86 at 2015-02-25 21:21:17 +0000
I, [2015-02-25T21:21:17.959167 #13422]  INFO -- : Processing by HomeController#index as HTML
I, [2015-02-25T21:21:17.965342 #13422]  INFO -- :   Rendered home/index.html.erb within layouts/application (0.3ms)
I, [2015-02-25T21:21:17.977594 #13422]  INFO -- : Completed 200 OK in 18ms (Views: 15.8ms | ActiveRecord: 0.0ms)
I, [2015-02-25T21:38:10.477349 #13425]  INFO -- : Started GET "/" for 220.181.108.180 at 2015-02-25 21:38:10 +0000
I, [2015-02-25T21:38:10.499428 #13425]  INFO -- : Processing by HomeController#index as */*
I, [2015-02-25T21:38:10.518182 #13425]  INFO -- :   Rendered home/index.html.erb within layouts/application (3.8ms)
I, [2015-02-25T21:38:10.533198 #13425]  INFO -- : Completed 200 OK in 33ms (Views: 30.1ms | ActiveRecord: 0.0ms)
I, [2015-02-25T21:38:11.799206 #13419]  INFO -- : Started GET "/" for 123.125.71.117 at 2015-02-25 21:38:11 +0000
I, [2015-02-25T21:38:11.805457 #13419]  INFO -- : Processing by HomeController#index as */*
I, [2015-02-25T21:38:11.813233 #13419]  INFO -- :   Rendered home/index.html.erb within layouts/application (2.0ms)
I, [2015-02-25T21:38:11.824516 #13419]  INFO -- : Completed 200 OK in 19ms (Views: 17.4ms | ActiveRecord: 0.0ms)
I, [2015-02-25T21:38:12.607504 #13425]  INFO -- : Started GET "/" for 123.125.71.99 at 2015-02-25 21:38:12 +0000
I, [2015-02-25T21:38:12.611129 #13425]  INFO -- : Processing by HomeController#index as */*
I, [2015-02-25T21:38:12.618212 #13425]  INFO -- :   Rendered home/index.html.erb within layouts/application (0.2ms)
I, [2015-02-25T21:38:12.629308 #13425]  INFO -- : Completed 200 OK in 18ms (Views: 16.3ms | ActiveRecord: 0.0ms)
I, [2015-02-25T21:38:15.140504 #13419]  INFO -- : Started GET "/" for 220.181.108.156 at 2015-02-25 21:38:15 +0000
I, [2015-02-25T21:38:15.142468 #13419]  INFO -- : Processing by HomeController#index as */*
I, [2015-02-25T21:38:15.147471 #13419]  INFO -- :   Rendered home/index.html.erb within layouts/application (0.1ms)
I, [2015-02-25T21:38:15.153354 #13419]  INFO -- : Completed 200 OK in 11ms (Views: 9.6ms | ActiveRecord: 0.0ms)
I, [2015-02-25T21:39:30.998804 #13425]  INFO -- : Started GET "/" for 91.201.242.86 at 2015-02-25 21:39:30 +0000
I, [2015-02-25T21:39:31.013619 #13425]  INFO -- : Processing by HomeController#index as HTML
I, [2015-02-25T21:39:31.024850 #13425]  INFO -- :   Rendered home/index.html.erb within layouts/application (1.2ms)
I, [2015-02-25T21:39:31.046979 #13425]  INFO -- : Completed 200 OK in 33ms (Views: 28.7ms | ActiveRecord: 0.0ms)
I, [2015-02-25T21:40:33.517447 #13422]  INFO -- : Started GET "/" for 91.201.242.86 at 2015-02-25 21:40:33 +0000
I, [2015-02-25T21:40:33.540348 #13422]  INFO -- : Processing by HomeController#index as HTML
I, [2015-02-25T21:40:33.550725 #13422]  INFO -- :   Rendered home/index.html.erb within layouts/application (0.5ms)
I, [2015-02-25T21:40:33.566578 #13422]  INFO -- : Completed 200 OK in 26ms (Views: 20.5ms | ActiveRecord: 0.0ms)
I, [2015-02-25T21:40:45.243053 #13425]  INFO -- : Started GET "/items" for 91.201.242.86 at 2015-02-25 21:40:45 +0000
I, [2015-02-25T21:40:45.249340 #13425]  INFO -- : Processing by ItemsController#index as HTML
I, [2015-02-25T21:40:45.283260 #13425]  INFO -- :   Rendered items/index.html.erb within layouts/application (27.4ms)
I, [2015-02-25T21:40:45.289559 #13425]  INFO -- : Completed 200 OK in 40ms (Views: 31.8ms | ActiveRecord: 4.6ms)
I, [2015-02-25T21:41:05.698673 #13419]  INFO -- : Started GET "/" for 77.52.152.8 at 2015-02-25 21:41:05 +0000
I, [2015-02-25T21:41:05.717256 #13419]  INFO -- : Processing by HomeController#index as HTML
I, [2015-02-25T21:41:05.728836 #13419]  INFO -- :   Rendered home/index.html.erb within layouts/application (1.5ms)
I, [2015-02-25T21:41:05.749031 #13419]  INFO -- : Completed 200 OK in 31ms (Views: 28.5ms | ActiveRecord: 0.0ms)
I, [2015-02-25T21:41:33.867799 #13425]  INFO -- : Started GET "/" for 91.201.242.86 at 2015-02-25 21:41:33 +0000
I, [2015-02-25T21:41:33.875327 #13425]  INFO -- : Processing by HomeController#index as HTML
I, [2015-02-25T21:41:33.880221 #13425]  INFO -- :   Rendered home/index.html.erb within layouts/application (0.3ms)
I, [2015-02-25T21:41:33.887356 #13425]  INFO -- : Completed 200 OK in 12ms (Views: 10.1ms | ActiveRecord: 0.0ms)
I, [2015-02-25T21:49:30.642325 #13422]  INFO -- : Started GET "/items" for 91.201.242.86 at 2015-02-25 21:49:30 +0000
I, [2015-02-25T21:49:30.655452 #13422]  INFO -- : Processing by ItemsController#index as HTML
I, [2015-02-25T21:49:30.706480 #13422]  INFO -- :   Rendered items/index.html.erb within layouts/application (39.9ms)
I, [2015-02-25T21:49:30.740141 #13422]  INFO -- : Completed 500 Internal Server Error in 84ms
F, [2015-02-25T21:49:30.742996 #13422] FATAL -- : 
ActionView::Template::Error (undefined method `render_navigation' for #<#<Class:0x00000004a08508>:0x000000049fea80>):
    46: </head>
    47: 
    48: <body>
    49: <%= render_navigation( expand_all: true, renderer: :bootstrap3 ) %>
    50:     <!-- Navigation -->
    51:     <nav class="navbar navbar-inverse navbar-fixed-top" role="navigation">
    52:         <div class="container">
  app/views/layouts/application.html.erb:49:in `_app_views_layouts_application_html_erb__2158400389433437623_38773640'


I, [2015-02-25T21:49:37.269565 #13428]  INFO -- : Started GET "/" for 91.201.242.86 at 2015-02-25 21:49:37 +0000
I, [2015-02-25T21:49:37.275868 #13428]  INFO -- : Processing by HomeController#index as HTML
I, [2015-02-25T21:49:37.280447 #13428]  INFO -- :   Rendered home/index.html.erb within layouts/application (0.3ms)
I, [2015-02-25T21:49:37.307772 #13428]  INFO -- : Completed 500 Internal Server Error in 32ms
F, [2015-02-25T21:49:37.310083 #13428] FATAL -- : 
ActionView::Template::Error (undefined method `render_navigation' for #<#<Class:0x0000000333d5a8>:0x00000004cca908>):
    46: </head>
    47: 
    48: <body>
    49: <%= render_navigation( expand_all: true, renderer: :bootstrap3 ) %>
    50:     <!-- Navigation -->
    51:     <nav class="navbar navbar-inverse navbar-fixed-top" role="navigation">
    52:         <div class="container">
  app/views/layouts/application.html.erb:49:in `_app_views_layouts_application_html_erb__2158400389433437623_40211680'


I, [2015-02-25T21:49:56.121204 #13419]  INFO -- : Started GET "/" for 91.201.242.86 at 2015-02-25 21:49:56 +0000
I, [2015-02-25T21:49:56.128116 #13419]  INFO -- : Processing by HomeController#index as HTML
I, [2015-02-25T21:49:56.133339 #13419]  INFO -- :   Rendered home/index.html.erb within layouts/application (0.3ms)
I, [2015-02-25T21:49:56.141896 #13419]  INFO -- : Completed 200 OK in 14ms (Views: 11.8ms | ActiveRecord: 0.0ms)
I, [2015-02-25T22:37:09.176073 #13425]  INFO -- : Started GET "/" for 178.210.65.242 at 2015-02-25 22:37:09 +0000
I, [2015-02-25T22:37:09.183599 #13425]  INFO -- : Processing by HomeController#index as */*
I, [2015-02-25T22:37:09.190298 #13425]  INFO -- :   Rendered home/index.html.erb within layouts/application (0.6ms)
I, [2015-02-25T22:37:09.201047 #13425]  INFO -- : Completed 200 OK in 17ms (Views: 15.9ms | ActiveRecord: 0.0ms)
I, [2015-02-25T22:59:56.661174 #13422]  INFO -- : Started GET "/" for 123.125.71.19 at 2015-02-25 22:59:56 +0000
I, [2015-02-25T22:59:56.677337 #13422]  INFO -- : Processing by HomeController#index as */*
I, [2015-02-25T22:59:56.692695 #13422]  INFO -- :   Rendered home/index.html.erb within layouts/application (3.6ms)
I, [2015-02-25T22:59:56.710641 #13422]  INFO -- : Completed 200 OK in 33ms (Views: 30.8ms | ActiveRecord: 0.0ms)
I, [2015-02-25T22:59:57.384704 #13428]  INFO -- : Started GET "/" for 123.125.71.49 at 2015-02-25 22:59:57 +0000
I, [2015-02-25T22:59:57.412424 #13428]  INFO -- : Processing by HomeController#index as */*
I, [2015-02-25T22:59:57.438383 #13428]  INFO -- :   Rendered home/index.html.erb within layouts/application (6.4ms)
I, [2015-02-25T22:59:57.465671 #13428]  INFO -- : Completed 200 OK in 53ms (Views: 46.3ms | ActiveRecord: 0.0ms)
I, [2015-02-25T23:00:00.568623 #13422]  INFO -- : Started GET "/" for 220.181.108.167 at 2015-02-25 23:00:00 +0000
I, [2015-02-25T23:00:00.572053 #13422]  INFO -- : Processing by HomeController#index as */*
I, [2015-02-25T23:00:00.577441 #13422]  INFO -- :   Rendered home/index.html.erb within layouts/application (0.2ms)
I, [2015-02-25T23:00:00.586655 #13422]  INFO -- : Completed 200 OK in 14ms (Views: 13.9ms | ActiveRecord: 0.0ms)
I, [2015-02-25T23:00:00.999394 #13419]  INFO -- : Started GET "/" for 220.181.108.181 at 2015-02-25 23:00:00 +0000
I, [2015-02-25T23:00:01.009600 #13419]  INFO -- : Processing by HomeController#index as */*
I, [2015-02-25T23:00:01.021645 #13419]  INFO -- :   Rendered home/index.html.erb within layouts/application (0.9ms)
I, [2015-02-25T23:00:01.039133 #13419]  INFO -- : Completed 200 OK in 29ms (Views: 26.2ms | ActiveRecord: 0.0ms)
I, [2015-02-25T23:33:33.590828 #13425]  INFO -- : Started GET "/" for 220.181.108.106 at 2015-02-25 23:33:33 +0000
I, [2015-02-25T23:33:33.608939 #13419]  INFO -- : Started GET "/" for 123.125.71.96 at 2015-02-25 23:33:33 +0000
I, [2015-02-25T23:33:33.613304 #13425]  INFO -- : Processing by HomeController#index as */*
I, [2015-02-25T23:33:33.629220 #13419]  INFO -- : Processing by HomeController#index as */*
I, [2015-02-25T23:33:33.634515 #13425]  INFO -- :   Rendered home/index.html.erb within layouts/application (0.6ms)
I, [2015-02-25T23:33:33.650053 #13419]  INFO -- :   Rendered home/index.html.erb within layouts/application (0.6ms)
I, [2015-02-25T23:33:33.659914 #13425]  INFO -- : Completed 200 OK in 46ms (Views: 42.3ms | ActiveRecord: 0.0ms)
I, [2015-02-25T23:33:33.672415 #13419]  INFO -- : Completed 200 OK in 43ms (Views: 37.0ms | ActiveRecord: 0.0ms)
I, [2015-02-25T23:33:34.091327 #13425]  INFO -- : Started GET "/" for 220.181.108.88 at 2015-02-25 23:33:34 +0000
I, [2015-02-25T23:33:34.095190 #13425]  INFO -- : Processing by HomeController#index as */*
I, [2015-02-25T23:33:34.102715 #13425]  INFO -- :   Rendered home/index.html.erb within layouts/application (0.3ms)
I, [2015-02-25T23:33:34.115753 #13425]  INFO -- : Completed 200 OK in 20ms (Views: 18.7ms | ActiveRecord: 0.0ms)
I, [2015-02-25T23:33:34.421914 #13419]  INFO -- : Started GET "/" for 123.125.71.72 at 2015-02-25 23:33:34 +0000
I, [2015-02-25T23:33:34.427605 #13419]  INFO -- : Processing by HomeController#index as */*
I, [2015-02-25T23:33:34.437250 #13419]  INFO -- :   Rendered home/index.html.erb within layouts/application (0.3ms)
I, [2015-02-25T23:33:34.453762 #13419]  INFO -- : Completed 200 OK in 25ms (Views: 23.5ms | ActiveRecord: 0.0ms)
I, [2015-02-26T00:08:08.694806 #13422]  INFO -- : Started GET "/" for 180.153.236.71 at 2015-02-26 00:08:08 +0000
I, [2015-02-26T00:08:08.716219 #13422]  INFO -- : Processing by HomeController#index as */*
I, [2015-02-26T00:08:08.732124 #13422]  INFO -- :   Rendered home/index.html.erb within layouts/application (1.1ms)
I, [2015-02-26T00:08:08.754996 #13422]  INFO -- : Completed 200 OK in 38ms (Views: 35.2ms | ActiveRecord: 0.0ms)
I, [2015-02-26T00:26:05.182019 #13425]  INFO -- : Started GET "/" for 66.249.69.223 at 2015-02-26 00:26:05 +0000
I, [2015-02-26T00:26:05.193316 #13425]  INFO -- : Processing by HomeController#index as HTML
I, [2015-02-26T00:26:05.200862 #13425]  INFO -- :   Rendered home/index.html.erb within layouts/application (1.0ms)
I, [2015-02-26T00:26:05.215091 #13425]  INFO -- : Completed 200 OK in 21ms (Views: 19.1ms | ActiveRecord: 0.0ms)
I, [2015-02-26T00:37:15.376702 #13422]  INFO -- : Started GET "/" for 220.181.108.147 at 2015-02-26 00:37:15 +0000
I, [2015-02-26T00:37:15.389963 #13422]  INFO -- : Processing by HomeController#index as */*
I, [2015-02-26T00:37:15.402485 #13422]  INFO -- :   Rendered home/index.html.erb within layouts/application (0.7ms)
I, [2015-02-26T00:37:15.420167 #13422]  INFO -- : Completed 200 OK in 30ms (Views: 27.0ms | ActiveRecord: 0.0ms)
I, [2015-02-26T00:37:16.613482 #13419]  INFO -- : Started GET "/" for 123.125.71.88 at 2015-02-26 00:37:16 +0000
I, [2015-02-26T00:37:16.631463 #13419]  INFO -- : Processing by HomeController#index as */*
I, [2015-02-26T00:37:16.647518 #13419]  INFO -- :   Rendered home/index.html.erb within layouts/application (0.8ms)
I, [2015-02-26T00:37:16.670646 #13419]  INFO -- : Completed 200 OK in 38ms (Views: 35.4ms | ActiveRecord: 0.0ms)
I, [2015-02-26T00:37:17.332373 #13422]  INFO -- : Started GET "/" for 123.125.71.117 at 2015-02-26 00:37:17 +0000
I, [2015-02-26T00:37:17.335606 #13422]  INFO -- : Processing by HomeController#index as */*
I, [2015-02-26T00:37:17.343055 #13422]  INFO -- :   Rendered home/index.html.erb within layouts/application (0.2ms)
I, [2015-02-26T00:37:17.352739 #13422]  INFO -- : Completed 200 OK in 17ms (Views: 14.8ms | ActiveRecord: 0.0ms)
I, [2015-02-26T00:37:18.550039 #13419]  INFO -- : Started GET "/" for 220.181.108.160 at 2015-02-26 00:37:18 +0000
I, [2015-02-26T00:37:18.554806 #13419]  INFO -- : Processing by HomeController#index as */*
I, [2015-02-26T00:37:18.565958 #13419]  INFO -- :   Rendered home/index.html.erb within layouts/application (0.4ms)
I, [2015-02-26T00:37:18.583452 #13419]  INFO -- : Completed 200 OK in 28ms (Views: 26.2ms | ActiveRecord: 0.0ms)
I, [2015-02-26T01:34:38.443543 #13425]  INFO -- : Started GET "/" for 220.181.108.96 at 2015-02-26 01:34:38 +0000
I, [2015-02-26T01:34:38.450627 #13425]  INFO -- : Processing by HomeController#index as */*
I, [2015-02-26T01:34:38.457310 #13425]  INFO -- :   Rendered home/index.html.erb within layouts/application (0.4ms)
I, [2015-02-26T01:34:38.467796 #13425]  INFO -- : Completed 200 OK in 17ms (Views: 15.5ms | ActiveRecord: 0.0ms)
I, [2015-02-26T01:34:38.888178 #13428]  INFO -- : Started GET "/" for 220.181.108.84 at 2015-02-26 01:34:38 +0000
I, [2015-02-26T01:34:38.905683 #13428]  INFO -- : Processing by HomeController#index as */*
I, [2015-02-26T01:34:38.920310 #13428]  INFO -- :   Rendered home/index.html.erb within layouts/application (0.6ms)
I, [2015-02-26T01:34:38.938627 #13428]  INFO -- : Completed 200 OK in 32ms (Views: 28.1ms | ActiveRecord: 0.0ms)
I, [2015-02-26T01:34:39.604644 #13425]  INFO -- : Started GET "/" for 123.125.71.28 at 2015-02-26 01:34:39 +0000
I, [2015-02-26T01:34:39.610261 #13425]  INFO -- : Processing by HomeController#index as */*
I, [2015-02-26T01:34:39.617890 #13425]  INFO -- :   Rendered home/index.html.erb within layouts/application (0.4ms)
I, [2015-02-26T01:34:39.723814 #13425]  INFO -- : Completed 200 OK in 113ms (Views: 112.3ms | ActiveRecord: 0.0ms)
I, [2015-02-26T01:34:40.388318 #13428]  INFO -- : Started GET "/" for 123.125.71.54 at 2015-02-26 01:34:40 +0000
I, [2015-02-26T01:34:40.391974 #13428]  INFO -- : Processing by HomeController#index as */*
I, [2015-02-26T01:34:40.398570 #13428]  INFO -- :   Rendered home/index.html.erb within layouts/application (0.2ms)
I, [2015-02-26T01:34:40.408705 #13428]  INFO -- : Completed 200 OK in 16ms (Views: 15.6ms | ActiveRecord: 0.0ms)
I, [2015-02-26T02:27:14.356807 #13419]  INFO -- : Started GET "/" for 31.184.238.238 at 2015-02-26 02:27:14 +0000
I, [2015-02-26T02:27:14.372570 #13419]  INFO -- : Processing by HomeController#index as HTML
I, [2015-02-26T02:27:14.385478 #13419]  INFO -- :   Rendered home/index.html.erb within layouts/application (1.6ms)
I, [2015-02-26T02:27:14.412676 #13419]  INFO -- : Completed 200 OK in 40ms (Views: 37.1ms | ActiveRecord: 0.0ms)
I, [2015-02-26T02:33:18.796323 #13428]  INFO -- : Started GET "/" for 5.255.253.169 at 2015-02-26 02:33:18 +0000
I, [2015-02-26T02:33:18.815567 #13428]  INFO -- : Processing by HomeController#index as */*
I, [2015-02-26T02:33:18.826756 #13428]  INFO -- :   Rendered home/index.html.erb within layouts/application (0.6ms)
I, [2015-02-26T02:33:18.842782 #13428]  INFO -- : Completed 200 OK in 27ms (Views: 24.6ms | ActiveRecord: 0.0ms)
I, [2015-02-26T02:33:32.701515 #13419]  INFO -- : Started GET "/" for 220.181.108.102 at 2015-02-26 02:33:32 +0000
I, [2015-02-26T02:33:32.819940 #13419]  INFO -- : Processing by HomeController#index as */*
I, [2015-02-26T02:33:32.830686 #13419]  INFO -- :   Rendered home/index.html.erb within layouts/application (0.4ms)
I, [2015-02-26T02:33:32.841217 #13419]  INFO -- : Completed 200 OK in 21ms (Views: 19.8ms | ActiveRecord: 0.0ms)
I, [2015-02-26T02:33:33.261857 #13422]  INFO -- : Started GET "/" for 220.181.108.109 at 2015-02-26 02:33:33 +0000
I, [2015-02-26T02:33:33.277970 #13422]  INFO -- : Processing by HomeController#index as */*
I, [2015-02-26T02:33:33.293933 #13422]  INFO -- :   Rendered home/index.html.erb within layouts/application (1.0ms)
I, [2015-02-26T02:33:33.430584 #13422]  INFO -- : Completed 200 OK in 152ms (Views: 147.7ms | ActiveRecord: 0.0ms)
I, [2015-02-26T02:33:33.727057 #13419]  INFO -- : Started GET "/" for 123.125.71.91 at 2015-02-26 02:33:33 +0000
I, [2015-02-26T02:33:33.732156 #13419]  INFO -- : Processing by HomeController#index as */*
I, [2015-02-26T02:33:33.739778 #13419]  INFO -- :   Rendered home/index.html.erb within layouts/application (0.2ms)
I, [2015-02-26T02:33:33.745387 #13419]  INFO -- : Completed 200 OK in 13ms (Views: 12.6ms | ActiveRecord: 0.0ms)
I, [2015-02-26T02:33:34.391616 #13422]  INFO -- : Started GET "/" for 123.125.71.78 at 2015-02-26 02:33:34 +0000
I, [2015-02-26T02:33:34.395228 #13422]  INFO -- : Processing by HomeController#index as */*
I, [2015-02-26T02:33:34.401898 #13422]  INFO -- :   Rendered home/index.html.erb within layouts/application (0.2ms)
I, [2015-02-26T02:33:34.412222 #13422]  INFO -- : Completed 200 OK in 17ms (Views: 15.5ms | ActiveRecord: 0.0ms)
I, [2015-02-26T02:52:21.932830 #13428]  INFO -- : Started GET "/oc/tv" for 188.165.15.148 at 2015-02-26 02:52:21 +0000
F, [2015-02-26T02:52:21.948617 #13428] FATAL -- : 
ActionController::RoutingError (No route matches [GET] "/oc/tv"):
  actionpack (4.0.2) lib/action_dispatch/middleware/debug_exceptions.rb:21:in `call'
  actionpack (4.0.2) lib/action_dispatch/middleware/show_exceptions.rb:30:in `call'
  railties (4.0.2) lib/rails/rack/logger.rb:38:in `call_app'
  railties (4.0.2) lib/rails/rack/logger.rb:20:in `block in call'
  activesupport (4.0.2) lib/active_support/tagged_logging.rb:67:in `block in tagged'
  activesupport (4.0.2) lib/active_support/tagged_logging.rb:25:in `tagged'
  activesupport (4.0.2) lib/active_support/tagged_logging.rb:67:in `tagged'
  railties (4.0.2) lib/rails/rack/logger.rb:20:in `call'
  actionpack (4.0.2) lib/action_dispatch/middleware/request_id.rb:21:in `call'
  rack (1.5.2) lib/rack/methodoverride.rb:21:in `call'
  rack (1.5.2) lib/rack/runtime.rb:17:in `call'
  activesupport (4.0.2) lib/active_support/cache/strategy/local_cache.rb:83:in `call'
  rack (1.5.2) lib/rack/lock.rb:17:in `call'
  rack (1.5.2) lib/rack/sendfile.rb:112:in `call'
  railties (4.0.2) lib/rails/engine.rb:511:in `call'
  railties (4.0.2) lib/rails/application.rb:97:in `call'
  unicorn (4.8.3) lib/unicorn/http_server.rb:576:in `process_client'
  unicorn (4.8.3) lib/unicorn/http_server.rb:670:in `worker_loop'
  unicorn (4.8.3) lib/unicorn/http_server.rb:525:in `spawn_missing_workers'
  unicorn (4.8.3) lib/unicorn/http_server.rb:140:in `start'
  unicorn (4.8.3) bin/unicorn:126:in `<top (required)>'
  /usr/local/rvm/gems/ruby-2.1.3/bin/unicorn:23:in `load'
  /usr/local/rvm/gems/ruby-2.1.3/bin/unicorn:23:in `<main>'
  /usr/local/rvm/gems/ruby-2.0.0-p353/bin/ruby_executable_hooks:15:in `eval'
  /usr/local/rvm/gems/ruby-2.0.0-p353/bin/ruby_executable_hooks:15:in `<main>'


I, [2015-02-26T03:26:43.779805 #13425]  INFO -- : Started GET "/oc/rss.xml" for 66.249.91.99 at 2015-02-26 03:26:43 +0000
F, [2015-02-26T03:26:43.790106 #13425] FATAL -- : 
ActionController::RoutingError (No route matches [GET] "/oc/rss.xml"):
  actionpack (4.0.2) lib/action_dispatch/middleware/debug_exceptions.rb:21:in `call'
  actionpack (4.0.2) lib/action_dispatch/middleware/show_exceptions.rb:30:in `call'
  railties (4.0.2) lib/rails/rack/logger.rb:38:in `call_app'
  railties (4.0.2) lib/rails/rack/logger.rb:20:in `block in call'
  activesupport (4.0.2) lib/active_support/tagged_logging.rb:67:in `block in tagged'
  activesupport (4.0.2) lib/active_support/tagged_logging.rb:25:in `tagged'
  activesupport (4.0.2) lib/active_support/tagged_logging.rb:67:in `tagged'
  railties (4.0.2) lib/rails/rack/logger.rb:20:in `call'
  actionpack (4.0.2) lib/action_dispatch/middleware/request_id.rb:21:in `call'
  rack (1.5.2) lib/rack/methodoverride.rb:21:in `call'
  rack (1.5.2) lib/rack/runtime.rb:17:in `call'
  activesupport (4.0.2) lib/active_support/cache/strategy/local_cache.rb:83:in `call'
  rack (1.5.2) lib/rack/lock.rb:17:in `call'
  rack (1.5.2) lib/rack/sendfile.rb:112:in `call'
  railties (4.0.2) lib/rails/engine.rb:511:in `call'
  railties (4.0.2) lib/rails/application.rb:97:in `call'
  unicorn (4.8.3) lib/unicorn/http_server.rb:576:in `process_client'
  unicorn (4.8.3) lib/unicorn/http_server.rb:670:in `worker_loop'
  unicorn (4.8.3) lib/unicorn/http_server.rb:525:in `spawn_missing_workers'
  unicorn (4.8.3) lib/unicorn/http_server.rb:140:in `start'
  unicorn (4.8.3) bin/unicorn:126:in `<top (required)>'
  /usr/local/rvm/gems/ruby-2.1.3/bin/unicorn:23:in `load'
  /usr/local/rvm/gems/ruby-2.1.3/bin/unicorn:23:in `<main>'
  /usr/local/rvm/gems/ruby-2.0.0-p353/bin/ruby_executable_hooks:15:in `eval'
  /usr/local/rvm/gems/ruby-2.0.0-p353/bin/ruby_executable_hooks:15:in `<main>'


I, [2015-02-26T03:29:40.484746 #13428]  INFO -- : Started GET "/" for 220.181.108.91 at 2015-02-26 03:29:40 +0000
I, [2015-02-26T03:29:40.502934 #13428]  INFO -- : Processing by HomeController#index as */*
I, [2015-02-26T03:29:40.522540 #13428]  INFO -- :   Rendered home/index.html.erb within layouts/application (1.0ms)
I, [2015-02-26T03:29:40.546542 #13428]  INFO -- : Completed 200 OK in 43ms (Views: 40.1ms | ActiveRecord: 0.0ms)
I, [2015-02-26T03:29:40.970775 #13422]  INFO -- : Started GET "/" for 220.181.108.112 at 2015-02-26 03:29:40 +0000
I, [2015-02-26T03:29:40.985667 #13422]  INFO -- : Processing by HomeController#index as */*
I, [2015-02-26T03:29:40.999508 #13422]  INFO -- :   Rendered home/index.html.erb within layouts/application (0.7ms)
I, [2015-02-26T03:29:41.020390 #13422]  INFO -- : Completed 200 OK in 34ms (Views: 30.4ms | ActiveRecord: 0.0ms)
I, [2015-02-26T03:29:41.665379 #13428]  INFO -- : Started GET "/" for 123.125.71.13 at 2015-02-26 03:29:41 +0000
I, [2015-02-26T03:29:41.671022 #13428]  INFO -- : Processing by HomeController#index as */*
I, [2015-02-26T03:29:41.680369 #13428]  INFO -- :   Rendered home/index.html.erb within layouts/application (0.5ms)
I, [2015-02-26T03:29:41.696918 #13428]  INFO -- : Completed 200 OK in 26ms (Views: 24.6ms | ActiveRecord: 0.0ms)
I, [2015-02-26T03:29:42.354293 #13422]  INFO -- : Started GET "/" for 123.125.71.39 at 2015-02-26 03:29:42 +0000
I, [2015-02-26T03:29:42.361338 #13422]  INFO -- : Processing by HomeController#index as */*
I, [2015-02-26T03:29:42.374247 #13422]  INFO -- :   Rendered home/index.html.erb within layouts/application (0.7ms)
I, [2015-02-26T03:29:42.396137 #13422]  INFO -- : Completed 200 OK in 34ms (Views: 32.3ms | ActiveRecord: 0.0ms)
I, [2015-02-26T03:32:48.549164 #13428]  INFO -- : Started GET "/oc/friendship" for 188.165.15.169 at 2015-02-26 03:32:48 +0000
F, [2015-02-26T03:32:48.561476 #13428] FATAL -- : 
ActionController::RoutingError (No route matches [GET] "/oc/friendship"):
  actionpack (4.0.2) lib/action_dispatch/middleware/debug_exceptions.rb:21:in `call'
  actionpack (4.0.2) lib/action_dispatch/middleware/show_exceptions.rb:30:in `call'
  railties (4.0.2) lib/rails/rack/logger.rb:38:in `call_app'
  railties (4.0.2) lib/rails/rack/logger.rb:20:in `block in call'
  activesupport (4.0.2) lib/active_support/tagged_logging.rb:67:in `block in tagged'
  activesupport (4.0.2) lib/active_support/tagged_logging.rb:25:in `tagged'
  activesupport (4.0.2) lib/active_support/tagged_logging.rb:67:in `tagged'
  railties (4.0.2) lib/rails/rack/logger.rb:20:in `call'
  actionpack (4.0.2) lib/action_dispatch/middleware/request_id.rb:21:in `call'
  rack (1.5.2) lib/rack/methodoverride.rb:21:in `call'
  rack (1.5.2) lib/rack/runtime.rb:17:in `call'
  activesupport (4.0.2) lib/active_support/cache/strategy/local_cache.rb:83:in `call'
  rack (1.5.2) lib/rack/lock.rb:17:in `call'
  rack (1.5.2) lib/rack/sendfile.rb:112:in `call'
  railties (4.0.2) lib/rails/engine.rb:511:in `call'
  railties (4.0.2) lib/rails/application.rb:97:in `call'
  unicorn (4.8.3) lib/unicorn/http_server.rb:576:in `process_client'
  unicorn (4.8.3) lib/unicorn/http_server.rb:670:in `worker_loop'
  unicorn (4.8.3) lib/unicorn/http_server.rb:525:in `spawn_missing_workers'
  unicorn (4.8.3) lib/unicorn/http_server.rb:140:in `start'
  unicorn (4.8.3) bin/unicorn:126:in `<top (required)>'
  /usr/local/rvm/gems/ruby-2.1.3/bin/unicorn:23:in `load'
  /usr/local/rvm/gems/ruby-2.1.3/bin/unicorn:23:in `<main>'
  /usr/local/rvm/gems/ruby-2.0.0-p353/bin/ruby_executable_hooks:15:in `eval'
  /usr/local/rvm/gems/ruby-2.0.0-p353/bin/ruby_executable_hooks:15:in `<main>'


I, [2015-02-26T04:29:35.798070 #13425]  INFO -- : Started GET "/" for 123.125.71.97 at 2015-02-26 04:29:35 +0000
I, [2015-02-26T04:29:35.806514 #13425]  INFO -- : Processing by HomeController#index as */*
I, [2015-02-26T04:29:35.813956 #13425]  INFO -- :   Rendered home/index.html.erb within layouts/application (0.6ms)
I, [2015-02-26T04:29:35.829079 #13425]  INFO -- : Completed 200 OK in 22ms (Views: 20.9ms | ActiveRecord: 0.0ms)
I, [2015-02-26T04:29:36.568272 #13428]  INFO -- : Started GET "/" for 123.125.71.89 at 2015-02-26 04:29:36 +0000
I, [2015-02-26T04:29:36.582973 #13428]  INFO -- : Processing by HomeController#index as */*
I, [2015-02-26T04:29:36.600550 #13428]  INFO -- :   Rendered home/index.html.erb within layouts/application (1.2ms)
I, [2015-02-26T04:29:36.634172 #13428]  INFO -- : Completed 200 OK in 51ms (Views: 46.2ms | ActiveRecord: 0.0ms)
I, [2015-02-26T04:29:38.946214 #13425]  INFO -- : Started GET "/" for 220.181.108.116 at 2015-02-26 04:29:38 +0000
I, [2015-02-26T04:29:38.948410 #13425]  INFO -- : Processing by HomeController#index as */*
I, [2015-02-26T04:29:38.951767 #13425]  INFO -- :   Rendered home/index.html.erb within layouts/application (0.1ms)
I, [2015-02-26T04:29:38.958585 #13425]  INFO -- : Completed 200 OK in 10ms (Views: 9.7ms | ActiveRecord: 0.0ms)
I, [2015-02-26T04:29:39.374115 #13419]  INFO -- : Started GET "/" for 220.181.108.83 at 2015-02-26 04:29:39 +0000
I, [2015-02-26T04:29:39.384960 #13419]  INFO -- : Processing by HomeController#index as */*
I, [2015-02-26T04:29:39.394993 #13419]  INFO -- :   Rendered home/index.html.erb within layouts/application (0.7ms)
I, [2015-02-26T04:29:39.405031 #13419]  INFO -- : Completed 200 OK in 20ms (Views: 16.9ms | ActiveRecord: 0.0ms)
I, [2015-02-26T05:47:57.739996 #13422]  INFO -- : Started GET "/" for 220.181.108.180 at 2015-02-26 05:47:57 +0000
I, [2015-02-26T05:47:57.758386 #13422]  INFO -- : Processing by HomeController#index as */*
I, [2015-02-26T05:47:57.775173 #13422]  INFO -- :   Rendered home/index.html.erb within layouts/application (1.1ms)
I, [2015-02-26T05:47:57.795113 #13422]  INFO -- : Completed 200 OK in 36ms (Views: 33.5ms | ActiveRecord: 0.0ms)
I, [2015-02-26T05:47:58.757010 #13419]  INFO -- : Started GET "/" for 123.125.71.72 at 2015-02-26 05:47:58 +0000
I, [2015-02-26T05:47:58.771916 #13419]  INFO -- : Processing by HomeController#index as */*
I, [2015-02-26T05:47:58.783829 #13419]  INFO -- :   Rendered home/index.html.erb within layouts/application (0.8ms)
I, [2015-02-26T05:47:58.814174 #13419]  INFO -- : Completed 200 OK in 42ms (Views: 39.3ms | ActiveRecord: 0.0ms)
I, [2015-02-26T05:47:59.459495 #13422]  INFO -- : Started GET "/" for 123.125.71.84 at 2015-02-26 05:47:59 +0000
I, [2015-02-26T05:47:59.464074 #13422]  INFO -- : Processing by HomeController#index as */*
I, [2015-02-26T05:47:59.476305 #13422]  INFO -- :   Rendered home/index.html.erb within layouts/application (0.4ms)
I, [2015-02-26T05:47:59.493417 #13422]  INFO -- : Completed 200 OK in 29ms (Views: 26.6ms | ActiveRecord: 0.0ms)
I, [2015-02-26T05:47:59.977053 #13419]  INFO -- : Started GET "/" for 220.181.108.144 at 2015-02-26 05:47:59 +0000
I, [2015-02-26T05:47:59.982199 #13419]  INFO -- : Processing by HomeController#index as */*
I, [2015-02-26T05:47:59.993737 #13419]  INFO -- :   Rendered home/index.html.erb within layouts/application (0.4ms)
I, [2015-02-26T05:48:00.009457 #13419]  INFO -- : Completed 200 OK in 27ms (Views: 24.6ms | ActiveRecord: 0.0ms)
I, [2015-02-26T06:49:51.270477 #13422]  INFO -- : Started GET "/" for 220.181.108.160 at 2015-02-26 06:49:51 +0000
I, [2015-02-26T06:49:51.291136 #13422]  INFO -- : Processing by HomeController#index as */*
I, [2015-02-26T06:49:51.303708 #13422]  INFO -- :   Rendered home/index.html.erb within layouts/application (0.6ms)
I, [2015-02-26T06:49:51.321464 #13422]  INFO -- : Completed 200 OK in 29ms (Views: 26.9ms | ActiveRecord: 0.0ms)
I, [2015-02-26T06:49:51.415949 #13425]  INFO -- : Started GET "/" for 123.125.71.57 at 2015-02-26 06:49:51 +0000
I, [2015-02-26T06:49:51.429509 #13425]  INFO -- : Processing by HomeController#index as */*
I, [2015-02-26T06:49:51.445290 #13425]  INFO -- :   Rendered home/index.html.erb within layouts/application (1.2ms)
I, [2015-02-26T06:49:51.470680 #13425]  INFO -- : Completed 200 OK in 41ms (Views: 38.2ms | ActiveRecord: 0.0ms)
I, [2015-02-26T06:49:51.947712 #13422]  INFO -- : Started GET "/" for 220.181.108.161 at 2015-02-26 06:49:51 +0000
I, [2015-02-26T06:49:51.949707 #13422]  INFO -- : Processing by HomeController#index as */*
I, [2015-02-26T06:49:51.953266 #13422]  INFO -- :   Rendered home/index.html.erb within layouts/application (0.1ms)
I, [2015-02-26T06:49:51.959417 #13422]  INFO -- : Completed 200 OK in 10ms (Views: 8.6ms | ActiveRecord: 0.0ms)
I, [2015-02-26T06:49:52.145201 #13425]  INFO -- : Started GET "/" for 123.125.71.39 at 2015-02-26 06:49:52 +0000
I, [2015-02-26T06:49:52.147165 #13425]  INFO -- : Processing by HomeController#index as */*
I, [2015-02-26T06:49:52.150967 #13425]  INFO -- :   Rendered home/index.html.erb within layouts/application (0.2ms)
I, [2015-02-26T06:49:52.156399 #13425]  INFO -- : Completed 200 OK in 9ms (Views: 8.2ms | ActiveRecord: 0.0ms)
I, [2015-02-26T06:50:47.079171 #13422]  INFO -- : Started GET "/wp-login.php" for 89.184.152.198 at 2015-02-26 06:50:47 +0000
F, [2015-02-26T06:50:47.085108 #13422] FATAL -- : 
ActionController::RoutingError (No route matches [GET] "/wp-login.php"):
  actionpack (4.0.2) lib/action_dispatch/middleware/debug_exceptions.rb:21:in `call'
  actionpack (4.0.2) lib/action_dispatch/middleware/show_exceptions.rb:30:in `call'
  railties (4.0.2) lib/rails/rack/logger.rb:38:in `call_app'
  railties (4.0.2) lib/rails/rack/logger.rb:20:in `block in call'
  activesupport (4.0.2) lib/active_support/tagged_logging.rb:67:in `block in tagged'
  activesupport (4.0.2) lib/active_support/tagged_logging.rb:25:in `tagged'
  activesupport (4.0.2) lib/active_support/tagged_logging.rb:67:in `tagged'
  railties (4.0.2) lib/rails/rack/logger.rb:20:in `call'
  actionpack (4.0.2) lib/action_dispatch/middleware/request_id.rb:21:in `call'
  rack (1.5.2) lib/rack/methodoverride.rb:21:in `call'
  rack (1.5.2) lib/rack/runtime.rb:17:in `call'
  activesupport (4.0.2) lib/active_support/cache/strategy/local_cache.rb:83:in `call'
  rack (1.5.2) lib/rack/lock.rb:17:in `call'
  rack (1.5.2) lib/rack/sendfile.rb:112:in `call'
  railties (4.0.2) lib/rails/engine.rb:511:in `call'
  railties (4.0.2) lib/rails/application.rb:97:in `call'
  unicorn (4.8.3) lib/unicorn/http_server.rb:576:in `process_client'
  unicorn (4.8.3) lib/unicorn/http_server.rb:670:in `worker_loop'
  unicorn (4.8.3) lib/unicorn/http_server.rb:525:in `spawn_missing_workers'
  unicorn (4.8.3) lib/unicorn/http_server.rb:140:in `start'
  unicorn (4.8.3) bin/unicorn:126:in `<top (required)>'
  /usr/local/rvm/gems/ruby-2.1.3/bin/unicorn:23:in `load'
  /usr/local/rvm/gems/ruby-2.1.3/bin/unicorn:23:in `<main>'
  /usr/local/rvm/gems/ruby-2.0.0-p353/bin/ruby_executable_hooks:15:in `eval'
  /usr/local/rvm/gems/ruby-2.0.0-p353/bin/ruby_executable_hooks:15:in `<main>'


I, [2015-02-26T06:55:53.610511 #13419]  INFO -- : Started GET "/oc/%D0%BE%D0%BF%D1%83%D0%B1%D0%BB%D0%B8%D0%BA%D0%BE%D0%B2%D0%B0%D1%82%D1%8C-%D0%BD%D0%BE%D0%B2%D0%BE%D0%B5.html?category=hobbies&location=" for 188.165.15.203 at 2015-02-26 06:55:53 +0000
F, [2015-02-26T06:55:53.620611 #13419] FATAL -- : 
ActionController::RoutingError (No route matches [GET] "/oc/%D0%BE%D0%BF%D1%83%D0%B1%D0%BB%D0%B8%D0%BA%D0%BE%D0%B2%D0%B0%D1%82%D1%8C-%D0%BD%D0%BE%D0%B2%D0%BE%D0%B5.html"):
  actionpack (4.0.2) lib/action_dispatch/middleware/debug_exceptions.rb:21:in `call'
  actionpack (4.0.2) lib/action_dispatch/middleware/show_exceptions.rb:30:in `call'
  railties (4.0.2) lib/rails/rack/logger.rb:38:in `call_app'
  railties (4.0.2) lib/rails/rack/logger.rb:20:in `block in call'
  activesupport (4.0.2) lib/active_support/tagged_logging.rb:67:in `block in tagged'
  activesupport (4.0.2) lib/active_support/tagged_logging.rb:25:in `tagged'
  activesupport (4.0.2) lib/active_support/tagged_logging.rb:67:in `tagged'
  railties (4.0.2) lib/rails/rack/logger.rb:20:in `call'
  actionpack (4.0.2) lib/action_dispatch/middleware/request_id.rb:21:in `call'
  rack (1.5.2) lib/rack/methodoverride.rb:21:in `call'
  rack (1.5.2) lib/rack/runtime.rb:17:in `call'
  activesupport (4.0.2) lib/active_support/cache/strategy/local_cache.rb:83:in `call'
  rack (1.5.2) lib/rack/lock.rb:17:in `call'
  rack (1.5.2) lib/rack/sendfile.rb:112:in `call'
  railties (4.0.2) lib/rails/engine.rb:511:in `call'
  railties (4.0.2) lib/rails/application.rb:97:in `call'
  unicorn (4.8.3) lib/unicorn/http_server.rb:576:in `process_client'
  unicorn (4.8.3) lib/unicorn/http_server.rb:670:in `worker_loop'
  unicorn (4.8.3) lib/unicorn/http_server.rb:525:in `spawn_missing_workers'
  unicorn (4.8.3) lib/unicorn/http_server.rb:140:in `start'
  unicorn (4.8.3) bin/unicorn:126:in `<top (required)>'
  /usr/local/rvm/gems/ruby-2.1.3/bin/unicorn:23:in `load'
  /usr/local/rvm/gems/ruby-2.1.3/bin/unicorn:23:in `<main>'
  /usr/local/rvm/gems/ruby-2.0.0-p353/bin/ruby_executable_hooks:15:in `eval'
  /usr/local/rvm/gems/ruby-2.0.0-p353/bin/ruby_executable_hooks:15:in `<main>'


I, [2015-02-26T07:45:40.714339 #13425]  INFO -- : Started GET "/" for 91.201.244.150 at 2015-02-26 07:45:40 +0000
I, [2015-02-26T07:45:40.724958 #13425]  INFO -- : Processing by HomeController#index as HTML
I, [2015-02-26T07:45:40.732216 #13425]  INFO -- :   Rendered home/index.html.erb within layouts/application (0.8ms)
I, [2015-02-26T07:45:40.746703 #13425]  INFO -- : Completed 200 OK in 21ms (Views: 19.6ms | ActiveRecord: 0.0ms)
I, [2015-02-26T07:45:48.716104 #13419]  INFO -- : Started GET "/" for 91.201.244.150 at 2015-02-26 07:45:48 +0000
I, [2015-02-26T07:45:48.723769 #13419]  INFO -- : Processing by HomeController#index as HTML
I, [2015-02-26T07:45:48.729531 #13419]  INFO -- :   Rendered home/index.html.erb within layouts/application (0.5ms)
I, [2015-02-26T07:45:48.737827 #13419]  INFO -- : Completed 200 OK in 14ms (Views: 11.6ms | ActiveRecord: 0.0ms)
I, [2015-02-26T07:46:31.524378 #13425]  INFO -- : Started GET "/" for 91.201.244.150 at 2015-02-26 07:46:31 +0000
I, [2015-02-26T07:46:31.532649 #13425]  INFO -- : Processing by HomeController#index as HTML
I, [2015-02-26T07:46:31.547631 #13425]  INFO -- :   Rendered home/index.html.erb within layouts/application (0.5ms)
I, [2015-02-26T07:46:31.558523 #13425]  INFO -- : Completed 200 OK in 26ms (Views: 18.9ms | ActiveRecord: 0.0ms)
I, [2015-02-26T07:47:06.754211 #13422]  INFO -- : Started GET "/items" for 91.201.244.150 at 2015-02-26 07:47:06 +0000
I, [2015-02-26T07:47:06.766610 #13422]  INFO -- : Processing by ItemsController#index as HTML
I, [2015-02-26T07:47:06.775538 #13422]  INFO -- :   Rendered items/index.html.erb within layouts/application (3.9ms)
I, [2015-02-26T07:47:06.782709 #13422]  INFO -- : Completed 200 OK in 16ms (Views: 13.2ms | ActiveRecord: 0.6ms)
I, [2015-02-26T07:47:12.042537 #13425]  INFO -- : Started GET "/items/1" for 91.201.244.150 at 2015-02-26 07:47:12 +0000
