  /usr/local/rvm/gems/ruby-2.1.3/bin/unicorn:23:in `<main>'
  /usr/local/rvm/gems/ruby-2.0.0-p353/bin/ruby_executable_hooks:15:in `eval'
  /usr/local/rvm/gems/ruby-2.0.0-p353/bin/ruby_executable_hooks:15:in `<main>'


I, [2015-02-26T10:23:28.133589 #13428]  INFO -- : Started GET "/items/5/edit" for 91.201.244.150 at 2015-02-26 10:23:28 +0000
I, [2015-02-26T10:23:28.188552 #13428]  INFO -- : Processing by ItemsController#edit as HTML
I, [2015-02-26T10:23:28.188905 #13428]  INFO -- :   Parameters: {"id"=>"5"}
I, [2015-02-26T10:23:28.230261 #13428]  INFO -- :   Rendered items/edit.html.erb within layouts/application (6.5ms)
I, [2015-02-26T10:23:28.256101 #13428]  INFO -- : Completed 200 OK in 67ms (Views: 34.2ms | ActiveRecord: 2.9ms)
I, [2015-02-26T10:23:44.493338 #13425]  INFO -- : Started PATCH "/items/5" for 91.201.244.150 at 2015-02-26 10:23:44 +0000
I, [2015-02-26T10:23:44.515280 #13425]  INFO -- : Processing by ItemsController#update as HTML
I, [2015-02-26T10:23:44.515530 #13425]  INFO -- :   Parameters: {"utf8"=>"", "authenticity_token"=>"6kG6dFQP93qhC9RvkLImOpKPSXOSRKcJNPD+UWWuDho=", "item"=>{"name"=>"Test edit item", "price"=>"2111.0", "weigth"=>"44", "real"=>"1", "short_desc"=>"123123123213213", "description"=>"short_descshort_descshort_desc"}, "commit"=>"", "id"=>"5"}
W, [2015-02-26T10:23:44.569794 #13425]  WARN -- : WARNING: Can't mass-assign protected attributes for Item: weigth, short_desc
	app/controllers/items_controller.rb:26:in `update'
I, [2015-02-26T10:23:44.622394 #13425]  INFO -- : Redirected to http://178.62.24.75/items/5
I, [2015-02-26T10:23:44.624365 #13425]  INFO -- : Completed 302 Found in 108ms (ActiveRecord: 36.5ms)
I, [2015-02-26T10:23:44.703038 #13419]  INFO -- : Started GET "/items/5" for 91.201.244.150 at 2015-02-26 10:23:44 +0000
I, [2015-02-26T10:23:44.714072 #13419]  INFO -- : Processing by ItemsController#show as HTML
I, [2015-02-26T10:23:44.714275 #13419]  INFO -- :   Parameters: {"id"=>"5"}
I, [2015-02-26T10:23:44.727858 #13419]  INFO -- :   Rendered items/show.html.erb within layouts/application (0.8ms)
I, [2015-02-26T10:23:44.740291 #13419]  INFO -- : Completed 200 OK in 26ms (Views: 16.6ms | ActiveRecord: 2.8ms)
I, [2015-02-26T10:23:47.654123 #13425]  INFO -- : Started GET "/items" for 91.201.244.150 at 2015-02-26 10:23:47 +0000
I, [2015-02-26T10:23:47.666799 #13425]  INFO -- : Processing by ItemsController#index as HTML
I, [2015-02-26T10:23:47.687828 #13425]  INFO -- :   Rendered items/index.html.erb within layouts/application (9.7ms)
I, [2015-02-26T10:23:47.712484 #13425]  INFO -- : Completed 200 OK in 45ms (Views: 40.2ms | ActiveRecord: 1.7ms)
I, [2015-02-26T10:24:52.431355 #13419]  INFO -- : Started GET "/items/5" for 91.201.244.150 at 2015-02-26 10:24:52 +0000
I, [2015-02-26T10:24:52.451746 #13419]  INFO -- : Processing by ItemsController#show as HTML
I, [2015-02-26T10:24:52.451870 #13419]  INFO -- :   Parameters: {"id"=>"5"}
I, [2015-02-26T10:24:52.476627 #13419]  INFO -- :   Rendered items/show.html.erb within layouts/application (0.3ms)
I, [2015-02-26T10:24:52.482396 #13419]  INFO -- : Completed 200 OK in 30ms (Views: 7.9ms | ActiveRecord: 2.0ms)
I, [2015-02-26T10:24:55.678735 #13425]  INFO -- : Started GET "/items/5/edit" for 91.201.244.150 at 2015-02-26 10:24:55 +0000
I, [2015-02-26T10:24:55.707430 #13425]  INFO -- : Processing by ItemsController#edit as HTML
I, [2015-02-26T10:24:55.710840 #13425]  INFO -- :   Parameters: {"id"=>"5"}
I, [2015-02-26T10:24:55.768867 #13425]  INFO -- :   Rendered items/edit.html.erb within layouts/application (28.1ms)
I, [2015-02-26T10:24:55.774960 #13425]  INFO -- : Completed 200 OK in 63ms (Views: 36.3ms | ActiveRecord: 2.5ms)
I, [2015-02-26T10:25:00.954021 #13419]  INFO -- : Started PATCH "/items/5" for 91.201.244.150 at 2015-02-26 10:25:00 +0000
I, [2015-02-26T10:25:00.961539 #13419]  INFO -- : Processing by ItemsController#update as HTML
I, [2015-02-26T10:25:00.961886 #13419]  INFO -- :   Parameters: {"utf8"=>"", "authenticity_token"=>"6kG6dFQP93qhC9RvkLImOpKPSXOSRKcJNPD+UWWuDho=", "item"=>{"name"=>"Test edit item", "price"=>"2111.0", "weigth"=>"33", "real"=>"1", "short_desc"=>"123123", "description"=>"short_descshort_descshort_desc"}, "commit"=>"", "id"=>"5"}
W, [2015-02-26T10:25:00.969815 #13419]  WARN -- : WARNING: Can't mass-assign protected attributes for Item: weigth
	app/controllers/items_controller.rb:26:in `update'
I, [2015-02-26T10:25:00.984193 #13419]  INFO -- : Redirected to http://178.62.24.75/items/5
I, [2015-02-26T10:25:00.984558 #13419]  INFO -- : Completed 302 Found in 22ms (ActiveRecord: 8.2ms)
I, [2015-02-26T10:25:01.055012 #13422]  INFO -- : Started GET "/items/5" for 91.201.244.150 at 2015-02-26 10:25:01 +0000
I, [2015-02-26T10:25:01.102011 #13422]  INFO -- : Processing by ItemsController#show as HTML
I, [2015-02-26T10:25:01.102206 #13422]  INFO -- :   Parameters: {"id"=>"5"}
I, [2015-02-26T10:25:01.140255 #13422]  INFO -- :   Rendered items/show.html.erb within layouts/application (0.7ms)
I, [2015-02-26T10:25:01.149811 #13422]  INFO -- : Completed 200 OK in 47ms (Views: 13.2ms | ActiveRecord: 2.9ms)
I, [2015-02-26T10:25:05.085348 #13419]  INFO -- : Started GET "/items" for 91.201.244.150 at 2015-02-26 10:25:05 +0000
I, [2015-02-26T10:25:05.088762 #13419]  INFO -- : Processing by ItemsController#index as HTML
I, [2015-02-26T10:25:05.095833 #13419]  INFO -- :   Rendered items/index.html.erb within layouts/application (3.7ms)
I, [2015-02-26T10:25:05.105104 #13419]  INFO -- : Completed 200 OK in 16ms (Views: 14.2ms | ActiveRecord: 0.9ms)
I, [2015-02-26T10:26:08.565997 #13428]  INFO -- : Started GET "/items/4" for 91.201.244.150 at 2015-02-26 10:26:08 +0000
I, [2015-02-26T10:26:08.598060 #13428]  INFO -- : Processing by ItemsController#show as HTML
I, [2015-02-26T10:26:08.598190 #13428]  INFO -- :   Parameters: {"id"=>"4"}
I, [2015-02-26T10:26:08.630560 #13428]  INFO -- :   Rendered items/show.html.erb within layouts/application (0.5ms)
I, [2015-02-26T10:26:08.636874 #13428]  INFO -- : Completed 200 OK in 39ms (Views: 9.3ms | ActiveRecord: 3.8ms)
I, [2015-02-26T10:26:17.455860 #13419]  INFO -- : Started GET "/items/4/edit" for 91.201.244.150 at 2015-02-26 10:26:17 +0000
I, [2015-02-26T10:26:17.489789 #13419]  INFO -- : Processing by ItemsController#edit as HTML
I, [2015-02-26T10:26:17.489997 #13419]  INFO -- :   Parameters: {"id"=>"4"}
I, [2015-02-26T10:26:17.562354 #13419]  INFO -- :   Rendered items/edit.html.erb within layouts/application (36.7ms)
I, [2015-02-26T10:26:17.568322 #13419]  INFO -- : Completed 200 OK in 78ms (Views: 45.1ms | ActiveRecord: 2.4ms)
I, [2015-02-26T10:26:23.639173 #13428]  INFO -- : Started PATCH "/items/4" for 91.201.244.150 at 2015-02-26 10:26:23 +0000
I, [2015-02-26T10:26:23.644008 #13428]  INFO -- : Processing by ItemsController#update as HTML
I, [2015-02-26T10:26:23.644314 #13428]  INFO -- :   Parameters: {"utf8"=>"", "authenticity_token"=>"6kG6dFQP93qhC9RvkLImOpKPSXOSRKcJNPD+UWWuDho=", "item"=>{"name"=>"2", "price"=>"222.0", "weigth"=>"33", "real"=>"1", "short_desc"=>"123123123123123123", "description"=>"Lorem ipsum dolor sit amet, consectetur adipiscing elit. Phasellus egestas posuere lectus quis iaculis. Nulla vel augue sed diam consectetur suscipit vitae nec odioLorem ipsum dolor sit amet, consectetur adipiscing elit. Phasellus egestas posuere lectus quis iaculis. Nulla vel augue sed diam consectetur suscipit vitae nec odio Lorem ipsum dolor sit amet, consectetur adipiscing elit. Phasellus egestas posuere lectus quis iaculis. Nulla vel augue sed diam consectetur suscipit vitae nec odio"}, "commit"=>"", "id"=>"4"}
W, [2015-02-26T10:26:23.650531 #13428]  WARN -- : WARNING: Can't mass-assign protected attributes for Item: name, price, weigth, real, short_desc, description
	app/controllers/items_controller.rb:26:in `update'
I, [2015-02-26T10:26:23.667084 #13428]  INFO -- :   Rendered items/edit.html.erb within layouts/application (8.2ms)
I, [2015-02-26T10:26:23.675984 #13428]  INFO -- : Completed 200 OK in 31ms (Views: 19.1ms | ActiveRecord: 1.0ms)
I, [2015-02-26T10:26:58.744966 #13419]  INFO -- : Started GET "/items/4/edit" for 91.201.244.150 at 2015-02-26 10:26:58 +0000
I, [2015-02-26T10:26:58.770807 #13419]  INFO -- : Processing by ItemsController#edit as HTML
I, [2015-02-26T10:26:58.770964 #13419]  INFO -- :   Parameters: {"id"=>"4"}
I, [2015-02-26T10:26:58.806962 #13419]  INFO -- :   Rendered items/edit.html.erb within layouts/application (6.7ms)
I, [2015-02-26T10:26:58.813053 #13419]  INFO -- : Completed 200 OK in 42ms (Views: 15.0ms | ActiveRecord: 3.7ms)
I, [2015-02-26T10:27:08.083815 #13425]  INFO -- : Started PATCH "/items/4" for 91.201.244.150 at 2015-02-26 10:27:08 +0000
I, [2015-02-26T10:27:08.114130 #13425]  INFO -- : Processing by ItemsController#update as HTML
I, [2015-02-26T10:27:08.114358 #13425]  INFO -- :   Parameters: {"utf8"=>"", "authenticity_token"=>"6kG6dFQP93qhC9RvkLImOpKPSXOSRKcJNPD+UWWuDho=", "item"=>{"name"=>"2", "price"=>"222.0", "weigth"=>"123", "real"=>"1", "short_desc"=>"Lorem ipsum dolor sit amet, consectetur ", "description"=>"22adipiscing elit. Phasellus egestas posuere lectus quis iaculis. Nulla vel augue sed diam consectetur suscipit vitae nec odioLorem ipsum dolor sit amet, consectetur adipiscing elit. Phasellus egestas posuere lectus quis iaculis. Nulla vel augue sed diam consectetur suscipit vitae nec odio Lorem ipsum dolor sit amet, consectetur adipiscing elit. Phasellus egestas posuere lectus quis iaculis. Nulla vel augue sed diam consectetur suscipit vitae nec odio"}, "commit"=>"", "id"=>"4"}
I, [2015-02-26T10:27:08.152441 #13425]  INFO -- : Redirected to http://178.62.24.75/items/4
I, [2015-02-26T10:27:08.152976 #13425]  INFO -- : Completed 302 Found in 38ms (ActiveRecord: 6.7ms)
I, [2015-02-26T10:27:08.219929 #13422]  INFO -- : Started GET "/items/4" for 91.201.244.150 at 2015-02-26 10:27:08 +0000
I, [2015-02-26T10:27:08.252329 #13422]  INFO -- : Processing by ItemsController#show as HTML
I, [2015-02-26T10:27:08.252529 #13422]  INFO -- :   Parameters: {"id"=>"4"}
I, [2015-02-26T10:27:08.284638 #13422]  INFO -- :   Rendered items/show.html.erb within layouts/application (0.4ms)
I, [2015-02-26T10:27:08.291655 #13422]  INFO -- : Completed 200 OK in 39ms (Views: 9.8ms | ActiveRecord: 2.2ms)
I, [2015-02-26T10:27:12.114214 #13425]  INFO -- : Started GET "/items" for 91.201.244.150 at 2015-02-26 10:27:12 +0000
I, [2015-02-26T10:27:12.117149 #13425]  INFO -- : Processing by ItemsController#index as HTML
I, [2015-02-26T10:27:12.123081 #13425]  INFO -- :   Rendered items/index.html.erb within layouts/application (2.8ms)
I, [2015-02-26T10:27:12.129177 #13425]  INFO -- : Completed 200 OK in 12ms (Views: 10.4ms | ActiveRecord: 0.6ms)
I, [2015-02-26T10:27:24.948436 #13422]  INFO -- : Started GET "/items/1" for 91.201.244.150 at 2015-02-26 10:27:24 +0000
I, [2015-02-26T10:27:24.956110 #13422]  INFO -- : Processing by ItemsController#show as HTML
I, [2015-02-26T10:27:24.956281 #13422]  INFO -- :   Parameters: {"id"=>"1"}
I, [2015-02-26T10:27:24.965126 #13422]  INFO -- :   Rendered items/show.html.erb within layouts/application (0.3ms)
I, [2015-02-26T10:27:24.978962 #13422]  INFO -- : Completed 200 OK in 22ms (Views: 17.3ms | ActiveRecord: 1.3ms)
I, [2015-02-26T10:27:30.225471 #13428]  INFO -- : Started GET "/items/1/edit" for 91.201.244.150 at 2015-02-26 10:27:30 +0000
I, [2015-02-26T10:27:30.301063 #13428]  INFO -- : Processing by ItemsController#edit as HTML
I, [2015-02-26T10:27:30.301357 #13428]  INFO -- :   Parameters: {"id"=>"1"}
I, [2015-02-26T10:27:30.392212 #13428]  INFO -- :   Rendered items/edit.html.erb within layouts/application (17.1ms)
I, [2015-02-26T10:27:30.409497 #13428]  INFO -- : Completed 200 OK in 108ms (Views: 39.9ms | ActiveRecord: 6.6ms)
I, [2015-02-26T10:27:36.028722 #13419]  INFO -- : Started PATCH "/items/1" for 91.201.244.150 at 2015-02-26 10:27:36 +0000
I, [2015-02-26T10:27:36.034858 #13419]  INFO -- : Processing by ItemsController#update as HTML
I, [2015-02-26T10:27:36.035115 #13419]  INFO -- :   Parameters: {"utf8"=>"", "authenticity_token"=>"6kG6dFQP93qhC9RvkLImOpKPSXOSRKcJNPD+UWWuDho=", "item"=>{"name"=>"First Item", "price"=>"200.5", "weigth"=>"50.54999923706055", "real"=>"1", "short_desc"=>"Lorem ipsum dolor sit amet, consectetur ", "description"=>"Lorem ipsum dolor sit amet, consectetur adipiscing elit. Phasellus egestas posuere lectus quis iaculis. Nulla vel augue sed diam consectetur suscipit vitae nec odio. Donec nec justo interdum, posuere leo quis, efficitur magna. Maecenas dapibus nisl et diam bibendum molestie et at eros. Aliquam fringilla libero tortor, et bibendum nisl volutpat id. Aenean pretium libero vitae finibus gravida. Praesent fringilla rutrum tortor eu finibus. Sed interdum et erat et ultricies. Mauris quis aliquet orci. Lorem ipsum dolor sit amet, consectetur adipiscing elit. Etiam nec ligula fermentum, blandit libero ac, pharetra dui. Mauris lacinia fermentum feugiat. Donec tempus vitae nibh quis hendrerit. Ut luctus, urna in venenatis facilisis, augue dolor tincidunt diam, ac viverra neque nisl sit amet leo. Interdum et malesuada fames ac ante ipsum primis in faucibus. Sed pulvinar bibendum mauris, vel molestie enim pulvinar quis."}, "commit"=>"", "id"=>"1"}
I, [2015-02-26T10:27:36.049745 #13419]  INFO -- : Redirected to http://178.62.24.75/items/1
I, [2015-02-26T10:27:36.050148 #13419]  INFO -- : Completed 302 Found in 15ms (ActiveRecord: 6.4ms)
I, [2015-02-26T10:27:36.121952 #13428]  INFO -- : Started GET "/items/1" for 91.201.244.150 at 2015-02-26 10:27:36 +0000
I, [2015-02-26T10:27:36.127756 #13428]  INFO -- : Processing by ItemsController#show as HTML
I, [2015-02-26T10:27:36.127855 #13428]  INFO -- :   Parameters: {"id"=>"1"}
I, [2015-02-26T10:27:36.134109 #13428]  INFO -- :   Rendered items/show.html.erb within layouts/application (0.4ms)
I, [2015-02-26T10:27:36.141064 #13428]  INFO -- : Completed 200 OK in 13ms (Views: 8.9ms | ActiveRecord: 0.8ms)
I, [2015-02-26T10:27:38.890560 #13419]  INFO -- : Started GET "/items" for 91.201.244.150 at 2015-02-26 10:27:38 +0000
I, [2015-02-26T10:27:38.894200 #13419]  INFO -- : Processing by ItemsController#index as HTML
I, [2015-02-26T10:27:38.903120 #13419]  INFO -- :   Rendered items/index.html.erb within layouts/application (4.9ms)
I, [2015-02-26T10:27:38.914495 #13419]  INFO -- : Completed 200 OK in 20ms (Views: 17.7ms | ActiveRecord: 1.1ms)
I, [2015-02-26T10:27:44.308838 #13428]  INFO -- : Started GET "/items/3" for 91.201.244.150 at 2015-02-26 10:27:44 +0000
I, [2015-02-26T10:27:44.311508 #13428]  INFO -- : Processing by ItemsController#show as HTML
I, [2015-02-26T10:27:44.311597 #13428]  INFO -- :   Parameters: {"id"=>"3"}
I, [2015-02-26T10:27:44.316509 #13428]  INFO -- :   Rendered items/show.html.erb within layouts/application (0.2ms)
I, [2015-02-26T10:27:44.324759 #13428]  INFO -- : Completed 200 OK in 13ms (Views: 10.2ms | ActiveRecord: 0.6ms)
I, [2015-02-26T10:28:10.769899 #13425]  INFO -- : Started GET "/" for 91.201.244.150 at 2015-02-26 10:28:10 +0000
I, [2015-02-26T10:28:10.781841 #13425]  INFO -- : Processing by HomeController#index as HTML
I, [2015-02-26T10:28:10.787951 #13425]  INFO -- :   Rendered home/index.html.erb within layouts/application (0.4ms)
I, [2015-02-26T10:28:10.796077 #13425]  INFO -- : Completed 200 OK in 14ms (Views: 11.5ms | ActiveRecord: 0.0ms)
I, [2015-02-26T10:28:17.789683 #13419]  INFO -- : Started GET "/items" for 91.201.244.150 at 2015-02-26 10:28:17 +0000
I, [2015-02-26T10:28:17.795166 #13419]  INFO -- : Processing by ItemsController#index as HTML
I, [2015-02-26T10:28:17.803666 #13419]  INFO -- :   Rendered items/index.html.erb within layouts/application (4.5ms)
I, [2015-02-26T10:28:17.811590 #13419]  INFO -- : Completed 200 OK in 16ms (Views: 14.0ms | ActiveRecord: 0.6ms)
I, [2015-02-26T10:28:26.580334 #13428]  INFO -- : Started GET "/" for 91.201.244.150 at 2015-02-26 10:28:26 +0000
I, [2015-02-26T10:28:26.590293 #13428]  INFO -- : Processing by HomeController#index as HTML
I, [2015-02-26T10:28:26.595470 #13428]  INFO -- :   Rendered home/index.html.erb within layouts/application (0.3ms)
I, [2015-02-26T10:28:26.620217 #13428]  INFO -- : Completed 200 OK in 30ms (Views: 27.7ms | ActiveRecord: 0.0ms)
I, [2015-02-26T10:29:07.580612 #13419]  INFO -- : Started GET "/items" for 91.201.244.150 at 2015-02-26 10:29:07 +0000
I, [2015-02-26T10:29:07.584974 #13419]  INFO -- : Processing by ItemsController#index as HTML
I, [2015-02-26T10:29:07.591875 #13419]  INFO -- :   Rendered items/index.html.erb within layouts/application (3.4ms)
I, [2015-02-26T10:29:07.599483 #13419]  INFO -- : Completed 200 OK in 14ms (Views: 12.6ms | ActiveRecord: 0.6ms)
I, [2015-02-26T10:29:43.745015 #13428]  INFO -- : Started GET "/items/1" for 91.201.244.150 at 2015-02-26 10:29:43 +0000
I, [2015-02-26T10:29:43.751705 #13428]  INFO -- : Processing by ItemsController#show as HTML
I, [2015-02-26T10:29:43.751839 #13428]  INFO -- :   Parameters: {"id"=>"1"}
I, [2015-02-26T10:29:43.760657 #13428]  INFO -- :   Rendered items/show.html.erb within layouts/application (0.5ms)
I, [2015-02-26T10:29:43.768957 #13428]  INFO -- : Completed 200 OK in 17ms (Views: 11.0ms | ActiveRecord: 0.8ms)
I, [2015-02-26T10:29:51.301513 #13425]  INFO -- : Started GET "/items/1/edit" for 91.201.244.150 at 2015-02-26 10:29:51 +0000
I, [2015-02-26T10:29:51.309060 #13425]  INFO -- : Processing by ItemsController#edit as HTML
I, [2015-02-26T10:29:51.309207 #13425]  INFO -- :   Parameters: {"id"=>"1"}
I, [2015-02-26T10:29:51.329596 #13425]  INFO -- :   Rendered items/edit.html.erb within layouts/application (10.8ms)
I, [2015-02-26T10:29:51.336992 #13425]  INFO -- : Completed 200 OK in 28ms (Views: 20.7ms | ActiveRecord: 1.5ms)
I, [2015-02-26T10:29:55.962303 #13428]  INFO -- : Started PATCH "/items/1" for 91.201.244.150 at 2015-02-26 10:29:55 +0000
I, [2015-02-26T10:29:55.965228 #13428]  INFO -- : Processing by ItemsController#update as HTML
I, [2015-02-26T10:29:55.965422 #13428]  INFO -- :   Parameters: {"utf8"=>"", "authenticity_token"=>"6kG6dFQP93qhC9RvkLImOpKPSXOSRKcJNPD+UWWuDho=", "item"=>{"name"=>"First Item", "price"=>"200.5", "weigth"=>"50.54999923706055", "real"=>"1", "short_desc"=>"Lorem ipsum dolor sit amet, consectetur adipiscing elit. Phasellus egestas posuere lectus quis iaculis. Nulla vel augue sed diam consectetur suscipit vitae nec odio", "description"=>"Lorem ipsum dolor sit amet, consectetur adipiscing elit. Phasellus egestas posuere lectus quis iaculis. Nulla vel augue sed diam consectetur suscipit vitae nec odio. Donec nec justo interdum, posuere leo quis, efficitur magna. Maecenas dapibus nisl et diam bibendum molestie et at eros. Aliquam fringilla libero tortor, et bibendum nisl volutpat id. Aenean pretium libero vitae finibus gravida. Praesent fringilla rutrum tortor eu finibus. Sed interdum et erat et ultricies. Mauris quis aliquet orci. Lorem ipsum dolor sit amet, consectetur adipiscing elit. Etiam nec ligula fermentum, blandit libero ac, pharetra dui. Mauris lacinia fermentum feugiat. Donec tempus vitae nibh quis hendrerit. Ut luctus, urna in venenatis facilisis, augue dolor tincidunt diam, ac viverra neque nisl sit amet leo. Interdum et malesuada fames ac ante ipsum primis in faucibus. Sed pulvinar bibendum mauris, vel molestie enim pulvinar quis."}, "commit"=>"", "id"=>"1"}
I, [2015-02-26T10:29:55.984826 #13428]  INFO -- : Redirected to http://178.62.24.75/items/1
I, [2015-02-26T10:29:55.985109 #13428]  INFO -- : Completed 302 Found in 20ms (ActiveRecord: 6.9ms)
I, [2015-02-26T10:29:56.053157 #13422]  INFO -- : Started GET "/items/1" for 91.201.244.150 at 2015-02-26 10:29:56 +0000
I, [2015-02-26T10:29:56.061214 #13422]  INFO -- : Processing by ItemsController#show as HTML
I, [2015-02-26T10:29:56.061364 #13422]  INFO -- :   Parameters: {"id"=>"1"}
I, [2015-02-26T10:29:56.071674 #13422]  INFO -- :   Rendered items/show.html.erb within layouts/application (0.4ms)
I, [2015-02-26T10:29:56.081577 #13422]  INFO -- : Completed 200 OK in 20ms (Views: 12.6ms | ActiveRecord: 1.0ms)
I, [2015-02-26T10:30:04.317764 #13428]  INFO -- : Started GET "/items/2/edit" for 91.201.244.150 at 2015-02-26 10:30:04 +0000
I, [2015-02-26T10:30:04.320740 #13428]  INFO -- : Processing by ItemsController#edit as HTML
I, [2015-02-26T10:30:04.320858 #13428]  INFO -- :   Parameters: {"id"=>"2"}
I, [2015-02-26T10:30:04.332402 #13428]  INFO -- :   Rendered items/edit.html.erb within layouts/application (7.1ms)
I, [2015-02-26T10:30:04.339204 #13428]  INFO -- : Completed 200 OK in 18ms (Views: 15.8ms | ActiveRecord: 0.6ms)
I, [2015-02-26T10:30:08.638550 #13422]  INFO -- : Started PATCH "/items/2" for 91.201.244.150 at 2015-02-26 10:30:08 +0000
I, [2015-02-26T10:30:08.642226 #13422]  INFO -- : Processing by ItemsController#update as HTML
I, [2015-02-26T10:30:08.642458 #13422]  INFO -- :   Parameters: {"utf8"=>"", "authenticity_token"=>"6kG6dFQP93qhC9RvkLImOpKPSXOSRKcJNPD+UWWuDho=", "item"=>{"name"=>"Second Item", "price"=>"55.15999984741211", "weigth"=>"150.64999389648438", "real"=>"1", "short_desc"=>"Lorem ipsum dolor sit amet, consectetur adipiscing elit. Phasellus egestas posuere lectus quis iaculis. Nulla vel augue sed diam consectetur suscipit vitae nec odio", "description"=>"Lorem ipsum dolor sit amet, consectetur adipiscing elit. Phasellus egestas posuere lectus quis iaculis. Nulla vel augue sed diam consectetur suscipit vitae nec odio. Donec nec justo interdum, posuere leo quis, efficitur magna. Maecenas dapibus nisl et diam bibendum molestie et at eros. Aliquam fringilla libero tortor, et bibendum nisl volutpat id. Aenean pretium libero vitae finibus gravida. Praesent fringilla rutrum tortor eu finibus. Sed interdum et erat et ultricies. Mauris quis aliquet orci. Lorem ipsum dolor sit amet, consectetur adipiscing elit. Etiam nec ligula fermentum, blandit libero ac, pharetra dui. Mauris lacinia fermentum feugiat. Donec tempus vitae nibh quis hendrerit. Ut luctus, urna in venenatis facilisis, augue dolor tincidunt diam, ac viverra neque nisl sit amet leo. Interdum et malesuada fames ac ante ipsum primis in faucibus. Sed pulvinar bibendum mauris, vel molestie enim pulvinar quis."}, "commit"=>"", "id"=>"2"}
I, [2015-02-26T10:30:08.652958 #13422]  INFO -- : Redirected to http://178.62.24.75/items/2
I, [2015-02-26T10:30:08.653326 #13422]  INFO -- : Completed 302 Found in 11ms (ActiveRecord: 1.7ms)
I, [2015-02-26T10:30:08.720473 #13419]  INFO -- : Started GET "/items/2" for 91.201.244.150 at 2015-02-26 10:30:08 +0000
I, [2015-02-26T10:30:08.725484 #13419]  INFO -- : Processing by ItemsController#show as HTML
I, [2015-02-26T10:30:08.725659 #13419]  INFO -- :   Parameters: {"id"=>"2"}
I, [2015-02-26T10:30:08.733364 #13419]  INFO -- :   Rendered items/show.html.erb within layouts/application (0.6ms)
I, [2015-02-26T10:30:08.741793 #13419]  INFO -- : Completed 200 OK in 16ms (Views: 10.8ms | ActiveRecord: 0.8ms)
I, [2015-02-26T10:30:14.381422 #13422]  INFO -- : Started GET "/items/3/edit" for 91.201.244.150 at 2015-02-26 10:30:14 +0000
I, [2015-02-26T10:30:14.397924 #13422]  INFO -- : Processing by ItemsController#edit as HTML
I, [2015-02-26T10:30:14.398085 #13422]  INFO -- :   Parameters: {"id"=>"3"}
I, [2015-02-26T10:30:14.449371 #13422]  INFO -- :   Rendered items/edit.html.erb within layouts/application (47.1ms)
I, [2015-02-26T10:30:14.456002 #13422]  INFO -- : Completed 200 OK in 58ms (Views: 55.1ms | ActiveRecord: 0.6ms)
I, [2015-02-26T10:30:19.132639 #13419]  INFO -- : Started PATCH "/items/3" for 91.201.244.150 at 2015-02-26 10:30:19 +0000
I, [2015-02-26T10:30:19.135162 #13419]  INFO -- : Processing by ItemsController#update as HTML
I, [2015-02-26T10:30:19.135257 #13419]  INFO -- :   Parameters: {"utf8"=>"", "authenticity_token"=>"6kG6dFQP93qhC9RvkLImOpKPSXOSRKcJNPD+UWWuDho=", "item"=>{"name"=>"Test Form", "price"=>"25666.19921875", "weigth"=>"33", "real"=>"1", "short_desc"=>"Lorem ipsum dolor sit amet, consectetur adipiscing elit. Phasellus egestas posuere lectus quis iaculis. Nulla vel augue sed diam consectetur suscipit vitae nec odio", "description"=>"123213123123"}, "commit"=>"", "id"=>"3"}
I, [2015-02-26T10:30:19.150445 #13419]  INFO -- : Redirected to http://178.62.24.75/items/3
I, [2015-02-26T10:30:19.150741 #13419]  INFO -- : Completed 302 Found in 15ms (ActiveRecord: 9.4ms)
I, [2015-02-26T10:30:19.217716 #13422]  INFO -- : Started GET "/items/3" for 91.201.244.150 at 2015-02-26 10:30:19 +0000
I, [2015-02-26T10:30:19.228019 #13422]  INFO -- : Processing by ItemsController#show as HTML
I, [2015-02-26T10:30:19.228309 #13422]  INFO -- :   Parameters: {"id"=>"3"}
I, [2015-02-26T10:30:19.239631 #13422]  INFO -- :   Rendered items/show.html.erb within layouts/application (0.6ms)
I, [2015-02-26T10:30:19.259987 #13422]  INFO -- : Completed 200 OK in 31ms (Views: 24.9ms | ActiveRecord: 1.4ms)
I, [2015-02-26T10:30:24.053728 #13419]  INFO -- : Started GET "/items/4/edit" for 91.201.244.150 at 2015-02-26 10:30:24 +0000
I, [2015-02-26T10:30:24.057371 #13419]  INFO -- : Processing by ItemsController#edit as HTML
I, [2015-02-26T10:30:24.057499 #13419]  INFO -- :   Parameters: {"id"=>"4"}
I, [2015-02-26T10:30:24.078251 #13419]  INFO -- :   Rendered items/edit.html.erb within layouts/application (14.5ms)
I, [2015-02-26T10:30:24.088615 #13419]  INFO -- : Completed 200 OK in 31ms (Views: 27.6ms | ActiveRecord: 0.8ms)
I, [2015-02-26T10:30:28.323347 #13425]  INFO -- : Started PATCH "/items/4" for 91.201.244.150 at 2015-02-26 10:30:28 +0000
I, [2015-02-26T10:30:28.325586 #13425]  INFO -- : Processing by ItemsController#update as HTML
I, [2015-02-26T10:30:28.325735 #13425]  INFO -- :   Parameters: {"utf8"=>"", "authenticity_token"=>"6kG6dFQP93qhC9RvkLImOpKPSXOSRKcJNPD+UWWuDho=", "item"=>{"name"=>"2", "price"=>"222.0", "weigth"=>"123.0", "real"=>"1", "short_desc"=>"Lorem ipsum dolor sit amet, consectetur adipiscing elit. Phasellus egestas posuere lectus quis iaculis. Nulla vel augue sed diam consectetur suscipit vitae nec odio", "description"=>"22adipiscing elit. Phasellus egestas posuere lectus quis iaculis. Nulla vel augue sed diam consectetur suscipit vitae nec odioLorem ipsum dolor sit amet, consectetur adipiscing elit. Phasellus egestas posuere lectus quis iaculis. Nulla vel augue sed diam consectetur suscipit vitae nec odio Lorem ipsum dolor sit amet, consectetur adipiscing elit. Phasellus egestas posuere lectus quis iaculis. Nulla vel augue sed diam consectetur suscipit vitae nec odio"}, "commit"=>"", "id"=>"4"}
I, [2015-02-26T10:30:28.359374 #13425]  INFO -- : Redirected to http://178.62.24.75/items/4
I, [2015-02-26T10:30:28.359687 #13425]  INFO -- : Completed 302 Found in 34ms (ActiveRecord: 28.8ms)
I, [2015-02-26T10:30:28.424170 #13419]  INFO -- : Started GET "/items/4" for 91.201.244.150 at 2015-02-26 10:30:28 +0000
I, [2015-02-26T10:30:28.426292 #13419]  INFO -- : Processing by ItemsController#show as HTML
I, [2015-02-26T10:30:28.426381 #13419]  INFO -- :   Parameters: {"id"=>"4"}
I, [2015-02-26T10:30:28.430073 #13419]  INFO -- :   Rendered items/show.html.erb within layouts/application (0.2ms)
I, [2015-02-26T10:30:28.449999 #13419]  INFO -- : Completed 200 OK in 23ms (Views: 21.3ms | ActiveRecord: 0.6ms)
I, [2015-02-26T10:30:32.541800 #13425]  INFO -- : Started GET "/items/5/edit" for 91.201.244.150 at 2015-02-26 10:30:32 +0000
I, [2015-02-26T10:30:32.543857 #13425]  INFO -- : Processing by ItemsController#edit as HTML
I, [2015-02-26T10:30:32.543931 #13425]  INFO -- :   Parameters: {"id"=>"5"}
I, [2015-02-26T10:30:32.551673 #13425]  INFO -- :   Rendered items/edit.html.erb within layouts/application (4.6ms)
I, [2015-02-26T10:30:32.557239 #13425]  INFO -- : Completed 200 OK in 13ms (Views: 11.4ms | ActiveRecord: 0.5ms)
I, [2015-02-26T10:30:38.320703 #13419]  INFO -- : Started PATCH "/items/5" for 91.201.244.150 at 2015-02-26 10:30:38 +0000
I, [2015-02-26T10:30:38.324231 #13419]  INFO -- : Processing by ItemsController#update as HTML
I, [2015-02-26T10:30:38.324377 #13419]  INFO -- :   Parameters: {"utf8"=>"", "authenticity_token"=>"6kG6dFQP93qhC9RvkLImOpKPSXOSRKcJNPD+UWWuDho=", "item"=>{"name"=>"Test edit item", "price"=>"2111.0", "weigth"=>"33", "real"=>"1", "short_desc"=>"Lorem ipsum dolor sit amet, consectetur adipiscing elit. Phasellus egestas posuere lectus quis iaculis. Nulla vel augue sed diam consectetur suscipit vitae nec odio", "description"=>"short_descshort_descshort_desc"}, "commit"=>"", "id"=>"5"}
I, [2015-02-26T10:30:38.331133 #13419]  INFO -- : Redirected to http://178.62.24.75/items/5
I, [2015-02-26T10:30:38.331405 #13419]  INFO -- : Completed 302 Found in 7ms (ActiveRecord: 3.3ms)
I, [2015-02-26T10:30:38.396374 #13428]  INFO -- : Started GET "/items/5" for 91.201.244.150 at 2015-02-26 10:30:38 +0000
I, [2015-02-26T10:30:38.398509 #13428]  INFO -- : Processing by ItemsController#show as HTML
I, [2015-02-26T10:30:38.398590 #13428]  INFO -- :   Parameters: {"id"=>"5"}
I, [2015-02-26T10:30:38.402277 #13428]  INFO -- :   Rendered items/show.html.erb within layouts/application (0.2ms)
I, [2015-02-26T10:30:38.407834 #13428]  INFO -- : Completed 200 OK in 9ms (Views: 7.0ms | ActiveRecord: 0.6ms)
I, [2015-02-26T10:30:40.629695 #13419]  INFO -- : Started GET "/items" for 91.201.244.150 at 2015-02-26 10:30:40 +0000
I, [2015-02-26T10:30:40.632566 #13419]  INFO -- : Processing by ItemsController#index as HTML
I, [2015-02-26T10:30:40.639033 #13419]  INFO -- :   Rendered items/index.html.erb within layouts/application (3.5ms)
I, [2015-02-26T10:30:40.648218 #13419]  INFO -- : Completed 200 OK in 15ms (Views: 13.6ms | ActiveRecord: 0.8ms)
I, [2015-02-26T10:31:01.466821 #13428]  INFO -- : Started GET "/items/2" for 91.201.244.150 at 2015-02-26 10:31:01 +0000
I, [2015-02-26T10:31:01.468839 #13428]  INFO -- : Processing by ItemsController#show as HTML
I, [2015-02-26T10:31:01.468908 #13428]  INFO -- :   Parameters: {"id"=>"2"}
I, [2015-02-26T10:31:01.473534 #13428]  INFO -- :   Rendered items/show.html.erb within layouts/application (0.2ms)
I, [2015-02-26T10:31:01.479232 #13428]  INFO -- : Completed 200 OK in 10ms (Views: 7.2ms | ActiveRecord: 0.8ms)
I, [2015-02-26T10:31:07.943180 #13422]  INFO -- : Started GET "/items/2/edit" for 91.201.244.150 at 2015-02-26 10:31:07 +0000
I, [2015-02-26T10:31:07.945360 #13422]  INFO -- : Processing by ItemsController#edit as HTML
I, [2015-02-26T10:31:07.945489 #13422]  INFO -- :   Parameters: {"id"=>"2"}
I, [2015-02-26T10:31:07.953446 #13422]  INFO -- :   Rendered items/edit.html.erb within layouts/application (4.7ms)
I, [2015-02-26T10:31:07.959425 #13422]  INFO -- : Completed 200 OK in 14ms (Views: 11.9ms | ActiveRecord: 0.6ms)
I, [2015-02-26T10:31:17.158977 #13425]  INFO -- : Started GET "/" for 91.201.244.150 at 2015-02-26 10:31:17 +0000
I, [2015-02-26T10:31:17.162848 #13425]  INFO -- : Processing by HomeController#index as HTML
I, [2015-02-26T10:31:17.165668 #13425]  INFO -- :   Rendered home/index.html.erb within layouts/application (0.2ms)
I, [2015-02-26T10:31:17.172051 #13425]  INFO -- : Completed 200 OK in 9ms (Views: 8.0ms | ActiveRecord: 0.0ms)
I, [2015-02-26T10:31:41.311578 #13419]  INFO -- : Started GET "/" for 91.124.83.93 at 2015-02-26 10:31:41 +0000
I, [2015-02-26T10:31:41.333492 #13419]  INFO -- : Processing by HomeController#index as HTML
I, [2015-02-26T10:31:41.339963 #13419]  INFO -- :   Rendered home/index.html.erb within layouts/application (0.4ms)
I, [2015-02-26T10:31:41.348961 #13419]  INFO -- : Completed 200 OK in 15ms (Views: 12.6ms | ActiveRecord: 0.0ms)
I, [2015-02-26T10:31:47.646861 #13422]  INFO -- : Started GET "/items" for 91.124.83.93 at 2015-02-26 10:31:47 +0000
I, [2015-02-26T10:31:47.655076 #13422]  INFO -- : Processing by ItemsController#index as HTML
I, [2015-02-26T10:31:47.666584 #13422]  INFO -- :   Rendered items/index.html.erb within layouts/application (5.7ms)
I, [2015-02-26T10:31:47.675166 #13422]  INFO -- : Completed 200 OK in 20ms (Views: 16.4ms | ActiveRecord: 0.7ms)
I, [2015-02-26T10:31:58.591714 #13425]  INFO -- : Started GET "/items/5" for 91.124.83.93 at 2015-02-26 10:31:58 +0000
I, [2015-02-26T10:31:58.601629 #13425]  INFO -- : Processing by ItemsController#show as HTML
I, [2015-02-26T10:31:58.601822 #13425]  INFO -- :   Parameters: {"id"=>"5"}
I, [2015-02-26T10:31:58.614693 #13425]  INFO -- :   Rendered items/show.html.erb within layouts/application (0.7ms)
I, [2015-02-26T10:31:58.631117 #13425]  INFO -- : Completed 200 OK in 29ms (Views: 20.5ms | ActiveRecord: 0.8ms)
I, [2015-02-26T10:32:07.476234 #13422]  INFO -- : Started GET "/" for 91.124.83.93 at 2015-02-26 10:32:07 +0000
I, [2015-02-26T10:32:07.484533 #13422]  INFO -- : Processing by HomeController#index as HTML
I, [2015-02-26T10:32:07.490595 #13422]  INFO -- :   Rendered home/index.html.erb within layouts/application (0.3ms)
I, [2015-02-26T10:32:07.501532 #13422]  INFO -- : Completed 200 OK in 17ms (Views: 14.5ms | ActiveRecord: 0.0ms)
I, [2015-02-26T10:33:22.358109 #13428]  INFO -- : Started GET "/" for 220.181.108.116 at 2015-02-26 10:33:22 +0000
I, [2015-02-26T10:33:22.398459 #13428]  INFO -- : Processing by HomeController#index as */*
I, [2015-02-26T10:33:22.404501 #13428]  INFO -- :   Rendered home/index.html.erb within layouts/application (0.3ms)
I, [2015-02-26T10:33:22.412187 #13428]  INFO -- : Completed 200 OK in 13ms (Views: 12.1ms | ActiveRecord: 0.0ms)
I, [2015-02-26T10:33:22.737469 #13419]  INFO -- : Started GET "/" for 123.125.71.40 at 2015-02-26 10:33:22 +0000
I, [2015-02-26T10:33:22.785595 #13419]  INFO -- : Processing by HomeController#index as */*
I, [2015-02-26T10:33:22.794622 #13428]  INFO -- : Started GET "/" for 220.181.108.122 at 2015-02-26 10:33:22 +0000
I, [2015-02-26T10:33:22.798009 #13428]  INFO -- : Processing by HomeController#index as */*
I, [2015-02-26T10:33:22.799324 #13419]  INFO -- :   Rendered home/index.html.erb within layouts/application (6.9ms)
I, [2015-02-26T10:33:22.806813 #13428]  INFO -- :   Rendered home/index.html.erb within layouts/application (0.2ms)
I, [2015-02-26T10:33:22.818011 #13419]  INFO -- : Completed 200 OK in 32ms (Views: 30.3ms | ActiveRecord: 0.0ms)
I, [2015-02-26T10:33:22.825707 #13428]  INFO -- : Completed 200 OK in 28ms (Views: 22.4ms | ActiveRecord: 0.0ms)
I, [2015-02-26T10:33:23.579060 #13422]  INFO -- : Started GET "/" for 123.125.71.39 at 2015-02-26 10:33:23 +0000
I, [2015-02-26T10:33:23.610627 #13422]  INFO -- : Processing by HomeController#index as */*
I, [2015-02-26T10:33:23.616845 #13422]  INFO -- :   Rendered home/index.html.erb within layouts/application (0.4ms)
I, [2015-02-26T10:33:23.624281 #13422]  INFO -- : Completed 200 OK in 13ms (Views: 11.5ms | ActiveRecord: 0.0ms)
I, [2015-02-26T10:41:01.135810 #13419]  INFO -- : Started GET "/items" for 91.201.244.150 at 2015-02-26 10:41:01 +0000
I, [2015-02-26T10:41:01.215345 #13419]  INFO -- : Processing by ItemsController#index as HTML
I, [2015-02-26T10:41:01.240844 #13419]  INFO -- :   Rendered items/index.html.erb within layouts/application (4.3ms)
I, [2015-02-26T10:41:01.241489 #13419]  INFO -- : Completed 500 Internal Server Error in 25ms
F, [2015-02-26T10:41:01.250445 #13419] FATAL -- : 
ActionView::Template::Error (/home/rails/app/views/items/index.html.erb:36: syntax error, unexpected ',', expecting ')'
...uffer.append=( item_path(item), method: :delete );@output_bu...
...                               ^):
    33:                         <p><%= item.short_desc %></p>
    34:                         <p>
    35:                             <a href="#" class="btn btn-primary">Buy Now!</a> <a href="<%= item_path(item) %>" class="btn btn-default">More Info</a>
    36:                             <a href="<%= item_path(item), method: :delete %>" class="btn btn-primary">Delete</a> 
    37:                         </p>
    38:                     </div>
    39:                 </div>
  actionpack (4.0.2) lib/action_view/template.rb:299:in `module_eval'
  actionpack (4.0.2) lib/action_view/template.rb:299:in `compile'
  actionpack (4.0.2) lib/action_view/template.rb:248:in `block in compile!'
  actionpack (4.0.2) lib/action_view/template.rb:236:in `synchronize'
  actionpack (4.0.2) lib/action_view/template.rb:236:in `compile!'
  actionpack (4.0.2) lib/action_view/template.rb:142:in `block in render'
  activesupport (4.0.2) lib/active_support/notifications.rb:161:in `instrument'
  actionpack (4.0.2) lib/action_view/template.rb:141:in `render'
  actionpack (4.0.2) lib/action_view/renderer/template_renderer.rb:49:in `block (2 levels) in render_template'
  actionpack (4.0.2) lib/action_view/renderer/abstract_renderer.rb:38:in `block in instrument'
  activesupport (4.0.2) lib/active_support/notifications.rb:159:in `block in instrument'
  activesupport (4.0.2) lib/active_support/notifications/instrumenter.rb:20:in `instrument'
  activesupport (4.0.2) lib/active_support/notifications.rb:159:in `instrument'
  actionpack (4.0.2) lib/action_view/renderer/abstract_renderer.rb:38:in `instrument'
  actionpack (4.0.2) lib/action_view/renderer/template_renderer.rb:48:in `block in render_template'
  actionpack (4.0.2) lib/action_view/renderer/template_renderer.rb:56:in `render_with_layout'
  actionpack (4.0.2) lib/action_view/renderer/template_renderer.rb:47:in `render_template'
  actionpack (4.0.2) lib/action_view/renderer/template_renderer.rb:17:in `render'
  actionpack (4.0.2) lib/action_view/renderer/renderer.rb:42:in `render_template'
  actionpack (4.0.2) lib/action_view/renderer/renderer.rb:23:in `render'
  actionpack (4.0.2) lib/abstract_controller/rendering.rb:127:in `_render_template'
  actionpack (4.0.2) lib/action_controller/metal/streaming.rb:219:in `_render_template'
  actionpack (4.0.2) lib/abstract_controller/rendering.rb:120:in `render_to_body'
  actionpack (4.0.2) lib/action_controller/metal/rendering.rb:33:in `render_to_body'
  actionpack (4.0.2) lib/action_controller/metal/renderers.rb:26:in `render_to_body'
  actionpack (4.0.2) lib/abstract_controller/rendering.rb:97:in `render'
  actionpack (4.0.2) lib/action_controller/metal/rendering.rb:16:in `render'
  actionpack (4.0.2) lib/action_controller/metal/instrumentation.rb:41:in `block (2 levels) in render'
  activesupport (4.0.2) lib/active_support/core_ext/benchmark.rb:12:in `block in ms'
  /usr/local/rvm/rubies/ruby-2.1.3/lib/ruby/2.1.0/benchmark.rb:294:in `realtime'
  activesupport (4.0.2) lib/active_support/core_ext/benchmark.rb:12:in `ms'
  actionpack (4.0.2) lib/action_controller/metal/instrumentation.rb:41:in `block in render'
  actionpack (4.0.2) lib/action_controller/metal/instrumentation.rb:84:in `cleanup_view_runtime'
  activerecord (4.0.2) lib/active_record/railties/controller_runtime.rb:25:in `cleanup_view_runtime'
  actionpack (4.0.2) lib/action_controller/metal/instrumentation.rb:40:in `render'
  actionpack (4.0.2) lib/action_controller/metal/implicit_render.rb:10:in `default_render'
  actionpack (4.0.2) lib/action_controller/metal/implicit_render.rb:5:in `send_action'
  actionpack (4.0.2) lib/abstract_controller/base.rb:189:in `process_action'
  actionpack (4.0.2) lib/action_controller/metal/rendering.rb:10:in `process_action'
  actionpack (4.0.2) lib/abstract_controller/callbacks.rb:18:in `block in process_action'
  activesupport (4.0.2) lib/active_support/callbacks.rb:403:in `_run__3002286268229681282__process_action__callbacks'
  activesupport (4.0.2) lib/active_support/callbacks.rb:80:in `run_callbacks'
  actionpack (4.0.2) lib/abstract_controller/callbacks.rb:17:in `process_action'
  actionpack (4.0.2) lib/action_controller/metal/rescue.rb:29:in `process_action'
  actionpack (4.0.2) lib/action_controller/metal/instrumentation.rb:31:in `block in process_action'
  activesupport (4.0.2) lib/active_support/notifications.rb:159:in `block in instrument'
  activesupport (4.0.2) lib/active_support/notifications/instrumenter.rb:20:in `instrument'
  activesupport (4.0.2) lib/active_support/notifications.rb:159:in `instrument'
  actionpack (4.0.2) lib/action_controller/metal/instrumentation.rb:30:in `process_action'
  actionpack (4.0.2) lib/action_controller/metal/params_wrapper.rb:245:in `process_action'
  activerecord (4.0.2) lib/active_record/railties/controller_runtime.rb:18:in `process_action'
  actionpack (4.0.2) lib/abstract_controller/base.rb:136:in `process'
  actionpack (4.0.2) lib/abstract_controller/rendering.rb:44:in `process'
  actionpack (4.0.2) lib/action_controller/metal.rb:195:in `dispatch'
  actionpack (4.0.2) lib/action_controller/metal/rack_delegation.rb:13:in `dispatch'
  actionpack (4.0.2) lib/action_controller/metal.rb:231:in `block in action'
  actionpack (4.0.2) lib/action_dispatch/routing/route_set.rb:80:in `call'
  actionpack (4.0.2) lib/action_dispatch/routing/route_set.rb:80:in `dispatch'
  actionpack (4.0.2) lib/action_dispatch/routing/route_set.rb:48:in `call'
  actionpack (4.0.2) lib/action_dispatch/journey/router.rb:71:in `block in call'
  actionpack (4.0.2) lib/action_dispatch/journey/router.rb:59:in `each'
  actionpack (4.0.2) lib/action_dispatch/journey/router.rb:59:in `call'
  actionpack (4.0.2) lib/action_dispatch/routing/route_set.rb:680:in `call'
  rack (1.5.2) lib/rack/etag.rb:23:in `call'
  rack (1.5.2) lib/rack/conditionalget.rb:25:in `call'
  rack (1.5.2) lib/rack/head.rb:11:in `call'
  actionpack (4.0.2) lib/action_dispatch/middleware/params_parser.rb:27:in `call'
  actionpack (4.0.2) lib/action_dispatch/middleware/flash.rb:241:in `call'
  rack (1.5.2) lib/rack/session/abstract/id.rb:225:in `context'
  rack (1.5.2) lib/rack/session/abstract/id.rb:220:in `call'
  actionpack (4.0.2) lib/action_dispatch/middleware/cookies.rb:486:in `call'
  activerecord (4.0.2) lib/active_record/query_cache.rb:36:in `call'
  activerecord (4.0.2) lib/active_record/connection_adapters/abstract/connection_pool.rb:626:in `call'
  actionpack (4.0.2) lib/action_dispatch/middleware/callbacks.rb:29:in `block in call'
  activesupport (4.0.2) lib/active_support/callbacks.rb:373:in `_run__1452565690459270362__call__callbacks'
  activesupport (4.0.2) lib/active_support/callbacks.rb:80:in `run_callbacks'
  actionpack (4.0.2) lib/action_dispatch/middleware/callbacks.rb:27:in `call'
  actionpack (4.0.2) lib/action_dispatch/middleware/reloader.rb:64:in `call'
  actionpack (4.0.2) lib/action_dispatch/middleware/remote_ip.rb:76:in `call'
  actionpack (4.0.2) lib/action_dispatch/middleware/debug_exceptions.rb:17:in `call'
  actionpack (4.0.2) lib/action_dispatch/middleware/show_exceptions.rb:30:in `call'
  railties (4.0.2) lib/rails/rack/logger.rb:38:in `call_app'
  railties (4.0.2) lib/rails/rack/logger.rb:20:in `block in call'
  activesupport (4.0.2) lib/active_support/tagged_logging.rb:67:in `block in tagged'
  activesupport (4.0.2) lib/active_support/tagged_logging.rb:25:in `tagged'
  activesupport (4.0.2) lib/active_support/tagged_logging.rb:67:in `tagged'
  railties (4.0.2) lib/rails/rack/logger.rb:20:in `call'
  actionpack (4.0.2) lib/action_dispatch/middleware/request_id.rb:21:in `call'
  rack (1.5.2) lib/rack/methodoverride.rb:21:in `call'
  rack (1.5.2) lib/rack/runtime.rb:17:in `call'
  activesupport (4.0.2) lib/active_support/cache/strategy/local_cache.rb:83:in `call'
  rack (1.5.2) lib/rack/lock.rb:17:in `call'
  rack (1.5.2) lib/rack/sendfile.rb:112:in `call'
  railties (4.0.2) lib/rails/engine.rb:511:in `call'
  railties (4.0.2) lib/rails/application.rb:97:in `call'
  unicorn (4.8.3) lib/unicorn/http_server.rb:576:in `process_client'
  unicorn (4.8.3) lib/unicorn/http_server.rb:670:in `worker_loop'
  unicorn (4.8.3) lib/unicorn/http_server.rb:525:in `spawn_missing_workers'
  unicorn (4.8.3) lib/unicorn/http_server.rb:140:in `start'
  unicorn (4.8.3) bin/unicorn:126:in `<top (required)>'
  /usr/local/rvm/gems/ruby-2.1.3/bin/unicorn:23:in `load'
  /usr/local/rvm/gems/ruby-2.1.3/bin/unicorn:23:in `<main>'
  /usr/local/rvm/gems/ruby-2.0.0-p353/bin/ruby_executable_hooks:15:in `eval'
  /usr/local/rvm/gems/ruby-2.0.0-p353/bin/ruby_executable_hooks:15:in `<main>'


I, [2015-02-26T10:41:51.450628 #13425]  INFO -- : Started GET "/items" for 91.201.244.150 at 2015-02-26 10:41:51 +0000
I, [2015-02-26T10:41:51.506686 #13425]  INFO -- : Processing by ItemsController#index as HTML
I, [2015-02-26T10:41:51.513544 #13425]  INFO -- :   Rendered items/index.html.erb within layouts/application (1.1ms)
I, [2015-02-26T10:41:51.513729 #13425]  INFO -- : Completed 500 Internal Server Error in 7ms
F, [2015-02-26T10:41:51.517255 #13425] FATAL -- : 
ActionView::Template::Error (/home/rails/app/views/items/index.html.erb:36: syntax error, unexpected tLABEL, expecting '='
...append=( link_to, item, method: :delete );@output_buffer.saf...
...                               ^):
    33:                         <p><%= item.short_desc %></p>
    34:                         <p>
    35:                             <a href="#" class="btn btn-primary">Buy Now!</a> <a href="<%= item_path(item) %>" class="btn btn-default">More Info</a>
    36:                             <a href="<%= link_to, item, method: :delete %>" class="btn btn-primary">Delete</a> 
    37:                         </p>
    38:                     </div>
    39:                 </div>
  actionpack (4.0.2) lib/action_view/template.rb:299:in `module_eval'
  actionpack (4.0.2) lib/action_view/template.rb:299:in `compile'
  actionpack (4.0.2) lib/action_view/template.rb:248:in `block in compile!'
  actionpack (4.0.2) lib/action_view/template.rb:236:in `synchronize'
  actionpack (4.0.2) lib/action_view/template.rb:236:in `compile!'
  actionpack (4.0.2) lib/action_view/template.rb:142:in `block in render'
  activesupport (4.0.2) lib/active_support/notifications.rb:161:in `instrument'
  actionpack (4.0.2) lib/action_view/template.rb:141:in `render'
  actionpack (4.0.2) lib/action_view/renderer/template_renderer.rb:49:in `block (2 levels) in render_template'
  actionpack (4.0.2) lib/action_view/renderer/abstract_renderer.rb:38:in `block in instrument'
  activesupport (4.0.2) lib/active_support/notifications.rb:159:in `block in instrument'
  activesupport (4.0.2) lib/active_support/notifications/instrumenter.rb:20:in `instrument'
  activesupport (4.0.2) lib/active_support/notifications.rb:159:in `instrument'
  actionpack (4.0.2) lib/action_view/renderer/abstract_renderer.rb:38:in `instrument'
  actionpack (4.0.2) lib/action_view/renderer/template_renderer.rb:48:in `block in render_template'
  actionpack (4.0.2) lib/action_view/renderer/template_renderer.rb:56:in `render_with_layout'
  actionpack (4.0.2) lib/action_view/renderer/template_renderer.rb:47:in `render_template'
  actionpack (4.0.2) lib/action_view/renderer/template_renderer.rb:17:in `render'
  actionpack (4.0.2) lib/action_view/renderer/renderer.rb:42:in `render_template'
  actionpack (4.0.2) lib/action_view/renderer/renderer.rb:23:in `render'
  actionpack (4.0.2) lib/abstract_controller/rendering.rb:127:in `_render_template'
  actionpack (4.0.2) lib/action_controller/metal/streaming.rb:219:in `_render_template'
  actionpack (4.0.2) lib/abstract_controller/rendering.rb:120:in `render_to_body'
  actionpack (4.0.2) lib/action_controller/metal/rendering.rb:33:in `render_to_body'
  actionpack (4.0.2) lib/action_controller/metal/renderers.rb:26:in `render_to_body'
  actionpack (4.0.2) lib/abstract_controller/rendering.rb:97:in `render'
  actionpack (4.0.2) lib/action_controller/metal/rendering.rb:16:in `render'
  actionpack (4.0.2) lib/action_controller/metal/instrumentation.rb:41:in `block (2 levels) in render'
  activesupport (4.0.2) lib/active_support/core_ext/benchmark.rb:12:in `block in ms'
  /usr/local/rvm/rubies/ruby-2.1.3/lib/ruby/2.1.0/benchmark.rb:294:in `realtime'
  activesupport (4.0.2) lib/active_support/core_ext/benchmark.rb:12:in `ms'
  actionpack (4.0.2) lib/action_controller/metal/instrumentation.rb:41:in `block in render'
  actionpack (4.0.2) lib/action_controller/metal/instrumentation.rb:84:in `cleanup_view_runtime'
  activerecord (4.0.2) lib/active_record/railties/controller_runtime.rb:25:in `cleanup_view_runtime'
  actionpack (4.0.2) lib/action_controller/metal/instrumentation.rb:40:in `render'
  actionpack (4.0.2) lib/action_controller/metal/implicit_render.rb:10:in `default_render'
  actionpack (4.0.2) lib/action_controller/metal/implicit_render.rb:5:in `send_action'
  actionpack (4.0.2) lib/abstract_controller/base.rb:189:in `process_action'
  actionpack (4.0.2) lib/action_controller/metal/rendering.rb:10:in `process_action'
  actionpack (4.0.2) lib/abstract_controller/callbacks.rb:18:in `block in process_action'
  activesupport (4.0.2) lib/active_support/callbacks.rb:403:in `_run__3002286268229681282__process_action__callbacks'
  activesupport (4.0.2) lib/active_support/callbacks.rb:80:in `run_callbacks'
  actionpack (4.0.2) lib/abstract_controller/callbacks.rb:17:in `process_action'
  actionpack (4.0.2) lib/action_controller/metal/rescue.rb:29:in `process_action'
  actionpack (4.0.2) lib/action_controller/metal/instrumentation.rb:31:in `block in process_action'
  activesupport (4.0.2) lib/active_support/notifications.rb:159:in `block in instrument'
  activesupport (4.0.2) lib/active_support/notifications/instrumenter.rb:20:in `instrument'
  activesupport (4.0.2) lib/active_support/notifications.rb:159:in `instrument'
  actionpack (4.0.2) lib/action_controller/metal/instrumentation.rb:30:in `process_action'
  actionpack (4.0.2) lib/action_controller/metal/params_wrapper.rb:245:in `process_action'
  activerecord (4.0.2) lib/active_record/railties/controller_runtime.rb:18:in `process_action'
  actionpack (4.0.2) lib/abstract_controller/base.rb:136:in `process'
  actionpack (4.0.2) lib/abstract_controller/rendering.rb:44:in `process'
  actionpack (4.0.2) lib/action_controller/metal.rb:195:in `dispatch'
  actionpack (4.0.2) lib/action_controller/metal/rack_delegation.rb:13:in `dispatch'
  actionpack (4.0.2) lib/action_controller/metal.rb:231:in `block in action'
  actionpack (4.0.2) lib/action_dispatch/routing/route_set.rb:80:in `call'
  actionpack (4.0.2) lib/action_dispatch/routing/route_set.rb:80:in `dispatch'
