I, [2015-02-27T11:12:47.250087 #14956]  INFO -- : Completed 500 Internal Server Error in 57ms
F, [2015-02-27T11:12:47.252515 #14956] FATAL -- : 
NoMethodError (undefined method `first' for #<Item:0x00000005b6c790>):
  app/controllers/items_controller.rb:59:in `find_item'


I, [2015-02-27T11:13:11.333873 #15259]  INFO -- : Started GET "/items/1" for 91.201.244.150 at 2015-02-27 11:13:11 +0000
I, [2015-02-27T11:13:11.355374 #15259]  INFO -- : Processing by ItemsController#show as HTML
I, [2015-02-27T11:13:11.355499 #15259]  INFO -- :   Parameters: {"id"=>"1"}
I, [2015-02-27T11:13:11.418724 #15259]  INFO -- : Completed 500 Internal Server Error in 63ms
F, [2015-02-27T11:13:11.420292 #15259] FATAL -- : 
NoMethodError (undefined method `first' for #<Item:0x000000045a08f8>):
  app/controllers/items_controller.rb:59:in `find_item'


I, [2015-02-27T11:13:14.773284 #15261]  INFO -- : Started GET "/items/" for 91.201.244.150 at 2015-02-27 11:13:14 +0000
I, [2015-02-27T11:13:14.796473 #15261]  INFO -- : Processing by ItemsController#index as HTML
I, [2015-02-27T11:13:14.965396 #15261]  INFO -- :   Rendered items/index.html.erb within layouts/application (146.3ms)
I, [2015-02-27T11:13:14.977042 #15261]  INFO -- : Completed 200 OK in 180ms (Views: 156.3ms | ActiveRecord: 5.2ms)
I, [2015-02-27T11:13:15.551510 #15259]  INFO -- : Started GET "/items/css/items_index.css" for 91.201.244.150 at 2015-02-27 11:13:15 +0000
F, [2015-02-27T11:13:15.557837 #15259] FATAL -- : 
ActionController::RoutingError (No route matches [GET] "/items/css/items_index.css"):
  actionpack (4.0.2) lib/action_dispatch/middleware/debug_exceptions.rb:21:in `call'
  actionpack (4.0.2) lib/action_dispatch/middleware/show_exceptions.rb:30:in `call'
  railties (4.0.2) lib/rails/rack/logger.rb:38:in `call_app'
  railties (4.0.2) lib/rails/rack/logger.rb:20:in `block in call'
  activesupport (4.0.2) lib/active_support/tagged_logging.rb:67:in `block in tagged'
  activesupport (4.0.2) lib/active_support/tagged_logging.rb:25:in `tagged'
  activesupport (4.0.2) lib/active_support/tagged_logging.rb:67:in `tagged'
  railties (4.0.2) lib/rails/rack/logger.rb:20:in `call'
  actionpack (4.0.2) lib/action_dispatch/middleware/request_id.rb:21:in `call'
  rack (1.5.2) lib/rack/methodoverride.rb:21:in `call'
  rack (1.5.2) lib/rack/runtime.rb:17:in `call'
  activesupport (4.0.2) lib/active_support/cache/strategy/local_cache.rb:83:in `call'
  rack (1.5.2) lib/rack/lock.rb:17:in `call'
  rack (1.5.2) lib/rack/sendfile.rb:112:in `call'
  railties (4.0.2) lib/rails/engine.rb:511:in `call'
  railties (4.0.2) lib/rails/application.rb:97:in `call'
  unicorn (4.8.3) lib/unicorn/http_server.rb:576:in `process_client'
  unicorn (4.8.3) lib/unicorn/http_server.rb:670:in `worker_loop'
  unicorn (4.8.3) lib/unicorn/http_server.rb:525:in `spawn_missing_workers'
  unicorn (4.8.3) lib/unicorn/http_server.rb:140:in `start'
  unicorn (4.8.3) bin/unicorn:126:in `<top (required)>'
  /usr/local/rvm/gems/ruby-2.1.3/bin/unicorn:23:in `load'
  /usr/local/rvm/gems/ruby-2.1.3/bin/unicorn:23:in `<main>'
  /usr/local/rvm/gems/ruby-2.0.0-p353/bin/ruby_executable_hooks:15:in `eval'
  /usr/local/rvm/gems/ruby-2.0.0-p353/bin/ruby_executable_hooks:15:in `<main>'


I, [2015-02-27T11:13:17.885608 #15261]  INFO -- : Started GET "/items/1" for 91.201.244.150 at 2015-02-27 11:13:17 +0000
I, [2015-02-27T11:13:17.892843 #15261]  INFO -- : Processing by ItemsController#show as HTML
I, [2015-02-27T11:13:17.893009 #15261]  INFO -- :   Parameters: {"id"=>"1"}
I, [2015-02-27T11:13:17.908892 #15261]  INFO -- : Completed 500 Internal Server Error in 16ms
F, [2015-02-27T11:13:17.912941 #15261] FATAL -- : 
NoMethodError (undefined method `first' for #<Item:0x000000031d22b8>):
  app/controllers/items_controller.rb:59:in `find_item'


I, [2015-02-27T11:13:26.225679 #15259]  INFO -- : Started GET "/items/" for 91.201.244.150 at 2015-02-27 11:13:26 +0000
I, [2015-02-27T11:13:26.231930 #15259]  INFO -- : Processing by ItemsController#index as HTML
I, [2015-02-27T11:13:26.264115 #15259]  INFO -- :   Rendered items/index.html.erb within layouts/application (27.8ms)
I, [2015-02-27T11:13:26.271070 #15259]  INFO -- : Completed 200 OK in 39ms (Views: 36.8ms | ActiveRecord: 0.4ms)
I, [2015-02-27T11:13:26.816103 #15261]  INFO -- : Started GET "/items/css/items_index.css" for 91.201.244.150 at 2015-02-27 11:13:26 +0000
F, [2015-02-27T11:13:26.824872 #15261] FATAL -- : 
ActionController::RoutingError (No route matches [GET] "/items/css/items_index.css"):
  actionpack (4.0.2) lib/action_dispatch/middleware/debug_exceptions.rb:21:in `call'
  actionpack (4.0.2) lib/action_dispatch/middleware/show_exceptions.rb:30:in `call'
  railties (4.0.2) lib/rails/rack/logger.rb:38:in `call_app'
  railties (4.0.2) lib/rails/rack/logger.rb:20:in `block in call'
  activesupport (4.0.2) lib/active_support/tagged_logging.rb:67:in `block in tagged'
  activesupport (4.0.2) lib/active_support/tagged_logging.rb:25:in `tagged'
  activesupport (4.0.2) lib/active_support/tagged_logging.rb:67:in `tagged'
  railties (4.0.2) lib/rails/rack/logger.rb:20:in `call'
  actionpack (4.0.2) lib/action_dispatch/middleware/request_id.rb:21:in `call'
  rack (1.5.2) lib/rack/methodoverride.rb:21:in `call'
  rack (1.5.2) lib/rack/runtime.rb:17:in `call'
  activesupport (4.0.2) lib/active_support/cache/strategy/local_cache.rb:83:in `call'
  rack (1.5.2) lib/rack/lock.rb:17:in `call'
  rack (1.5.2) lib/rack/sendfile.rb:112:in `call'
  railties (4.0.2) lib/rails/engine.rb:511:in `call'
  railties (4.0.2) lib/rails/application.rb:97:in `call'
  unicorn (4.8.3) lib/unicorn/http_server.rb:576:in `process_client'
  unicorn (4.8.3) lib/unicorn/http_server.rb:670:in `worker_loop'
  unicorn (4.8.3) lib/unicorn/http_server.rb:525:in `spawn_missing_workers'
  unicorn (4.8.3) lib/unicorn/http_server.rb:140:in `start'
  unicorn (4.8.3) bin/unicorn:126:in `<top (required)>'
  /usr/local/rvm/gems/ruby-2.1.3/bin/unicorn:23:in `load'
  /usr/local/rvm/gems/ruby-2.1.3/bin/unicorn:23:in `<main>'
  /usr/local/rvm/gems/ruby-2.0.0-p353/bin/ruby_executable_hooks:15:in `eval'
  /usr/local/rvm/gems/ruby-2.0.0-p353/bin/ruby_executable_hooks:15:in `<main>'


I, [2015-02-27T11:13:40.383939 #15259]  INFO -- : Started GET "/items/" for 91.201.244.150 at 2015-02-27 11:13:40 +0000
I, [2015-02-27T11:13:40.408307 #15259]  INFO -- : Processing by ItemsController#index as HTML
I, [2015-02-27T11:13:40.472440 #15259]  INFO -- :   Rendered items/index.html.erb within layouts/application (55.5ms)
I, [2015-02-27T11:13:40.480627 #15259]  INFO -- : Completed 200 OK in 72ms (Views: 62.5ms | ActiveRecord: 2.7ms)
I, [2015-02-27T11:13:40.907541 #15265]  INFO -- : Started GET "/items/css/items_index.css" for 91.201.244.150 at 2015-02-27 11:13:40 +0000
F, [2015-02-27T11:13:41.075619 #15265] FATAL -- : 
ActionController::RoutingError (No route matches [GET] "/items/css/items_index.css"):
  actionpack (4.0.2) lib/action_dispatch/middleware/debug_exceptions.rb:21:in `call'
  actionpack (4.0.2) lib/action_dispatch/middleware/show_exceptions.rb:30:in `call'
  railties (4.0.2) lib/rails/rack/logger.rb:38:in `call_app'
  railties (4.0.2) lib/rails/rack/logger.rb:20:in `block in call'
  activesupport (4.0.2) lib/active_support/tagged_logging.rb:67:in `block in tagged'
  activesupport (4.0.2) lib/active_support/tagged_logging.rb:25:in `tagged'
  activesupport (4.0.2) lib/active_support/tagged_logging.rb:67:in `tagged'
  railties (4.0.2) lib/rails/rack/logger.rb:20:in `call'
  actionpack (4.0.2) lib/action_dispatch/middleware/request_id.rb:21:in `call'
  rack (1.5.2) lib/rack/methodoverride.rb:21:in `call'
  rack (1.5.2) lib/rack/runtime.rb:17:in `call'
  activesupport (4.0.2) lib/active_support/cache/strategy/local_cache.rb:83:in `call'
  rack (1.5.2) lib/rack/lock.rb:17:in `call'
  rack (1.5.2) lib/rack/sendfile.rb:112:in `call'
  railties (4.0.2) lib/rails/engine.rb:511:in `call'
  railties (4.0.2) lib/rails/application.rb:97:in `call'
  unicorn (4.8.3) lib/unicorn/http_server.rb:576:in `process_client'
  unicorn (4.8.3) lib/unicorn/http_server.rb:670:in `worker_loop'
  unicorn (4.8.3) lib/unicorn/http_server.rb:525:in `spawn_missing_workers'
  unicorn (4.8.3) lib/unicorn/http_server.rb:140:in `start'
  unicorn (4.8.3) bin/unicorn:126:in `<top (required)>'
  /usr/local/rvm/gems/ruby-2.1.3/bin/unicorn:23:in `load'
  /usr/local/rvm/gems/ruby-2.1.3/bin/unicorn:23:in `<main>'
  /usr/local/rvm/gems/ruby-2.0.0-p353/bin/ruby_executable_hooks:15:in `eval'
  /usr/local/rvm/gems/ruby-2.0.0-p353/bin/ruby_executable_hooks:15:in `<main>'


I, [2015-02-27T11:13:45.081199 #15261]  INFO -- : Started GET "/items/1" for 91.201.244.150 at 2015-02-27 11:13:45 +0000
I, [2015-02-27T11:13:45.181626 #15261]  INFO -- : Processing by ItemsController#show as HTML
I, [2015-02-27T11:13:45.181926 #15261]  INFO -- :   Parameters: {"id"=>"1"}
I, [2015-02-27T11:13:45.272279 #15261]  INFO -- :   Rendered items/show.html.erb within layouts/application (5.9ms)
I, [2015-02-27T11:13:45.285612 #15261]  INFO -- : Completed 200 OK in 103ms (Views: 23.6ms | ActiveRecord: 6.0ms)
I, [2015-02-27T11:13:53.610666 #15256]  INFO -- : Started GET "/items/1/edit" for 91.201.244.150 at 2015-02-27 11:13:53 +0000
I, [2015-02-27T11:13:53.783312 #15256]  INFO -- : Processing by ItemsController#edit as HTML
I, [2015-02-27T11:13:53.783616 #15256]  INFO -- :   Parameters: {"id"=>"1"}
I, [2015-02-27T11:13:53.927306 #15256]  INFO -- :   Rendered items/edit.html.erb within layouts/application (52.2ms)
I, [2015-02-27T11:13:53.943040 #15256]  INFO -- : Completed 200 OK in 159ms (Views: 72.2ms | ActiveRecord: 6.4ms)
I, [2015-02-27T11:13:54.103827 #15261]  INFO -- : Started GET "/items/1/edit" for 91.201.244.150 at 2015-02-27 11:13:54 +0000
I, [2015-02-27T11:13:54.107347 #15261]  INFO -- : Processing by ItemsController#edit as HTML
I, [2015-02-27T11:13:54.107439 #15261]  INFO -- :   Parameters: {"id"=>"1"}
I, [2015-02-27T11:13:54.140006 #15261]  INFO -- :   Rendered items/edit.html.erb within layouts/application (29.5ms)
I, [2015-02-27T11:13:54.145274 #15261]  INFO -- : Completed 200 OK in 38ms (Views: 35.9ms | ActiveRecord: 0.3ms)
I, [2015-02-27T11:14:00.006930 #15256]  INFO -- : Started GET "/items" for 91.201.244.150 at 2015-02-27 11:14:00 +0000
I, [2015-02-27T11:14:00.010050 #15256]  INFO -- : Processing by ItemsController#index as HTML
I, [2015-02-27T11:14:00.040550 #15256]  INFO -- :   Rendered items/index.html.erb within layouts/application (28.3ms)
I, [2015-02-27T11:14:00.048776 #15256]  INFO -- : Completed 200 OK in 38ms (Views: 37.4ms | ActiveRecord: 0.3ms)
I, [2015-02-27T11:14:02.851193 #15261]  INFO -- : Started GET "/items/8" for 91.201.244.150 at 2015-02-27 11:14:02 +0000
I, [2015-02-27T11:14:02.853443 #15261]  INFO -- : Processing by ItemsController#show as HTML
I, [2015-02-27T11:14:02.853517 #15261]  INFO -- :   Parameters: {"id"=>"8"}
I, [2015-02-27T11:14:02.858307 #15261]  INFO -- :   Rendered items/show.html.erb within layouts/application (1.2ms)
I, [2015-02-27T11:14:02.863652 #15261]  INFO -- : Completed 200 OK in 10ms (Views: 7.7ms | ActiveRecord: 0.9ms)
I, [2015-02-27T11:14:10.407530 #15256]  INFO -- : Started GET "/items/8/edit" for 91.201.244.150 at 2015-02-27 11:14:10 +0000
I, [2015-02-27T11:14:10.410870 #15256]  INFO -- : Processing by ItemsController#edit as HTML
I, [2015-02-27T11:14:10.411039 #15256]  INFO -- :   Parameters: {"id"=>"8"}
I, [2015-02-27T11:14:10.422140 #15256]  INFO -- :   Rendered items/edit.html.erb within layouts/application (6.6ms)
I, [2015-02-27T11:14:10.430092 #15256]  INFO -- : Completed 200 OK in 19ms (Views: 16.4ms | ActiveRecord: 0.3ms)
I, [2015-02-27T11:14:18.550767 #15261]  INFO -- : Started PATCH "/items/8" for 91.201.244.150 at 2015-02-27 11:14:18 +0000
I, [2015-02-27T11:14:18.559236 #15261]  INFO -- : Processing by ItemsController#update as HTML
I, [2015-02-27T11:14:18.559896 #15261]  INFO -- :   Parameters: {"utf8"=>"✓", "authenticity_token"=>"0nNdKWOfpAkoD+6R2tdcuEMMQ8X7kB9xsUDQHWvBhhs=", "item"=>{"name"=>"12312312", "price"=>"123123120.0", "weigth"=>"123213.0", "i_photo"=>#<ActionDispatch::Http::UploadedFile:0x0000000625bf10 @tempfile=#<Tempfile:/tmp/RackMultipart20150227-15261-tesndx>, @original_filename="jeff_powell_1314039574_47.png", @content_type="image/png", @headers="Content-Disposition: form-data; name=\"item[i_photo]\"; filename=\"jeff_powell_1314039574_47.png\"\r\nContent-Type: image/png\r\n">, "real"=>"1", "short_desc"=>"13", "description"=>"123"}, "commit"=>"Создать", "id"=>"8"}
I, [2015-02-27T11:14:18.612261 #15261]  INFO -- : Command :: file -b --mime '/tmp/1b96d33b22a9c953a85168c89a153b2d20150227-15261-1ogy8v5.png'
I, [2015-02-27T11:14:18.646638 #15261]  INFO -- : Command :: identify -format '%wx%h,%[exif:orientation]' '/tmp/1b96d33b22a9c953a85168c89a153b2d20150227-15261-chro5p.png[0]' 2>/dev/null
I, [2015-02-27T11:14:18.848141 #15261]  INFO -- : Command :: identify -format %m '/tmp/1b96d33b22a9c953a85168c89a153b2d20150227-15261-chro5p.png[0]'
I, [2015-02-27T11:14:18.866395 #15261]  INFO -- : Command :: convert '/tmp/1b96d33b22a9c953a85168c89a153b2d20150227-15261-chro5p.png[0]' -auto-orient -resize "300x300>" '/tmp/1b96d33b22a9c953a85168c89a153b2d20150227-15261-chro5p20150227-15261-w1dra4'
I, [2015-02-27T11:14:19.159426 #15261]  INFO -- : Command :: file -b --mime '/tmp/1b96d33b22a9c953a85168c89a153b2d20150227-15261-chro5p20150227-15261-w1dra4'
I, [2015-02-27T11:14:19.165893 #15261]  INFO -- : Command :: identify -format '%wx%h,%[exif:orientation]' '/tmp/1b96d33b22a9c953a85168c89a153b2d20150227-15261-chro5p.png[0]' 2>/dev/null
I, [2015-02-27T11:14:19.219839 #15261]  INFO -- : Command :: identify -format %m '/tmp/1b96d33b22a9c953a85168c89a153b2d20150227-15261-chro5p.png[0]'
I, [2015-02-27T11:14:19.229350 #15261]  INFO -- : Command :: convert '/tmp/1b96d33b22a9c953a85168c89a153b2d20150227-15261-chro5p.png[0]' -auto-orient -resize "100x100>" '/tmp/1b96d33b22a9c953a85168c89a153b2d20150227-15261-chro5p20150227-15261-13p5dmi'
I, [2015-02-27T11:14:19.449617 #15261]  INFO -- : Command :: file -b --mime '/tmp/1b96d33b22a9c953a85168c89a153b2d20150227-15261-chro5p20150227-15261-13p5dmi'
I, [2015-02-27T11:14:19.459415 #15261]  INFO -- : Command :: file -b --mime '/tmp/1b96d33b22a9c953a85168c89a153b2d20150227-15261-rohszs.png'
I, [2015-02-27T11:14:19.473363 #15261]  INFO -- : [paperclip] deleting /home/rails/public/system/items/i_photos/000/000/008/original/IShIZ4SFf1s.jpg
I, [2015-02-27T11:14:19.473969 #15261]  INFO -- : [paperclip] deleting /home/rails/public/system/items/i_photos/000/000/008/medium/IShIZ4SFf1s.jpg
I, [2015-02-27T11:14:19.474211 #15261]  INFO -- : [paperclip] deleting /home/rails/public/system/items/i_photos/000/000/008/thumb/IShIZ4SFf1s.jpg
I, [2015-02-27T11:14:19.491484 #15261]  INFO -- : Redirected to http://178.62.24.75/items
I, [2015-02-27T11:14:19.491903 #15261]  INFO -- : Completed 302 Found in 932ms (ActiveRecord: 11.2ms)
I, [2015-02-27T11:14:19.568453 #15265]  INFO -- : Started GET "/items" for 91.201.244.150 at 2015-02-27 11:14:19 +0000
I, [2015-02-27T11:14:19.581276 #15265]  INFO -- : Processing by ItemsController#index as HTML
I, [2015-02-27T11:14:19.645252 #15265]  INFO -- :   Rendered items/index.html.erb within layouts/application (47.1ms)
I, [2015-02-27T11:14:19.651608 #15265]  INFO -- : Completed 200 OK in 70ms (Views: 52.5ms | ActiveRecord: 2.9ms)
I, [2015-02-27T11:14:24.560018 #15261]  INFO -- : Started GET "/items/8" for 91.201.244.150 at 2015-02-27 11:14:24 +0000
I, [2015-02-27T11:14:24.569909 #15261]  INFO -- : Processing by ItemsController#show as HTML
I, [2015-02-27T11:14:24.570166 #15261]  INFO -- :   Parameters: {"id"=>"8"}
I, [2015-02-27T11:14:24.584350 #15261]  INFO -- :   Rendered items/show.html.erb within layouts/application (2.8ms)
I, [2015-02-27T11:14:24.597091 #15261]  INFO -- : Completed 200 OK in 26ms (Views: 18.8ms | ActiveRecord: 0.9ms)
I, [2015-02-27T11:14:39.843901 #15265]  INFO -- : Started GET "/items/55" for 91.201.244.150 at 2015-02-27 11:14:39 +0000
I, [2015-02-27T11:14:39.867904 #15265]  INFO -- : Processing by ItemsController#show as HTML
I, [2015-02-27T11:14:39.868291 #15265]  INFO -- :   Parameters: {"id"=>"55"}
I, [2015-02-27T11:14:39.907077 #15265]  INFO -- : Completed 404 Not Found in 38ms
F, [2015-02-27T11:14:39.910883 #15265] FATAL -- : 
ActiveRecord::RecordNotFound (Couldn't find Item with id=55):
  app/controllers/items_controller.rb:59:in `find_item'


I, [2015-02-27T11:14:51.342113 #15261]  INFO -- : Started GET "/items/" for 91.201.244.150 at 2015-02-27 11:14:51 +0000
I, [2015-02-27T11:14:51.351613 #15261]  INFO -- : Processing by ItemsController#index as HTML
I, [2015-02-27T11:14:51.387931 #15261]  INFO -- :   Rendered items/index.html.erb within layouts/application (31.1ms)
I, [2015-02-27T11:14:51.393240 #15261]  INFO -- : Completed 200 OK in 41ms (Views: 38.1ms | ActiveRecord: 0.7ms)
I, [2015-02-27T11:14:51.898982 #15259]  INFO -- : Started GET "/items/css/items_index.css" for 91.201.244.150 at 2015-02-27 11:14:51 +0000
F, [2015-02-27T11:14:51.910445 #15259] FATAL -- : 
ActionController::RoutingError (No route matches [GET] "/items/css/items_index.css"):
  actionpack (4.0.2) lib/action_dispatch/middleware/debug_exceptions.rb:21:in `call'
  actionpack (4.0.2) lib/action_dispatch/middleware/show_exceptions.rb:30:in `call'
  railties (4.0.2) lib/rails/rack/logger.rb:38:in `call_app'
  railties (4.0.2) lib/rails/rack/logger.rb:20:in `block in call'
  activesupport (4.0.2) lib/active_support/tagged_logging.rb:67:in `block in tagged'
  activesupport (4.0.2) lib/active_support/tagged_logging.rb:25:in `tagged'
  activesupport (4.0.2) lib/active_support/tagged_logging.rb:67:in `tagged'
  railties (4.0.2) lib/rails/rack/logger.rb:20:in `call'
  actionpack (4.0.2) lib/action_dispatch/middleware/request_id.rb:21:in `call'
  rack (1.5.2) lib/rack/methodoverride.rb:21:in `call'
  rack (1.5.2) lib/rack/runtime.rb:17:in `call'
  activesupport (4.0.2) lib/active_support/cache/strategy/local_cache.rb:83:in `call'
  rack (1.5.2) lib/rack/lock.rb:17:in `call'
  rack (1.5.2) lib/rack/sendfile.rb:112:in `call'
  railties (4.0.2) lib/rails/engine.rb:511:in `call'
  railties (4.0.2) lib/rails/application.rb:97:in `call'
  unicorn (4.8.3) lib/unicorn/http_server.rb:576:in `process_client'
  unicorn (4.8.3) lib/unicorn/http_server.rb:670:in `worker_loop'
  unicorn (4.8.3) lib/unicorn/http_server.rb:525:in `spawn_missing_workers'
  unicorn (4.8.3) lib/unicorn/http_server.rb:140:in `start'
  unicorn (4.8.3) bin/unicorn:126:in `<top (required)>'
  /usr/local/rvm/gems/ruby-2.1.3/bin/unicorn:23:in `load'
  /usr/local/rvm/gems/ruby-2.1.3/bin/unicorn:23:in `<main>'
  /usr/local/rvm/gems/ruby-2.0.0-p353/bin/ruby_executable_hooks:15:in `eval'
  /usr/local/rvm/gems/ruby-2.0.0-p353/bin/ruby_executable_hooks:15:in `<main>'


I, [2015-02-27T11:24:10.908843 #15256]  INFO -- : Started GET "/oc/au-pair" for 193.201.224.50 at 2015-02-27 11:24:10 +0000
F, [2015-02-27T11:24:10.915541 #15256] FATAL -- : 
ActionController::RoutingError (No route matches [GET] "/oc/au-pair"):
  actionpack (4.0.2) lib/action_dispatch/middleware/debug_exceptions.rb:21:in `call'
  actionpack (4.0.2) lib/action_dispatch/middleware/show_exceptions.rb:30:in `call'
  railties (4.0.2) lib/rails/rack/logger.rb:38:in `call_app'
  railties (4.0.2) lib/rails/rack/logger.rb:20:in `block in call'
  activesupport (4.0.2) lib/active_support/tagged_logging.rb:67:in `block in tagged'
  activesupport (4.0.2) lib/active_support/tagged_logging.rb:25:in `tagged'
  activesupport (4.0.2) lib/active_support/tagged_logging.rb:67:in `tagged'
  railties (4.0.2) lib/rails/rack/logger.rb:20:in `call'
  actionpack (4.0.2) lib/action_dispatch/middleware/request_id.rb:21:in `call'
  rack (1.5.2) lib/rack/methodoverride.rb:21:in `call'
  rack (1.5.2) lib/rack/runtime.rb:17:in `call'
  activesupport (4.0.2) lib/active_support/cache/strategy/local_cache.rb:83:in `call'
  rack (1.5.2) lib/rack/lock.rb:17:in `call'
  rack (1.5.2) lib/rack/sendfile.rb:112:in `call'
  railties (4.0.2) lib/rails/engine.rb:511:in `call'
  railties (4.0.2) lib/rails/application.rb:97:in `call'
  unicorn (4.8.3) lib/unicorn/http_server.rb:576:in `process_client'
  unicorn (4.8.3) lib/unicorn/http_server.rb:670:in `worker_loop'
  unicorn (4.8.3) lib/unicorn/http_server.rb:525:in `spawn_missing_workers'
  unicorn (4.8.3) lib/unicorn/http_server.rb:140:in `start'
  unicorn (4.8.3) bin/unicorn:126:in `<top (required)>'
  /usr/local/rvm/gems/ruby-2.1.3/bin/unicorn:23:in `load'
  /usr/local/rvm/gems/ruby-2.1.3/bin/unicorn:23:in `<main>'
  /usr/local/rvm/gems/ruby-2.0.0-p353/bin/ruby_executable_hooks:15:in `eval'
  /usr/local/rvm/gems/ruby-2.0.0-p353/bin/ruby_executable_hooks:15:in `<main>'


I, [2015-02-27T11:24:11.005215 #15265]  INFO -- : Started GET "/" for 193.201.224.50 at 2015-02-27 11:24:11 +0000
I, [2015-02-27T11:24:11.018502 #15265]  INFO -- : Processing by HomeController#index as HTML
I, [2015-02-27T11:24:11.025360 #15265]  INFO -- :   Rendered home/index.html.erb within layouts/application (1.5ms)
I, [2015-02-27T11:24:11.033670 #15265]  INFO -- : Completed 200 OK in 15ms (Views: 13.1ms | ActiveRecord: 0.0ms)
I, [2015-02-27T11:32:22.527015 #15256]  INFO -- : Started GET "/" for 220.181.108.82 at 2015-02-27 11:32:22 +0000
I, [2015-02-27T11:32:22.541155 #15256]  INFO -- : Processing by HomeController#index as */*
I, [2015-02-27T11:32:22.550606 #15256]  INFO -- :   Rendered home/index.html.erb within layouts/application (1.7ms)
I, [2015-02-27T11:32:22.559992 #15256]  INFO -- : Completed 200 OK in 19ms (Views: 16.6ms | ActiveRecord: 0.0ms)
I, [2015-02-27T11:32:23.143219 #15259]  INFO -- : Started GET "/" for 220.181.108.93 at 2015-02-27 11:32:23 +0000
I, [2015-02-27T11:32:23.156987 #15259]  INFO -- : Processing by HomeController#index as */*
I, [2015-02-27T11:32:23.166934 #15259]  INFO -- :   Rendered home/index.html.erb within layouts/application (1.6ms)
I, [2015-02-27T11:32:23.174978 #15259]  INFO -- : Completed 200 OK in 18ms (Views: 14.9ms | ActiveRecord: 0.0ms)
I, [2015-02-27T11:32:23.816191 #15256]  INFO -- : Started GET "/" for 123.125.71.113 at 2015-02-27 11:32:23 +0000
I, [2015-02-27T11:32:23.823106 #15256]  INFO -- : Processing by HomeController#index as */*
I, [2015-02-27T11:32:23.830453 #15256]  INFO -- :   Rendered home/index.html.erb within layouts/application (0.3ms)
I, [2015-02-27T11:32:23.841712 #15256]  INFO -- : Completed 200 OK in 18ms (Views: 17.4ms | ActiveRecord: 0.0ms)
I, [2015-02-27T11:32:24.668890 #15259]  INFO -- : Started GET "/" for 123.125.71.74 at 2015-02-27 11:32:24 +0000
I, [2015-02-27T11:32:24.674850 #15259]  INFO -- : Processing by HomeController#index as */*
I, [2015-02-27T11:32:24.681870 #15259]  INFO -- :   Rendered home/index.html.erb within layouts/application (0.4ms)
I, [2015-02-27T11:32:24.692955 #15259]  INFO -- : Completed 200 OK in 18ms (Views: 16.5ms | ActiveRecord: 0.0ms)
I, [2015-02-27T11:32:32.309670 #15256]  INFO -- : Started GET "/" for 66.249.78.86 at 2015-02-27 11:32:32 +0000
I, [2015-02-27T11:32:32.312572 #15256]  INFO -- : Processing by HomeController#index as HTML
I, [2015-02-27T11:32:32.315878 #15256]  INFO -- :   Rendered home/index.html.erb within layouts/application (1.0ms)
I, [2015-02-27T11:32:32.321939 #15256]  INFO -- : Completed 200 OK in 9ms (Views: 8.8ms | ActiveRecord: 0.0ms)
I, [2015-02-27T11:35:00.352505 #15259]  INFO -- : Started GET "/items" for 188.190.85.172 at 2015-02-27 11:35:00 +0000
I, [2015-02-27T11:35:00.363242 #15259]  INFO -- : Processing by ItemsController#index as HTML
I, [2015-02-27T11:35:00.404505 #15259]  INFO -- :   Rendered items/index.html.erb within layouts/application (35.1ms)
I, [2015-02-27T11:35:00.411386 #15259]  INFO -- : Completed 200 OK in 48ms (Views: 44.9ms | ActiveRecord: 0.9ms)
I, [2015-02-27T11:36:10.390084 #15265]  INFO -- : Started GET "/" for 77.52.153.212 at 2015-02-27 11:36:10 +0000
I, [2015-02-27T11:36:10.399179 #15265]  INFO -- : Processing by HomeController#index as HTML
I, [2015-02-27T11:36:10.404365 #15265]  INFO -- :   Rendered home/index.html.erb within layouts/application (0.4ms)
I, [2015-02-27T11:36:10.413386 #15265]  INFO -- : Completed 200 OK in 14ms (Views: 12.3ms | ActiveRecord: 0.0ms)
I, [2015-02-27T11:38:56.200452 #15259]  INFO -- : Started GET "/" for 95.133.37.25 at 2015-02-27 11:38:56 +0000
I, [2015-02-27T11:38:56.205402 #15259]  INFO -- : Processing by HomeController#index as HTML
I, [2015-02-27T11:38:56.210328 #15259]  INFO -- :   Rendered home/index.html.erb within layouts/application (1.5ms)
I, [2015-02-27T11:38:56.216667 #15259]  INFO -- : Completed 200 OK in 11ms (Views: 9.8ms | ActiveRecord: 0.0ms)
I, [2015-02-27T11:38:59.959431 #15261]  INFO -- : Started GET "/items" for 95.133.37.25 at 2015-02-27 11:38:59 +0000
I, [2015-02-27T11:38:59.971025 #15261]  INFO -- : Processing by ItemsController#index as HTML
I, [2015-02-27T11:39:00.036447 #15261]  INFO -- :   Rendered items/index.html.erb within layouts/application (56.7ms)
I, [2015-02-27T11:39:00.050440 #15261]  INFO -- : Completed 200 OK in 79ms (Views: 73.6ms | ActiveRecord: 1.0ms)
I, [2015-02-27T11:39:12.787524 #15259]  INFO -- : Started GET "/items/8/upvote" for 95.133.37.25 at 2015-02-27 11:39:12 +0000
I, [2015-02-27T11:39:12.793387 #15259]  INFO -- : Processing by ItemsController#upvote as HTML
I, [2015-02-27T11:39:12.793490 #15259]  INFO -- :   Parameters: {"id"=>"8"}
I, [2015-02-27T11:39:12.817174 #15259]  INFO -- : Redirected to http://178.62.24.75/items
I, [2015-02-27T11:39:12.817669 #15259]  INFO -- : Completed 302 Found in 24ms (ActiveRecord: 7.2ms)
I, [2015-02-27T11:39:13.418839 #15265]  INFO -- : Started GET "/items" for 95.133.37.25 at 2015-02-27 11:39:13 +0000
I, [2015-02-27T11:39:13.425570 #15265]  INFO -- : Processing by ItemsController#index as HTML
I, [2015-02-27T11:39:13.463689 #15265]  INFO -- :   Rendered items/index.html.erb within layouts/application (33.4ms)
I, [2015-02-27T11:39:13.469432 #15265]  INFO -- : Completed 200 OK in 44ms (Views: 40.7ms | ActiveRecord: 1.0ms)
I, [2015-02-27T11:39:19.301749 #15259]  INFO -- : Started GET "/items/8" for 95.133.37.25 at 2015-02-27 11:39:19 +0000
I, [2015-02-27T11:39:19.304668 #15259]  INFO -- : Processing by ItemsController#show as HTML
I, [2015-02-27T11:39:19.304744 #15259]  INFO -- :   Parameters: {"id"=>"8"}
I, [2015-02-27T11:39:19.311601 #15259]  INFO -- :   Rendered items/show.html.erb within layouts/application (2.7ms)
I, [2015-02-27T11:39:19.317736 #15259]  INFO -- : Completed 200 OK in 13ms (Views: 10.7ms | ActiveRecord: 0.5ms)
I, [2015-02-27T11:49:43.133977 #15261]  INFO -- : Started GET "/items/css/items_index.css" for 91.201.244.150 at 2015-02-27 11:49:43 +0000
F, [2015-02-27T11:49:43.145258 #15261] FATAL -- : 
ActionController::RoutingError (No route matches [GET] "/items/css/items_index.css"):
  actionpack (4.0.2) lib/action_dispatch/middleware/debug_exceptions.rb:21:in `call'
  actionpack (4.0.2) lib/action_dispatch/middleware/show_exceptions.rb:30:in `call'
  railties (4.0.2) lib/rails/rack/logger.rb:38:in `call_app'
  railties (4.0.2) lib/rails/rack/logger.rb:20:in `block in call'
  activesupport (4.0.2) lib/active_support/tagged_logging.rb:67:in `block in tagged'
  activesupport (4.0.2) lib/active_support/tagged_logging.rb:25:in `tagged'
  activesupport (4.0.2) lib/active_support/tagged_logging.rb:67:in `tagged'
  railties (4.0.2) lib/rails/rack/logger.rb:20:in `call'
  actionpack (4.0.2) lib/action_dispatch/middleware/request_id.rb:21:in `call'
  rack (1.5.2) lib/rack/methodoverride.rb:21:in `call'
  rack (1.5.2) lib/rack/runtime.rb:17:in `call'
  activesupport (4.0.2) lib/active_support/cache/strategy/local_cache.rb:83:in `call'
  rack (1.5.2) lib/rack/lock.rb:17:in `call'
  rack (1.5.2) lib/rack/sendfile.rb:112:in `call'
  railties (4.0.2) lib/rails/engine.rb:511:in `call'
  railties (4.0.2) lib/rails/application.rb:97:in `call'
  unicorn (4.8.3) lib/unicorn/http_server.rb:576:in `process_client'
  unicorn (4.8.3) lib/unicorn/http_server.rb:670:in `worker_loop'
  unicorn (4.8.3) lib/unicorn/http_server.rb:525:in `spawn_missing_workers'
  unicorn (4.8.3) lib/unicorn/http_server.rb:140:in `start'
  unicorn (4.8.3) bin/unicorn:126:in `<top (required)>'
  /usr/local/rvm/gems/ruby-2.1.3/bin/unicorn:23:in `load'
  /usr/local/rvm/gems/ruby-2.1.3/bin/unicorn:23:in `<main>'
  /usr/local/rvm/gems/ruby-2.0.0-p353/bin/ruby_executable_hooks:15:in `eval'
  /usr/local/rvm/gems/ruby-2.0.0-p353/bin/ruby_executable_hooks:15:in `<main>'


I, [2015-02-27T11:50:38.460703 #15256]  INFO -- : Started GET "/" for 95.133.37.25 at 2015-02-27 11:50:38 +0000
I, [2015-02-27T11:50:38.468341 #15256]  INFO -- : Processing by HomeController#index as HTML
I, [2015-02-27T11:50:38.474164 #15256]  INFO -- :   Rendered home/index.html.erb within layouts/application (0.3ms)
I, [2015-02-27T11:50:38.482692 #15256]  INFO -- : Completed 200 OK in 14ms (Views: 11.9ms | ActiveRecord: 0.0ms)
I, [2015-02-27T11:50:40.124543 #15259]  INFO -- : Started GET "/" for 91.201.244.150 at 2015-02-27 11:50:40 +0000
I, [2015-02-27T11:50:40.132472 #15259]  INFO -- : Processing by HomeController#index as HTML
I, [2015-02-27T11:50:40.138570 #15259]  INFO -- :   Rendered home/index.html.erb within layouts/application (0.4ms)
I, [2015-02-27T11:50:40.146718 #15259]  INFO -- : Completed 200 OK in 14ms (Views: 11.8ms | ActiveRecord: 0.0ms)
I, [2015-02-27T11:50:48.871662 #15256]  INFO -- : Started GET "/items" for 95.133.37.25 at 2015-02-27 11:50:48 +0000
I, [2015-02-27T11:50:48.880343 #15256]  INFO -- : Processing by ItemsController#index as HTML
I, [2015-02-27T11:50:48.938748 #15256]  INFO -- :   Rendered items/index.html.erb within layouts/application (51.2ms)
I, [2015-02-27T11:50:48.947849 #15256]  INFO -- : Completed 200 OK in 67ms (Views: 62.9ms | ActiveRecord: 1.2ms)
I, [2015-02-27T11:51:00.496777 #15265]  INFO -- : Started GET "/items/7" for 95.133.37.25 at 2015-02-27 11:51:00 +0000
I, [2015-02-27T11:51:00.503817 #15265]  INFO -- : Processing by ItemsController#show as HTML
I, [2015-02-27T11:51:00.503960 #15265]  INFO -- :   Parameters: {"id"=>"7"}
I, [2015-02-27T11:51:00.524026 #15265]  INFO -- :   Rendered items/show.html.erb within layouts/application (10.1ms)
I, [2015-02-27T11:51:00.530335 #15265]  INFO -- : Completed 200 OK in 26ms (Views: 19.0ms | ActiveRecord: 1.8ms)
I, [2015-02-27T12:19:22.543468 #15256]  INFO -- : Started GET "/items" for 91.201.244.150 at 2015-02-27 12:19:22 +0000
I, [2015-02-27T12:19:22.568897 #15256]  INFO -- : Processing by ItemsController#index as HTML
I, [2015-02-27T12:19:22.611692 #15256]  INFO -- :   Rendered items/index.html.erb within layouts/application (36.6ms)
I, [2015-02-27T12:19:22.618571 #15256]  INFO -- : Completed 200 OK in 49ms (Views: 46.1ms | ActiveRecord: 0.8ms)
I, [2015-02-27T12:19:30.909835 #15261]  INFO -- : Started GET "/items/new" for 91.201.244.150 at 2015-02-27 12:19:30 +0000
I, [2015-02-27T12:19:30.920307 #15261]  INFO -- : Processing by ItemsController#new as HTML
I, [2015-02-27T12:19:30.956029 #15261]  INFO -- :   Rendered items/new.html.erb within layouts/application (25.1ms)
I, [2015-02-27T12:19:30.964406 #15261]  INFO -- : Completed 200 OK in 44ms (Views: 37.2ms | ActiveRecord: 0.0ms)
I, [2015-02-27T12:19:57.084468 #15256]  INFO -- : Started GET "/items/2/edit" for 91.201.244.150 at 2015-02-27 12:19:57 +0000
I, [2015-02-27T12:19:57.087132 #15256]  INFO -- : Processing by ItemsController#edit as HTML
I, [2015-02-27T12:19:57.087219 #15256]  INFO -- :   Parameters: {"id"=>"2"}
I, [2015-02-27T12:19:57.091769 #15256]  INFO -- : Completed 404 Not Found in 4ms
F, [2015-02-27T12:19:57.093363 #15256] FATAL -- : 
ActiveRecord::RecordNotFound (Couldn't find Item with id=2):
  app/controllers/items_controller.rb:59:in `find_item'


I, [2015-02-27T12:20:17.741666 #15261]  INFO -- : Started GET "/items/2/edit" for 91.201.244.150 at 2015-02-27 12:20:17 +0000
I, [2015-02-27T12:20:17.749773 #15261]  INFO -- : Processing by ItemsController#edit as HTML
I, [2015-02-27T12:20:17.749934 #15261]  INFO -- :   Parameters: {"id"=>"2"}
I, [2015-02-27T12:20:17.756584 #15261]  INFO -- : Completed 404 Not Found in 6ms
F, [2015-02-27T12:20:17.794203 #15261] FATAL -- : 
ActiveRecord::RecordNotFound (Couldn't find Item with id=2):
  app/controllers/items_controller.rb:59:in `find_item'


I, [2015-02-27T12:20:20.059193 #15259]  INFO -- : Started GET "/items/2/edit" for 91.201.244.150 at 2015-02-27 12:20:20 +0000
I, [2015-02-27T12:20:20.067384 #15259]  INFO -- : Processing by ItemsController#edit as HTML
I, [2015-02-27T12:20:20.067503 #15259]  INFO -- :   Parameters: {"id"=>"2"}
I, [2015-02-27T12:20:20.073532 #15259]  INFO -- : Completed 404 Not Found in 6ms
F, [2015-02-27T12:20:20.075513 #15259] FATAL -- : 
ActiveRecord::RecordNotFound (Couldn't find Item with id=2):
  app/controllers/items_controller.rb:59:in `find_item'


I, [2015-02-27T12:20:29.610491 #15261]  INFO -- : Started GET "/items/2/edit" for 91.201.244.150 at 2015-02-27 12:20:29 +0000
I, [2015-02-27T12:20:29.613241 #15261]  INFO -- : Processing by ItemsController#edit as HTML
I, [2015-02-27T12:20:29.613341 #15261]  INFO -- :   Parameters: {"id"=>"2"}
I, [2015-02-27T12:20:29.615365 #15261]  INFO -- : Completed 404 Not Found in 2ms
F, [2015-02-27T12:20:29.618201 #15261] FATAL -- : 
ActiveRecord::RecordNotFound (Couldn't find Item with id=2):
  app/controllers/items_controller.rb:59:in `find_item'


I, [2015-02-27T12:20:33.150806 #15256]  INFO -- : Started GET "/items/2/edit" for 91.201.244.150 at 2015-02-27 12:20:33 +0000
I, [2015-02-27T12:20:33.171700 #15256]  INFO -- : Processing by ItemsController#edit as HTML
I, [2015-02-27T12:20:33.172108 #15256]  INFO -- :   Parameters: {"id"=>"2"}
I, [2015-02-27T12:20:33.187717 #15256]  INFO -- : Completed 404 Not Found in 15ms
F, [2015-02-27T12:20:33.193584 #15256] FATAL -- : 
ActiveRecord::RecordNotFound (Couldn't find Item with id=2):
  app/controllers/items_controller.rb:59:in `find_item'


I, [2015-02-27T12:21:00.401373 #15265]  INFO -- : Started GET "/items/" for 91.201.244.150 at 2015-02-27 12:21:00 +0000
I, [2015-02-27T12:21:00.408598 #15265]  INFO -- : Processing by ItemsController#index as HTML
I, [2015-02-27T12:21:00.454788 #15265]  INFO -- :   Rendered items/index.html.erb within layouts/application (39.1ms)
I, [2015-02-27T12:21:00.460707 #15265]  INFO -- : Completed 200 OK in 52ms (Views: 48.2ms | ActiveRecord: 0.7ms)
I, [2015-02-27T12:21:00.979469 #15261]  INFO -- : Started GET "/items/css/items_index.css" for 91.201.244.150 at 2015-02-27 12:21:00 +0000
F, [2015-02-27T12:21:00.988883 #15261] FATAL -- : 
ActionController::RoutingError (No route matches [GET] "/items/css/items_index.css"):
  actionpack (4.0.2) lib/action_dispatch/middleware/debug_exceptions.rb:21:in `call'
  actionpack (4.0.2) lib/action_dispatch/middleware/show_exceptions.rb:30:in `call'
  railties (4.0.2) lib/rails/rack/logger.rb:38:in `call_app'
  railties (4.0.2) lib/rails/rack/logger.rb:20:in `block in call'
  activesupport (4.0.2) lib/active_support/tagged_logging.rb:67:in `block in tagged'
  activesupport (4.0.2) lib/active_support/tagged_logging.rb:25:in `tagged'
  activesupport (4.0.2) lib/active_support/tagged_logging.rb:67:in `tagged'
  railties (4.0.2) lib/rails/rack/logger.rb:20:in `call'
  actionpack (4.0.2) lib/action_dispatch/middleware/request_id.rb:21:in `call'
  rack (1.5.2) lib/rack/methodoverride.rb:21:in `call'
  rack (1.5.2) lib/rack/runtime.rb:17:in `call'
  activesupport (4.0.2) lib/active_support/cache/strategy/local_cache.rb:83:in `call'
  rack (1.5.2) lib/rack/lock.rb:17:in `call'
  rack (1.5.2) lib/rack/sendfile.rb:112:in `call'
  railties (4.0.2) lib/rails/engine.rb:511:in `call'
  railties (4.0.2) lib/rails/application.rb:97:in `call'
  unicorn (4.8.3) lib/unicorn/http_server.rb:576:in `process_client'
  unicorn (4.8.3) lib/unicorn/http_server.rb:670:in `worker_loop'
  unicorn (4.8.3) lib/unicorn/http_server.rb:525:in `spawn_missing_workers'
  unicorn (4.8.3) lib/unicorn/http_server.rb:140:in `start'
  unicorn (4.8.3) bin/unicorn:126:in `<top (required)>'
  /usr/local/rvm/gems/ruby-2.1.3/bin/unicorn:23:in `load'
  /usr/local/rvm/gems/ruby-2.1.3/bin/unicorn:23:in `<main>'
  /usr/local/rvm/gems/ruby-2.0.0-p353/bin/ruby_executable_hooks:15:in `eval'
  /usr/local/rvm/gems/ruby-2.0.0-p353/bin/ruby_executable_hooks:15:in `<main>'


I, [2015-02-27T12:21:03.446219 #15265]  INFO -- : Started GET "/items/3" for 91.201.244.150 at 2015-02-27 12:21:03 +0000
I, [2015-02-27T12:21:03.452473 #15265]  INFO -- : Processing by ItemsController#show as HTML
I, [2015-02-27T12:21:03.452696 #15265]  INFO -- :   Parameters: {"id"=>"3"}
I, [2015-02-27T12:21:03.464722 #15265]  INFO -- :   Rendered items/show.html.erb within layouts/application (4.7ms)
I, [2015-02-27T12:21:03.469855 #15265]  INFO -- : Completed 200 OK in 17ms (Views: 11.6ms | ActiveRecord: 1.6ms)
I, [2015-02-27T12:21:07.235625 #15256]  INFO -- : Started GET "/items/3/edit" for 91.201.244.150 at 2015-02-27 12:21:07 +0000
I, [2015-02-27T12:21:07.238533 #15256]  INFO -- : Processing by ItemsController#edit as HTML
I, [2015-02-27T12:21:07.238607 #15256]  INFO -- :   Parameters: {"id"=>"3"}
I, [2015-02-27T12:21:07.255721 #15256]  INFO -- :   Rendered items/edit.html.erb within layouts/application (11.8ms)
I, [2015-02-27T12:21:07.267581 #15256]  INFO -- : Completed 200 OK in 29ms (Views: 25.7ms | ActiveRecord: 0.4ms)
I, [2015-02-27T12:21:18.219589 #15265]  INFO -- : Started GET "/items/3/edit" for 91.201.244.150 at 2015-02-27 12:21:18 +0000
I, [2015-02-27T12:21:18.225154 #15265]  INFO -- : Processing by ItemsController#edit as HTML
I, [2015-02-27T12:21:18.225350 #15265]  INFO -- :   Parameters: {"id"=>"3"}
I, [2015-02-27T12:21:18.395603 #15265]  INFO -- :   Rendered items/edit.html.erb within layouts/application (163.9ms)
I, [2015-02-27T12:21:18.396329 #15265]  INFO -- : Completed 500 Internal Server Error in 171ms
F, [2015-02-27T12:21:18.401911 #15265] FATAL -- : 
ActionView::Template::Error (undefined local variable or method `i_photo' for #<#<Class:0x000000043b8a40>:0x00000006016228>):
     7:   <p><%= f.text_field :weigth %></p><br />
     8: 
     9:     <%= f.file_field :i_photo %> <br>
    10:     <%= image_tag i_photo.url(:thumb) %> <br>
    11: 
    12: <%= f.label "Видимый" %>:
    13:   <p><%= f.text_field :real %></p><br />
  app/views/items/edit.html.erb:10:in `block in _app_views_items_edit_html_erb___3905771790215248747_50374700'
  app/views/items/edit.html.erb:1:in `_app_views_items_edit_html_erb___3905771790215248747_50374700'


I, [2015-02-27T12:21:27.736348 #15256]  INFO -- : Started GET "/items/3/edit" for 91.201.244.150 at 2015-02-27 12:21:27 +0000
I, [2015-02-27T12:21:27.757606 #15256]  INFO -- : Processing by ItemsController#edit as HTML
I, [2015-02-27T12:21:27.757926 #15256]  INFO -- :   Parameters: {"id"=>"3"}
I, [2015-02-27T12:21:27.812032 #15256]  INFO -- :   Rendered items/edit.html.erb within layouts/application (34.3ms)
I, [2015-02-27T12:21:27.828732 #15256]  INFO -- : Completed 200 OK in 70ms (Views: 55.8ms | ActiveRecord: 1.5ms)
I, [2015-02-27T12:22:00.138743 #15259]  INFO -- : Started PATCH "/items/3" for 91.201.244.150 at 2015-02-27 12:22:00 +0000
I, [2015-02-27T12:22:00.146536 #15259]  INFO -- : Processing by ItemsController#update as HTML
I, [2015-02-27T12:22:00.146976 #15259]  INFO -- :   Parameters: {"utf8"=>"✓", "authenticity_token"=>"0nNdKWOfpAkoD+6R2tdcuEMMQ8X7kB9xsUDQHWvBhhs=", "item"=>{"name"=>"Test Form", "price"=>"25666.19921875", "weigth"=>"33.0", "i_photo"=>#<ActionDispatch::Http::UploadedFile:0x0000000639e9b8 @tempfile=#<Tempfile:/tmp/RackMultipart20150227-15259-shklky>, @original_filename="jeff_powell_1314039574_47.png", @content_type="image/png", @headers="Content-Disposition: form-data; name=\"item[i_photo]\"; filename=\"jeff_powell_1314039574_47.png\"\r\nContent-Type: image/png\r\n">, "real"=>"1", "short_desc"=>"Lorem ipsum dolor sit amet, consectetur adipiscing elit. Phasellus egestas posuere lectus quis iaculis. Nulla vel augue sed diam consectetur suscipit vitae nec odio", "description"=>"Blah Blah"}, "commit"=>"Создать", "id"=>"3"}
I, [2015-02-27T12:22:00.169454 #15259]  INFO -- : Command :: file -b --mime '/tmp/1b96d33b22a9c953a85168c89a153b2d20150227-15259-ovy2zc.png'
I, [2015-02-27T12:22:00.218489 #15259]  INFO -- : Command :: identify -format '%wx%h,%[exif:orientation]' '/tmp/1b96d33b22a9c953a85168c89a153b2d20150227-15259-1axsr1y.png[0]' 2>/dev/null
I, [2015-02-27T12:22:00.365010 #15259]  INFO -- : Command :: identify -format %m '/tmp/1b96d33b22a9c953a85168c89a153b2d20150227-15259-1axsr1y.png[0]'
I, [2015-02-27T12:22:00.375905 #15259]  INFO -- : Command :: convert '/tmp/1b96d33b22a9c953a85168c89a153b2d20150227-15259-1axsr1y.png[0]' -auto-orient -resize "300x300>" '/tmp/1b96d33b22a9c953a85168c89a153b2d20150227-15259-1axsr1y20150227-15259-ha1l2l'
I, [2015-02-27T12:22:00.760158 #15259]  INFO -- : Command :: file -b --mime '/tmp/1b96d33b22a9c953a85168c89a153b2d20150227-15259-1axsr1y20150227-15259-ha1l2l'
I, [2015-02-27T12:22:00.772897 #15259]  INFO -- : Command :: identify -format '%wx%h,%[exif:orientation]' '/tmp/1b96d33b22a9c953a85168c89a153b2d20150227-15259-1axsr1y.png[0]' 2>/dev/null
I, [2015-02-27T12:22:00.869994 #15259]  INFO -- : Command :: identify -format %m '/tmp/1b96d33b22a9c953a85168c89a153b2d20150227-15259-1axsr1y.png[0]'
I, [2015-02-27T12:22:00.881194 #15259]  INFO -- : Command :: convert '/tmp/1b96d33b22a9c953a85168c89a153b2d20150227-15259-1axsr1y.png[0]' -auto-orient -resize "100x100>" '/tmp/1b96d33b22a9c953a85168c89a153b2d20150227-15259-1axsr1y20150227-15259-n8wovo'
I, [2015-02-27T12:22:01.122555 #15259]  INFO -- : Command :: file -b --mime '/tmp/1b96d33b22a9c953a85168c89a153b2d20150227-15259-1axsr1y20150227-15259-n8wovo'
I, [2015-02-27T12:22:01.146489 #15259]  INFO -- : Command :: file -b --mime '/tmp/1b96d33b22a9c953a85168c89a153b2d20150227-15259-98tqxt.png'
I, [2015-02-27T12:22:01.193897 #15259]  INFO -- : Redirected to http://178.62.24.75/items
I, [2015-02-27T12:22:01.194811 #15259]  INFO -- : Completed 302 Found in 1047ms (ActiveRecord: 10.4ms)
I, [2015-02-27T12:22:01.273270 #15261]  INFO -- : Started GET "/items" for 91.201.244.150 at 2015-02-27 12:22:01 +0000
I, [2015-02-27T12:22:01.282465 #15261]  INFO -- : Processing by ItemsController#index as HTML
I, [2015-02-27T12:22:01.325459 #15261]  INFO -- :   Rendered items/index.html.erb within layouts/application (37.0ms)
I, [2015-02-27T12:22:01.334677 #15261]  INFO -- : Completed 200 OK in 52ms (Views: 47.9ms | ActiveRecord: 1.2ms)
I, [2015-02-27T12:22:05.553027 #15259]  INFO -- : Started GET "/items/3" for 91.201.244.150 at 2015-02-27 12:22:05 +0000
I, [2015-02-27T12:22:05.557488 #15259]  INFO -- : Processing by ItemsController#show as HTML
I, [2015-02-27T12:22:05.557588 #15259]  INFO -- :   Parameters: {"id"=>"3"}
I, [2015-02-27T12:22:05.569236 #15259]  INFO -- :   Rendered items/show.html.erb within layouts/application (5.1ms)
I, [2015-02-27T12:22:05.580079 #15259]  INFO -- : Completed 200 OK in 22ms (Views: 19.2ms | ActiveRecord: 0.7ms)
I, [2015-02-27T12:22:19.125123 #15261]  INFO -- : Started GET "/items/3" for 91.201.244.150 at 2015-02-27 12:22:19 +0000
I, [2015-02-27T12:22:19.132532 #15261]  INFO -- : Processing by ItemsController#show as HTML
I, [2015-02-27T12:22:19.132690 #15261]  INFO -- :   Parameters: {"id"=>"3"}
I, [2015-02-27T12:22:19.145683 #15261]  INFO -- :   Rendered items/show.html.erb within layouts/application (4.3ms)
I, [2015-02-27T12:22:19.155711 #15261]  INFO -- : Completed 200 OK in 23ms (Views: 16.9ms | ActiveRecord: 0.8ms)
I, [2015-02-27T12:23:14.218887 #15265]  INFO -- : Started GET "/items" for 91.201.244.150 at 2015-02-27 12:23:14 +0000
I, [2015-02-27T12:23:14.226254 #15265]  INFO -- : Processing by ItemsController#index as HTML
I, [2015-02-27T12:23:14.256285 #15265]  INFO -- :   Rendered items/index.html.erb within layouts/application (24.9ms)
I, [2015-02-27T12:23:14.262056 #15265]  INFO -- : Completed 200 OK in 36ms (Views: 32.6ms | ActiveRecord: 0.5ms)
I, [2015-02-27T12:23:22.243074 #15259]  INFO -- : Started GET "/items/5" for 91.201.244.150 at 2015-02-27 12:23:22 +0000
I, [2015-02-27T12:23:22.250528 #15259]  INFO -- : Processing by ItemsController#show as HTML
I, [2015-02-27T12:23:22.250730 #15259]  INFO -- :   Parameters: {"id"=>"5"}
I, [2015-02-27T12:23:22.270616 #15259]  INFO -- :   Rendered items/show.html.erb within layouts/application (10.6ms)
I, [2015-02-27T12:23:22.279151 #15259]  INFO -- : Completed 200 OK in 28ms (Views: 21.9ms | ActiveRecord: 1.4ms)
I, [2015-02-27T12:27:07.764859 #15261]  INFO -- : Started GET "/items/5" for 91.201.244.150 at 2015-02-27 12:27:07 +0000
I, [2015-02-27T12:27:07.775367 #15261]  INFO -- : Processing by ItemsController#show as HTML
I, [2015-02-27T12:27:07.775605 #15261]  INFO -- :   Parameters: {"id"=>"5"}
I, [2015-02-27T12:27:07.800576 #15261]  INFO -- :   Rendered items/show.html.erb within layouts/application (12.8ms)
I, [2015-02-27T12:27:07.810282 #15261]  INFO -- : Completed 200 OK in 34ms (Views: 26.2ms | ActiveRecord: 1.1ms)
I, [2015-02-27T12:30:11.083206 #15265]  INFO -- : Started GET "/items/5" for 91.201.244.150 at 2015-02-27 12:30:11 +0000
I, [2015-02-27T12:30:11.092958 #15265]  INFO -- : Processing by ItemsController#show as HTML
I, [2015-02-27T12:30:11.093163 #15265]  INFO -- :   Parameters: {"id"=>"5"}
I, [2015-02-27T12:30:11.120655 #15265]  INFO -- :   Rendered items/show.html.erb within layouts/application (14.4ms)
I, [2015-02-27T12:30:11.130535 #15265]  INFO -- : Completed 200 OK in 37ms (Views: 27.9ms | ActiveRecord: 1.2ms)
I, [2015-02-27T12:30:22.941734 #15261]  INFO -- : Started GET "/items/5" for 66.249.78.93 at 2015-02-27 12:30:22 +0000
I, [2015-02-27T12:30:22.952750 #15261]  INFO -- : Processing by ItemsController#show as HTML
I, [2015-02-27T12:30:22.952977 #15261]  INFO -- :   Parameters: {"id"=>"5"}
I, [2015-02-27T12:30:22.970588 #15261]  INFO -- :   Rendered items/show.html.erb within layouts/application (9.4ms)
I, [2015-02-27T12:30:22.979206 #15261]  INFO -- : Completed 200 OK in 26ms (Views: 20.5ms | ActiveRecord: 0.6ms)
I, [2015-02-27T12:32:25.561112 #15265]  INFO -- : Started GET "/items/5" for 91.201.244.150 at 2015-02-27 12:32:25 +0000
I, [2015-02-27T12:32:25.568366 #15265]  INFO -- : Processing by ItemsController#show as HTML
I, [2015-02-27T12:32:25.568521 #15265]  INFO -- :   Parameters: {"id"=>"5"}
I, [2015-02-27T12:32:25.617805 #15265]  INFO -- :   Rendered items/show.html.erb within layouts/application (41.1ms)
I, [2015-02-27T12:32:25.633170 #15265]  INFO -- : Completed 200 OK in 64ms (Views: 59.2ms | ActiveRecord: 0.9ms)
I, [2015-02-27T12:32:31.334787 #15261]  INFO -- : Started GET "/items" for 91.201.244.150 at 2015-02-27 12:32:31 +0000
I, [2015-02-27T12:32:31.350752 #15261]  INFO -- : Processing by ItemsController#index as HTML
I, [2015-02-27T12:32:31.402046 #15261]  INFO -- :   Rendered items/index.html.erb within layouts/application (45.2ms)
I, [2015-02-27T12:32:31.413048 #15261]  INFO -- : Completed 200 OK in 62ms (Views: 58.5ms | ActiveRecord: 0.7ms)
I, [2015-02-27T12:32:34.906620 #15256]  INFO -- : Started GET "/items/3" for 91.201.244.150 at 2015-02-27 12:32:34 +0000
I, [2015-02-27T12:32:34.920994 #15256]  INFO -- : Processing by ItemsController#show as HTML
I, [2015-02-27T12:32:34.921239 #15256]  INFO -- :   Parameters: {"id"=>"3"}
I, [2015-02-27T12:32:34.946966 #15256]  INFO -- :   Rendered items/show.html.erb within layouts/application (9.7ms)
I, [2015-02-27T12:32:34.963494 #15256]  INFO -- : Completed 200 OK in 42ms (Views: 30.9ms | ActiveRecord: 1.0ms)
I, [2015-02-27T12:34:48.903250 #15261]  INFO -- : Started GET "/items/3" for 91.201.244.150 at 2015-02-27 12:34:48 +0000
I, [2015-02-27T12:34:48.906172 #15261]  INFO -- : Processing by ItemsController#show as HTML
I, [2015-02-27T12:34:48.906294 #15261]  INFO -- :   Parameters: {"id"=>"3"}
I, [2015-02-27T12:34:48.914556 #15261]  INFO -- :   Rendered items/show.html.erb within layouts/application (2.6ms)
I, [2015-02-27T12:34:48.920437 #15261]  INFO -- : Completed 200 OK in 14ms (Views: 10.8ms | ActiveRecord: 0.6ms)
I, [2015-02-27T12:35:07.417631 #15265]  INFO -- : Started GET "/items/3" for 91.201.244.150 at 2015-02-27 12:35:07 +0000
I, [2015-02-27T12:35:07.425213 #15265]  INFO -- : Processing by ItemsController#show as HTML
I, [2015-02-27T12:35:07.425348 #15265]  INFO -- :   Parameters: {"id"=>"3"}
I, [2015-02-27T12:35:07.436394 #15265]  INFO -- :   Rendered items/show.html.erb within layouts/application (3.5ms)
I, [2015-02-27T12:35:07.443182 #15265]  INFO -- : Completed 200 OK in 18ms (Views: 13.0ms | ActiveRecord: 0.5ms)
I, [2015-02-27T12:35:27.574768 #15256]  INFO -- : Started GET "/items/3" for 91.201.244.150 at 2015-02-27 12:35:27 +0000
I, [2015-02-27T12:35:27.577469 #15256]  INFO -- : Processing by ItemsController#show as HTML
I, [2015-02-27T12:35:27.577587 #15256]  INFO -- :   Parameters: {"id"=>"3"}
I, [2015-02-27T12:35:27.584531 #15256]  INFO -- :   Rendered items/show.html.erb within layouts/application (2.4ms)
I, [2015-02-27T12:35:27.615089 #15256]  INFO -- : Completed 200 OK in 37ms (Views: 34.2ms | ActiveRecord: 0.4ms)
I, [2015-02-27T12:35:31.218713 #15259]  INFO -- : Started GET "/" for 91.201.244.150 at 2015-02-27 12:35:31 +0000
I, [2015-02-27T12:35:31.239690 #15259]  INFO -- : Processing by HomeController#index as HTML
I, [2015-02-27T12:35:31.255061 #15259]  INFO -- :   Rendered home/index.html.erb within layouts/application (1.0ms)
I, [2015-02-27T12:35:31.354085 #15259]  INFO -- : Completed 200 OK in 114ms (Views: 109.2ms | ActiveRecord: 0.0ms)
I, [2015-02-27T12:35:33.101288 #15256]  INFO -- : Started GET "/items" for 91.201.244.150 at 2015-02-27 12:35:33 +0000
I, [2015-02-27T12:35:33.104526 #15256]  INFO -- : Processing by ItemsController#index as HTML
I, [2015-02-27T12:35:33.144836 #15256]  INFO -- :   Rendered items/index.html.erb within layouts/application (36.9ms)
I, [2015-02-27T12:35:33.149986 #15256]  INFO -- : Completed 200 OK in 45ms (Views: 42.9ms | ActiveRecord: 0.4ms)
