I, [2015-02-27T12:35:36.348288 #15259]  INFO -- : Started GET "/items/5" for 91.201.244.150 at 2015-02-27 12:35:36 +0000
I, [2015-02-27T12:35:36.351697 #15259]  INFO -- : Processing by ItemsController#show as HTML
I, [2015-02-27T12:35:36.351836 #15259]  INFO -- :   Parameters: {"id"=>"5"}
I, [2015-02-27T12:35:36.366808 #15259]  INFO -- :   Rendered items/show.html.erb within layouts/application (9.3ms)
I, [2015-02-27T12:35:36.374602 #15259]  INFO -- : Completed 200 OK in 23ms (Views: 18.9ms | ActiveRecord: 1.4ms)
I, [2015-02-27T12:36:21.951119 #15256]  INFO -- : Started GET "/items/5" for 91.201.244.150 at 2015-02-27 12:36:21 +0000
I, [2015-02-27T12:36:21.963384 #15256]  INFO -- : Processing by ItemsController#show as HTML
I, [2015-02-27T12:36:21.963604 #15256]  INFO -- :   Parameters: {"id"=>"5"}
I, [2015-02-27T12:36:21.986633 #15256]  INFO -- :   Rendered items/show.html.erb within layouts/application (11.0ms)
I, [2015-02-27T12:36:21.995165 #15256]  INFO -- : Completed 200 OK in 31ms (Views: 23.7ms | ActiveRecord: 1.0ms)
I, [2015-02-27T12:36:46.590471 #15261]  INFO -- : Started GET "/items/5" for 91.201.244.150 at 2015-02-27 12:36:46 +0000
I, [2015-02-27T12:36:46.598332 #15261]  INFO -- : Processing by ItemsController#show as HTML
I, [2015-02-27T12:36:46.598497 #15261]  INFO -- :   Parameters: {"id"=>"5"}
I, [2015-02-27T12:36:46.619343 #15261]  INFO -- :   Rendered items/show.html.erb within layouts/application (11.2ms)
I, [2015-02-27T12:36:46.629394 #15261]  INFO -- : Completed 200 OK in 31ms (Views: 24.1ms | ActiveRecord: 0.7ms)
I, [2015-02-27T12:36:53.521626 #15265]  INFO -- : Started GET "/items" for 91.201.244.150 at 2015-02-27 12:36:53 +0000
I, [2015-02-27T12:36:53.537132 #15265]  INFO -- : Processing by ItemsController#index as HTML
I, [2015-02-27T12:36:53.635946 #15265]  INFO -- :   Rendered items/index.html.erb within layouts/application (84.2ms)
I, [2015-02-27T12:36:53.648511 #15265]  INFO -- : Completed 200 OK in 111ms (Views: 104.3ms | ActiveRecord: 1.5ms)
I, [2015-02-27T12:37:37.724361 #15256]  INFO -- : Started GET "/items" for 91.201.244.150 at 2015-02-27 12:37:37 +0000
I, [2015-02-27T12:37:37.729585 #15256]  INFO -- : Processing by ItemsController#index as HTML
I, [2015-02-27T12:37:37.766134 #15256]  INFO -- :   Rendered items/index.html.erb within layouts/application (32.4ms)
I, [2015-02-27T12:37:37.771969 #15256]  INFO -- : Completed 200 OK in 42ms (Views: 39.9ms | ActiveRecord: 0.6ms)
I, [2015-02-27T12:37:43.818275 #15259]  INFO -- : Started DELETE "/items/7" for 91.201.244.150 at 2015-02-27 12:37:43 +0000
I, [2015-02-27T12:37:43.840185 #15259]  INFO -- : Processing by ItemsController#destroy as HTML
I, [2015-02-27T12:37:43.840452 #15259]  INFO -- :   Parameters: {"authenticity_token"=>"0nNdKWOfpAkoD+6R2tdcuEMMQ8X7kB9xsUDQHWvBhhs=", "id"=>"7"}
I, [2015-02-27T12:37:43.881295 #15259]  INFO -- : Redirected to http://178.62.24.75/items
I, [2015-02-27T12:37:43.882073 #15259]  INFO -- : Completed 302 Found in 41ms (ActiveRecord: 21.7ms)
I, [2015-02-27T12:37:44.067313 #15256]  INFO -- : Started GET "/items" for 91.201.244.150 at 2015-02-27 12:37:44 +0000
I, [2015-02-27T12:37:44.073457 #15256]  INFO -- : Processing by ItemsController#index as HTML
I, [2015-02-27T12:37:44.117666 #15256]  INFO -- :   Rendered items/index.html.erb within layouts/application (38.9ms)
I, [2015-02-27T12:37:44.129781 #15256]  INFO -- : Completed 200 OK in 56ms (Views: 52.8ms | ActiveRecord: 1.4ms)
I, [2015-02-27T12:37:48.223572 #15259]  INFO -- : Started DELETE "/items/5" for 91.201.244.150 at 2015-02-27 12:37:48 +0000
I, [2015-02-27T12:37:48.226323 #15259]  INFO -- : Processing by ItemsController#destroy as HTML
I, [2015-02-27T12:37:48.226426 #15259]  INFO -- :   Parameters: {"authenticity_token"=>"0nNdKWOfpAkoD+6R2tdcuEMMQ8X7kB9xsUDQHWvBhhs=", "id"=>"5"}
I, [2015-02-27T12:37:48.234665 #15259]  INFO -- : Redirected to http://178.62.24.75/items
I, [2015-02-27T12:37:48.235036 #15259]  INFO -- : Completed 302 Found in 8ms (ActiveRecord: 4.6ms)
I, [2015-02-27T12:37:48.453484 #15261]  INFO -- : Started GET "/items" for 91.201.244.150 at 2015-02-27 12:37:48 +0000
I, [2015-02-27T12:37:48.459903 #15261]  INFO -- : Processing by ItemsController#index as HTML
I, [2015-02-27T12:37:48.487674 #15261]  INFO -- :   Rendered items/index.html.erb within layouts/application (22.3ms)
I, [2015-02-27T12:37:48.495471 #15261]  INFO -- : Completed 200 OK in 35ms (Views: 31.8ms | ActiveRecord: 1.0ms)
I, [2015-02-27T12:37:53.357536 #15259]  INFO -- : Started DELETE "/items/8" for 91.201.244.150 at 2015-02-27 12:37:53 +0000
I, [2015-02-27T12:37:53.366400 #15259]  INFO -- : Processing by ItemsController#destroy as HTML
I, [2015-02-27T12:37:53.366554 #15259]  INFO -- :   Parameters: {"authenticity_token"=>"0nNdKWOfpAkoD+6R2tdcuEMMQ8X7kB9xsUDQHWvBhhs=", "id"=>"8"}
I, [2015-02-27T12:37:53.379977 #15259]  INFO -- : [paperclip] deleting /home/rails/public/system/items/i_photos/000/000/008/original/jeff_powell_1314039574_47.png
I, [2015-02-27T12:37:53.381188 #15259]  INFO -- : [paperclip] deleting /home/rails/public/system/items/i_photos/000/000/008/medium/jeff_powell_1314039574_47.png
I, [2015-02-27T12:37:53.381440 #15259]  INFO -- : [paperclip] deleting /home/rails/public/system/items/i_photos/000/000/008/thumb/jeff_powell_1314039574_47.png
I, [2015-02-27T12:37:53.382052 #15259]  INFO -- : Redirected to http://178.62.24.75/items
I, [2015-02-27T12:37:53.382241 #15259]  INFO -- : Completed 302 Found in 15ms (ActiveRecord: 2.7ms)
I, [2015-02-27T12:37:53.509003 #15261]  INFO -- : Started GET "/items" for 91.201.244.150 at 2015-02-27 12:37:53 +0000
I, [2015-02-27T12:37:53.511238 #15261]  INFO -- : Processing by ItemsController#index as HTML
I, [2015-02-27T12:37:53.522818 #15261]  INFO -- :   Rendered items/index.html.erb within layouts/application (9.4ms)
I, [2015-02-27T12:37:53.528021 #15261]  INFO -- : Completed 200 OK in 17ms (Views: 15.2ms | ActiveRecord: 0.6ms)
I, [2015-02-27T12:38:03.388260 #15259]  INFO -- : Started DELETE "/items/6" for 91.201.244.150 at 2015-02-27 12:38:03 +0000
I, [2015-02-27T12:38:03.395525 #15259]  INFO -- : Processing by ItemsController#destroy as HTML
I, [2015-02-27T12:38:03.395668 #15259]  INFO -- :   Parameters: {"authenticity_token"=>"0nNdKWOfpAkoD+6R2tdcuEMMQ8X7kB9xsUDQHWvBhhs=", "id"=>"6"}
I, [2015-02-27T12:38:03.408619 #15259]  INFO -- : Redirected to http://178.62.24.75/items
I, [2015-02-27T12:38:03.409026 #15259]  INFO -- : Completed 302 Found in 13ms (ActiveRecord: 6.7ms)
I, [2015-02-27T12:38:03.677000 #15265]  INFO -- : Started GET "/items" for 91.201.244.150 at 2015-02-27 12:38:03 +0000
I, [2015-02-27T12:38:03.686820 #15265]  INFO -- : Processing by ItemsController#index as HTML
I, [2015-02-27T12:38:03.709680 #15265]  INFO -- :   Rendered items/index.html.erb within layouts/application (15.3ms)
I, [2015-02-27T12:38:03.719651 #15265]  INFO -- : Completed 200 OK in 32ms (Views: 28.2ms | ActiveRecord: 1.0ms)
I, [2015-02-27T12:38:14.274144 #15259]  INFO -- : Started GET "/items" for 91.201.244.150 at 2015-02-27 12:38:14 +0000
I, [2015-02-27T12:38:14.276814 #15259]  INFO -- : Processing by ItemsController#index as HTML
I, [2015-02-27T12:38:14.289817 #15259]  INFO -- :   Rendered items/index.html.erb within layouts/application (8.8ms)
I, [2015-02-27T12:38:14.299487 #15259]  INFO -- : Completed 200 OK in 22ms (Views: 20.8ms | ActiveRecord: 0.6ms)
I, [2015-02-27T12:38:34.426013 #15256]  INFO -- : Started GET "/" for 220.181.108.105 at 2015-02-27 12:38:34 +0000
I, [2015-02-27T12:38:34.432681 #15256]  INFO -- : Processing by HomeController#index as */*
I, [2015-02-27T12:38:34.439389 #15256]  INFO -- :   Rendered home/index.html.erb within layouts/application (0.4ms)
I, [2015-02-27T12:38:34.447221 #15256]  INFO -- : Completed 200 OK in 14ms (Views: 13.3ms | ActiveRecord: 0.0ms)
I, [2015-02-27T12:38:34.890728 #15265]  INFO -- : Started GET "/" for 220.181.108.90 at 2015-02-27 12:38:34 +0000
I, [2015-02-27T12:38:34.896495 #15265]  INFO -- : Processing by HomeController#index as */*
I, [2015-02-27T12:38:34.903828 #15265]  INFO -- :   Rendered home/index.html.erb within layouts/application (1.5ms)
I, [2015-02-27T12:38:34.911509 #15265]  INFO -- : Completed 200 OK in 15ms (Views: 13.2ms | ActiveRecord: 0.0ms)
I, [2015-02-27T12:38:35.611611 #15256]  INFO -- : Started GET "/" for 123.125.71.74 at 2015-02-27 12:38:35 +0000
I, [2015-02-27T12:38:35.615916 #15256]  INFO -- : Processing by HomeController#index as */*
I, [2015-02-27T12:38:35.623030 #15256]  INFO -- :   Rendered home/index.html.erb within layouts/application (0.3ms)
I, [2015-02-27T12:38:35.636634 #15256]  INFO -- : Completed 200 OK in 20ms (Views: 19.7ms | ActiveRecord: 0.0ms)
I, [2015-02-27T12:38:36.358732 #15265]  INFO -- : Started GET "/" for 123.125.71.90 at 2015-02-27 12:38:36 +0000
I, [2015-02-27T12:38:36.361211 #15265]  INFO -- : Processing by HomeController#index as */*
I, [2015-02-27T12:38:36.364976 #15265]  INFO -- :   Rendered home/index.html.erb within layouts/application (0.1ms)
I, [2015-02-27T12:38:36.370933 #15265]  INFO -- : Completed 200 OK in 10ms (Views: 8.6ms | ActiveRecord: 0.0ms)
I, [2015-02-27T12:40:51.543044 #15256]  INFO -- : Started GET "/items/new" for 91.201.244.150 at 2015-02-27 12:40:51 +0000
I, [2015-02-27T12:40:51.553881 #15256]  INFO -- : Processing by ItemsController#new as HTML
I, [2015-02-27T12:40:51.579499 #15256]  INFO -- :   Rendered items/new.html.erb within layouts/application (16.7ms)
I, [2015-02-27T12:40:51.585426 #15256]  INFO -- : Completed 200 OK in 31ms (Views: 26.7ms | ActiveRecord: 0.0ms)
I, [2015-02-27T12:44:01.761935 #15261]  INFO -- : Started GET "/items/new" for 91.201.244.150 at 2015-02-27 12:44:01 +0000
I, [2015-02-27T12:44:01.772977 #15261]  INFO -- : Processing by ItemsController#new as HTML
I, [2015-02-27T12:44:01.797478 #15261]  INFO -- :   Rendered items/new.html.erb within layouts/application (16.4ms)
I, [2015-02-27T12:44:01.803872 #15261]  INFO -- : Completed 200 OK in 30ms (Views: 25.7ms | ActiveRecord: 0.0ms)
I, [2015-02-27T12:46:33.848561 #15265]  INFO -- : Started GET "/items/new" for 91.201.244.150 at 2015-02-27 12:46:33 +0000
I, [2015-02-27T12:46:33.857208 #15265]  INFO -- : Processing by ItemsController#new as HTML
I, [2015-02-27T12:46:33.899476 #15265]  INFO -- :   Rendered items/new.html.erb within layouts/application (35.2ms)
I, [2015-02-27T12:46:33.899741 #15265]  INFO -- : Completed 500 Internal Server Error in 42ms
F, [2015-02-27T12:46:33.901660 #15265] FATAL -- : 
ActionView::Template::Error (undefined method `text_checkbox' for #<ActionView::Helpers::FormBuilder:0x00000002e2eb70>):
    20: </div>
    21: 
    22:   <%= f.label "Видимый" %>:
    23:   <%= f.text_checkbox :real %>
    24:   <div class="form-group"> 
    25:   <%= f.label "Краткое описание" %>:
    26:   <%= f.text_area :short_desc %>
  app/views/items/new.html.erb:23:in `block in _app_views_items_new_html_erb__223939553997345093_24759620'
  app/views/items/new.html.erb:4:in `_app_views_items_new_html_erb__223939553997345093_24759620'


I, [2015-02-27T12:49:01.649162 #15261]  INFO -- : Started GET "/items/new" for 91.201.244.150 at 2015-02-27 12:49:01 +0000
I, [2015-02-27T12:49:01.664493 #15261]  INFO -- : Processing by ItemsController#new as HTML
I, [2015-02-27T12:49:01.697017 #15261]  INFO -- :   Rendered items/new.html.erb within layouts/application (22.5ms)
I, [2015-02-27T12:49:01.704250 #15261]  INFO -- : Completed 200 OK in 39ms (Views: 33.3ms | ActiveRecord: 0.0ms)
I, [2015-02-27T12:50:40.059438 #15256]  INFO -- : Started GET "/items/new" for 91.201.244.150 at 2015-02-27 12:50:40 +0000
I, [2015-02-27T12:50:40.066640 #15256]  INFO -- : Processing by ItemsController#new as HTML
I, [2015-02-27T12:50:40.092648 #15256]  INFO -- :   Rendered items/new.html.erb within layouts/application (19.6ms)
I, [2015-02-27T12:50:40.099013 #15256]  INFO -- : Completed 200 OK in 32ms (Views: 28.7ms | ActiveRecord: 0.0ms)
I, [2015-02-27T12:50:57.207138 #15265]  INFO -- : Started GET "/items/new" for 91.201.244.150 at 2015-02-27 12:50:57 +0000
I, [2015-02-27T12:50:57.215598 #15265]  INFO -- : Processing by ItemsController#new as HTML
I, [2015-02-27T12:50:57.254047 #15265]  INFO -- :   Rendered items/new.html.erb within layouts/application (31.0ms)
I, [2015-02-27T12:50:57.263697 #15265]  INFO -- : Completed 200 OK in 48ms (Views: 43.5ms | ActiveRecord: 0.0ms)
I, [2015-02-27T12:51:12.771264 #15259]  INFO -- : Started GET "/" for 104.131.208.52 at 2015-02-27 12:51:12 +0000
I, [2015-02-27T12:51:12.779299 #15259]  INFO -- : Processing by HomeController#index as HTML
I, [2015-02-27T12:51:12.784285 #15259]  INFO -- :   Rendered home/index.html.erb within layouts/application (0.3ms)
I, [2015-02-27T12:51:12.794259 #15259]  INFO -- : Completed 200 OK in 15ms (Views: 13.4ms | ActiveRecord: 0.0ms)
I, [2015-02-27T12:51:16.264178 #15256]  INFO -- : Started GET "/items" for 104.131.208.52 at 2015-02-27 12:51:16 +0000
I, [2015-02-27T12:51:16.282227 #15256]  INFO -- : Processing by ItemsController#index as HTML
I, [2015-02-27T12:51:16.321282 #15256]  INFO -- :   Rendered items/index.html.erb within layouts/application (27.0ms)
I, [2015-02-27T12:51:16.340394 #15256]  INFO -- : Completed 200 OK in 57ms (Views: 51.6ms | ActiveRecord: 1.5ms)
I, [2015-02-27T12:51:21.317916 #15259]  INFO -- : Started GET "/items/1" for 104.131.208.52 at 2015-02-27 12:51:21 +0000
I, [2015-02-27T12:51:21.324950 #15259]  INFO -- : Processing by ItemsController#show as HTML
I, [2015-02-27T12:51:21.325144 #15259]  INFO -- :   Parameters: {"id"=>"1"}
I, [2015-02-27T12:51:21.340801 #15259]  INFO -- :   Rendered items/show.html.erb within layouts/application (5.6ms)
I, [2015-02-27T12:51:21.352950 #15259]  INFO -- : Completed 200 OK in 28ms (Views: 20.4ms | ActiveRecord: 2.4ms)
I, [2015-02-27T12:51:21.745087 #15256]  INFO -- : Started GET "/items/new" for 91.201.244.150 at 2015-02-27 12:51:21 +0000
I, [2015-02-27T12:51:21.747703 #15256]  INFO -- : Processing by ItemsController#new as HTML
I, [2015-02-27T12:51:21.766147 #15256]  INFO -- :   Rendered items/new.html.erb within layouts/application (15.4ms)
I, [2015-02-27T12:51:21.771960 #15256]  INFO -- : Completed 200 OK in 24ms (Views: 22.8ms | ActiveRecord: 0.0ms)
I, [2015-02-27T12:51:26.462513 #15259]  INFO -- : Started GET "/items/3" for 104.131.208.52 at 2015-02-27 12:51:26 +0000
I, [2015-02-27T12:51:26.468011 #15259]  INFO -- : Processing by ItemsController#show as HTML
I, [2015-02-27T12:51:26.468112 #15259]  INFO -- :   Parameters: {"id"=>"3"}
I, [2015-02-27T12:51:26.473032 #15259]  INFO -- :   Rendered items/show.html.erb within layouts/application (1.3ms)
I, [2015-02-27T12:51:26.480226 #15259]  INFO -- : Completed 200 OK in 12ms (Views: 9.9ms | ActiveRecord: 0.7ms)
I, [2015-02-27T12:51:31.457239 #15256]  INFO -- : Started GET "/items/1/upvote" for 104.131.208.52 at 2015-02-27 12:51:31 +0000
I, [2015-02-27T12:51:31.466254 #15256]  INFO -- : Processing by ItemsController#upvote as HTML
I, [2015-02-27T12:51:31.468234 #15256]  INFO -- :   Parameters: {"id"=>"1"}
I, [2015-02-27T12:51:31.500787 #15256]  INFO -- : Redirected to http://detrix.net/items
I, [2015-02-27T12:51:31.501312 #15256]  INFO -- : Completed 302 Found in 33ms (ActiveRecord: 13.1ms)
I, [2015-02-27T12:51:35.928841 #15265]  INFO -- : Started GET "/items/3/upvote" for 104.131.208.52 at 2015-02-27 12:51:35 +0000
I, [2015-02-27T12:51:35.938140 #15265]  INFO -- : Processing by ItemsController#upvote as HTML
I, [2015-02-27T12:51:35.938314 #15265]  INFO -- :   Parameters: {"id"=>"3"}
I, [2015-02-27T12:51:35.978613 #15265]  INFO -- : Redirected to http://detrix.net/items
I, [2015-02-27T12:51:35.979636 #15265]  INFO -- : Completed 302 Found in 41ms (ActiveRecord: 14.7ms)
I, [2015-02-27T12:57:21.502215 #15261]  INFO -- : Started GET "/" for 66.249.78.93 at 2015-02-27 12:57:21 +0000
I, [2015-02-27T12:57:21.546505 #15261]  INFO -- : Processing by HomeController#index as HTML
I, [2015-02-27T12:57:21.566408 #15261]  INFO -- :   Rendered home/index.html.erb within layouts/application (3.2ms)
I, [2015-02-27T12:57:21.581846 #15261]  INFO -- : Completed 200 OK in 35ms (Views: 28.3ms | ActiveRecord: 0.0ms)
I, [2015-02-27T12:58:47.190753 #15259]  INFO -- : Started GET "/items/new" for 91.201.244.150 at 2015-02-27 12:58:47 +0000
I, [2015-02-27T12:58:47.202593 #15259]  INFO -- : Processing by ItemsController#new as HTML
I, [2015-02-27T12:58:47.297018 #15259]  INFO -- :   Rendered items/new.html.erb within layouts/application (86.5ms)
I, [2015-02-27T12:58:47.310517 #15259]  INFO -- : Completed 200 OK in 108ms (Views: 103.6ms | ActiveRecord: 0.0ms)
I, [2015-02-27T13:03:23.360982 #15265]  INFO -- : Started GET "/" for 91.201.244.150 at 2015-02-27 13:03:23 +0000
I, [2015-02-27T13:03:23.426399 #15265]  INFO -- : Processing by HomeController#index as HTML
I, [2015-02-27T13:03:23.438250 #15265]  INFO -- :   Rendered home/index.html.erb within layouts/application (0.6ms)
I, [2015-02-27T13:03:23.454362 #15265]  INFO -- : Completed 200 OK in 27ms (Views: 23.0ms | ActiveRecord: 0.0ms)
I, [2015-02-27T13:03:26.836753 #15261]  INFO -- : Started GET "/items" for 91.201.244.150 at 2015-02-27 13:03:26 +0000
I, [2015-02-27T13:03:26.851676 #15261]  INFO -- : Processing by ItemsController#index as HTML
I, [2015-02-27T13:03:26.922160 #15261]  INFO -- :   Rendered items/index.html.erb within layouts/application (54.0ms)
I, [2015-02-27T13:03:26.933634 #15261]  INFO -- : Completed 200 OK in 82ms (Views: 44.0ms | ActiveRecord: 32.2ms)
I, [2015-02-27T13:04:09.380311 #15259]  INFO -- : Started GET "/items/new" for 91.201.244.150 at 2015-02-27 13:04:09 +0000
I, [2015-02-27T13:04:09.389362 #15259]  INFO -- : Processing by ItemsController#new as HTML
I, [2015-02-27T13:04:09.415068 #15259]  INFO -- :   Rendered items/new.html.erb within layouts/application (17.4ms)
I, [2015-02-27T13:04:09.420820 #15259]  INFO -- : Completed 200 OK in 31ms (Views: 27.3ms | ActiveRecord: 0.0ms)
I, [2015-02-27T13:04:31.889900 #15256]  INFO -- : Started GET "/" for 91.201.244.150 at 2015-02-27 13:04:31 +0000
I, [2015-02-27T13:04:31.906177 #15256]  INFO -- : Processing by HomeController#index as HTML
I, [2015-02-27T13:04:31.916424 #15256]  INFO -- :   Rendered home/index.html.erb within layouts/application (0.9ms)
I, [2015-02-27T13:04:31.931474 #15256]  INFO -- : Completed 200 OK in 25ms (Views: 21.2ms | ActiveRecord: 0.0ms)
I, [2015-02-27T13:04:35.440833 #15261]  INFO -- : Started GET "/items" for 91.201.244.150 at 2015-02-27 13:04:35 +0000
I, [2015-02-27T13:04:35.463361 #15261]  INFO -- : Processing by ItemsController#index as HTML
I, [2015-02-27T13:04:35.510972 #15261]  INFO -- :   Rendered items/index.html.erb within layouts/application (29.6ms)
I, [2015-02-27T13:04:35.536283 #15261]  INFO -- : Completed 200 OK in 72ms (Views: 61.4ms | ActiveRecord: 2.2ms)
I, [2015-02-27T13:04:51.699005 #15256]  INFO -- : Started POST "/items" for 91.201.244.150 at 2015-02-27 13:04:51 +0000
I, [2015-02-27T13:04:51.710421 #15256]  INFO -- : Processing by ItemsController#create as HTML
I, [2015-02-27T13:04:51.711613 #15256]  INFO -- :   Parameters: {"utf8"=>"✓", "authenticity_token"=>"0nNdKWOfpAkoD+6R2tdcuEMMQ8X7kB9xsUDQHWvBhhs=", "item"=>{"name"=>"BombInside", "price"=>"2550", "weigth"=>"35", "i_photo"=>#<ActionDispatch::Http::UploadedFile:0x00000006521790 @tempfile=#<Tempfile:/tmp/RackMultipart20150227-15256-twu47x>, @original_filename="jeff_powell_1314039574_47.png", @content_type="image/png", @headers="Content-Disposition: form-data; name=\"item[i_photo]\"; filename=\"jeff_powell_1314039574_47.png\"\r\nContent-Type: image/png\r\n">, "real"=>"1", "short_desc"=>"Lorem ipsum dolor sit amet, consectetur adipiscing elit. Phasellus egestas posuere lectus quis iaculis. Nulla vel augue sed diam consectetur suscipit vitae nec odio", "description"=>"Lorem ipsum dolor sit amet, consectetur adipiscing elit. Phasellus egestas posuere lectus quis iaculis. Nulla vel augue sed diam consectetur suscipit vitae nec odio"}, "commit"=>"Создать"}
I, [2015-02-27T13:04:51.731594 #15256]  INFO -- : Command :: file -b --mime '/tmp/1b96d33b22a9c953a85168c89a153b2d20150227-15256-12eqekp.png'
I, [2015-02-27T13:04:51.824386 #15256]  INFO -- : Completed 500 Internal Server Error in 112ms
F, [2015-02-27T13:04:51.827567 #15256] FATAL -- : 
Errno::ENOMEM (Cannot allocate memory - file -b --mime '/tmp/1b96d33b22a9c953a85168c89a153b2d20150227-15256-12eqekp.png'):
  app/controllers/items_controller.rb:49:in `create'


I, [2015-02-27T13:05:01.032785 #15259]  INFO -- : Started GET "/items" for 91.201.244.150 at 2015-02-27 13:05:01 +0000
I, [2015-02-27T13:05:01.057655 #15259]  INFO -- : Processing by ItemsController#index as HTML
I, [2015-02-27T13:05:01.108087 #15259]  INFO -- :   Rendered items/index.html.erb within layouts/application (33.9ms)
I, [2015-02-27T13:05:01.133676 #15259]  INFO -- : Completed 200 OK in 75ms (Views: 65.2ms | ActiveRecord: 2.6ms)
I, [2015-02-27T13:05:08.820308 #15265]  INFO -- : Started GET "/items/new" for 91.201.244.150 at 2015-02-27 13:05:08 +0000
I, [2015-02-27T13:05:08.832492 #15265]  INFO -- : Processing by ItemsController#new as HTML
I, [2015-02-27T13:05:08.857512 #15265]  INFO -- :   Rendered items/new.html.erb within layouts/application (17.0ms)
I, [2015-02-27T13:05:08.863443 #15265]  INFO -- : Completed 200 OK in 31ms (Views: 26.7ms | ActiveRecord: 0.0ms)
I, [2015-02-27T13:06:24.567538 #15259]  INFO -- : Started GET "/items/new" for 91.201.244.150 at 2015-02-27 13:06:24 +0000
I, [2015-02-27T13:06:24.576408 #15259]  INFO -- : Processing by ItemsController#new as HTML
I, [2015-02-27T13:06:24.625157 #15259]  INFO -- :   Rendered items/new.html.erb within layouts/application (41.1ms)
I, [2015-02-27T13:06:24.641580 #15259]  INFO -- : Completed 200 OK in 65ms (Views: 60.4ms | ActiveRecord: 0.0ms)
I, [2015-02-27T13:06:51.251167 #15256]  INFO -- : Started POST "/items" for 91.201.244.150 at 2015-02-27 13:06:51 +0000
I, [2015-02-27T13:06:51.261431 #15256]  INFO -- : Processing by ItemsController#create as HTML
I, [2015-02-27T13:06:51.262049 #15256]  INFO -- :   Parameters: {"utf8"=>"✓", "authenticity_token"=>"0nNdKWOfpAkoD+6R2tdcuEMMQ8X7kB9xsUDQHWvBhhs=", "item"=>{"name"=>"Bomb", "price"=>"2222", "weigth"=>"12", "i_photo"=>#<ActionDispatch::Http::UploadedFile:0x000000025cf600 @tempfile=#<Tempfile:/tmp/RackMultipart20150227-15256-vsocm5>, @original_filename="jeff_powell_1314039574_47.png", @content_type="image/png", @headers="Content-Disposition: form-data; name=\"item[i_photo]\"; filename=\"jeff_powell_1314039574_47.png\"\r\nContent-Type: image/png\r\n">, "real"=>"true", "short_desc"=>"Lorem ipsum dolor sit amet, consectetur adipiscing elit. Phasellus egestas posuere lectus quis iaculis. Nulla vel augue sed diam consectetur suscipit vitae nec odio", "description"=>"Lorem ipsum dolor sit amet, consectetur adipiscing elit. Phasellus egestas posuere lectus quis iaculis. Nulla vel augue sed diam consectetur suscipit vitae nec odioLorem ipsum dolor sit amet, consectetur adipiscing elit. Phasellus egestas posuere lectus quis iaculis. Nulla vel augue sed diam consectetur suscipit vitae nec odioLorem ipsum dolor sit amet, consectetur adipiscing elit. Phasellus egestas posuere lectus quis iaculis. Nulla vel augue sed diam consectetur suscipit vitae nec odio"}, "commit"=>"Создать"}
I, [2015-02-27T13:06:51.278820 #15256]  INFO -- : Command :: file -b --mime '/tmp/1b96d33b22a9c953a85168c89a153b2d20150227-15256-xzsfuq.png'
I, [2015-02-27T13:06:51.354182 #15256]  INFO -- : Completed 500 Internal Server Error in 92ms
F, [2015-02-27T13:06:51.357480 #15256] FATAL -- : 
Errno::ENOMEM (Cannot allocate memory - file -b --mime '/tmp/1b96d33b22a9c953a85168c89a153b2d20150227-15256-xzsfuq.png'):
  app/controllers/items_controller.rb:49:in `create'


I, [2015-02-27T13:16:50.486050 #15261]  INFO -- : Started GET "/oc/au-pair" for 188.165.15.78 at 2015-02-27 13:16:50 +0000
F, [2015-02-27T13:16:50.493611 #15261] FATAL -- : 
ActionController::RoutingError (No route matches [GET] "/oc/au-pair"):
  actionpack (4.0.2) lib/action_dispatch/middleware/debug_exceptions.rb:21:in `call'
  actionpack (4.0.2) lib/action_dispatch/middleware/show_exceptions.rb:30:in `call'
  railties (4.0.2) lib/rails/rack/logger.rb:38:in `call_app'
  railties (4.0.2) lib/rails/rack/logger.rb:20:in `block in call'
  activesupport (4.0.2) lib/active_support/tagged_logging.rb:67:in `block in tagged'
  activesupport (4.0.2) lib/active_support/tagged_logging.rb:25:in `tagged'
  activesupport (4.0.2) lib/active_support/tagged_logging.rb:67:in `tagged'
  railties (4.0.2) lib/rails/rack/logger.rb:20:in `call'
  actionpack (4.0.2) lib/action_dispatch/middleware/request_id.rb:21:in `call'
  rack (1.5.2) lib/rack/methodoverride.rb:21:in `call'
  rack (1.5.2) lib/rack/runtime.rb:17:in `call'
  activesupport (4.0.2) lib/active_support/cache/strategy/local_cache.rb:83:in `call'
  rack (1.5.2) lib/rack/lock.rb:17:in `call'
  rack (1.5.2) lib/rack/sendfile.rb:112:in `call'
  railties (4.0.2) lib/rails/engine.rb:511:in `call'
  railties (4.0.2) lib/rails/application.rb:97:in `call'
  unicorn (4.8.3) lib/unicorn/http_server.rb:576:in `process_client'
  unicorn (4.8.3) lib/unicorn/http_server.rb:670:in `worker_loop'
  unicorn (4.8.3) lib/unicorn/http_server.rb:525:in `spawn_missing_workers'
  unicorn (4.8.3) lib/unicorn/http_server.rb:140:in `start'
  unicorn (4.8.3) bin/unicorn:126:in `<top (required)>'
  /usr/local/rvm/gems/ruby-2.1.3/bin/unicorn:23:in `load'
  /usr/local/rvm/gems/ruby-2.1.3/bin/unicorn:23:in `<main>'
  /usr/local/rvm/gems/ruby-2.0.0-p353/bin/ruby_executable_hooks:15:in `eval'
  /usr/local/rvm/gems/ruby-2.0.0-p353/bin/ruby_executable_hooks:15:in `<main>'


I, [2015-02-27T13:24:41.883214 #15259]  INFO -- : Started GET "/items/new" for 91.201.244.150 at 2015-02-27 13:24:41 +0000
I, [2015-02-27T13:24:41.891302 #15259]  INFO -- : Processing by ItemsController#new as HTML
I, [2015-02-27T13:24:41.915760 #15259]  INFO -- :   Rendered items/new.html.erb within layouts/application (17.3ms)
I, [2015-02-27T13:24:41.926758 #15259]  INFO -- : Completed 200 OK in 35ms (Views: 31.2ms | ActiveRecord: 0.0ms)
I, [2015-02-27T13:25:18.193324 #15265]  INFO -- : Started GET "/items/new" for 91.201.244.150 at 2015-02-27 13:25:18 +0000
I, [2015-02-27T13:25:18.207269 #15265]  INFO -- : Processing by ItemsController#new as HTML
I, [2015-02-27T13:25:18.231369 #15265]  INFO -- :   Rendered items/new.html.erb within layouts/application (17.6ms)
I, [2015-02-27T13:25:18.237475 #15265]  INFO -- : Completed 200 OK in 30ms (Views: 26.6ms | ActiveRecord: 0.0ms)
I, [2015-02-27T13:25:34.914761 #15259]  INFO -- : Started POST "/items" for 91.201.244.150 at 2015-02-27 13:25:34 +0000
I, [2015-02-27T13:25:34.926494 #15259]  INFO -- : Processing by ItemsController#create as HTML
I, [2015-02-27T13:25:34.926794 #15259]  INFO -- :   Parameters: {"utf8"=>"✓", "authenticity_token"=>"0nNdKWOfpAkoD+6R2tdcuEMMQ8X7kB9xsUDQHWvBhhs=", "item"=>{"name"=>"Bomb", "price"=>"123", "weigth"=>"123", "real"=>"1", "short_desc"=>"Lorem ipsum dolor sit amet, consectetur adipiscing elit. Phasellus egestas posuere lectus quis iaculis. Nulla vel augue sed diam consectetur suscipit vitae nec odio", "description"=>"Lorem ipsum dolor sit amet, consectetur adipiscing elit. Phasellus egestas posuere lectus quis iaculis. Nulla vel augue sed diam consectetur suscipit vitae nec odioLorem ipsum dolor sit amet, consectetur adipiscing elit. Phasellus egestas posuere lectus quis iaculis. Nulla vel augue sed diam consectetur suscipit vitae nec odio"}, "commit"=>"Создать"}
I, [2015-02-27T13:25:35.021773 #15259]  INFO -- :   Rendered items/new.html.erb within layouts/application (61.9ms)
I, [2015-02-27T13:25:35.034468 #15259]  INFO -- : Completed 200 OK in 107ms (Views: 83.0ms | ActiveRecord: 3.7ms)
I, [2015-02-27T13:25:45.934602 #15256]  INFO -- : Started POST "/items" for 91.201.244.150 at 2015-02-27 13:25:45 +0000
I, [2015-02-27T13:25:45.942123 #15256]  INFO -- : Processing by ItemsController#create as HTML
I, [2015-02-27T13:25:45.942582 #15256]  INFO -- :   Parameters: {"utf8"=>"✓", "authenticity_token"=>"0nNdKWOfpAkoD+6R2tdcuEMMQ8X7kB9xsUDQHWvBhhs=", "item"=>{"name"=>"Bomb", "price"=>"123", "weigth"=>"123", "i_photo"=>#<ActionDispatch::Http::UploadedFile:0x000000025c76d0 @tempfile=#<Tempfile:/tmp/RackMultipart20150227-15256-bro6lf>, @original_filename="jeff_powell_1314039574_47.png", @content_type="image/png", @headers="Content-Disposition: form-data; name=\"item[i_photo]\"; filename=\"jeff_powell_1314039574_47.png\"\r\nContent-Type: image/png\r\n">, "real"=>"1", "short_desc"=>"Lorem ipsum dolor sit amet, consectetur adipiscing elit. Phasellus egestas posuere lectus quis iaculis. Nulla vel augue sed diam consectetur suscipit vitae nec odio", "description"=>"Lorem ipsum dolor sit amet, consectetur adipiscing elit. Phasellus egestas posuere lectus quis iaculis. Nulla vel augue sed diam consectetur suscipit vitae nec odioLorem ipsum dolor sit amet, consectetur adipiscing elit. Phasellus egestas posuere lectus quis iaculis. Nulla vel augue sed diam consectetur suscipit vitae nec odio"}, "commit"=>"Создать"}
I, [2015-02-27T13:25:45.958393 #15256]  INFO -- : Command :: file -b --mime '/tmp/1b96d33b22a9c953a85168c89a153b2d20150227-15256-1yqtz4j.png'
I, [2015-02-27T13:25:46.053079 #15256]  INFO -- : Completed 500 Internal Server Error in 110ms
F, [2015-02-27T13:25:46.056185 #15256] FATAL -- : 
Errno::ENOMEM (Cannot allocate memory - file -b --mime '/tmp/1b96d33b22a9c953a85168c89a153b2d20150227-15256-1yqtz4j.png'):
  app/controllers/items_controller.rb:49:in `create'


I, [2015-02-27T13:26:36.654536 #15261]  INFO -- : Started POST "/items" for 91.201.244.150 at 2015-02-27 13:26:36 +0000
I, [2015-02-27T13:26:36.665506 #15261]  INFO -- : Processing by ItemsController#create as HTML
I, [2015-02-27T13:26:36.665848 #15261]  INFO -- :   Parameters: {"utf8"=>"✓", "authenticity_token"=>"0nNdKWOfpAkoD+6R2tdcuEMMQ8X7kB9xsUDQHWvBhhs=", "item"=>{"name"=>"Bomb", "price"=>"123", "weigth"=>"123", "real"=>"1", "short_desc"=>"Lorem ipsum dolor sit amet, consectetur adipiscing elit. Phasellus egestas posuere lectus quis iaculis. Nulla vel augue sed diam consectetur suscipit vitae nec odio", "description"=>"Lorem ipsum dolor sit amet, consectetur adipiscing elit. Phasellus egestas posuere lectus quis iaculis. Nulla vel augue sed diam consectetur suscipit vitae nec odioLorem ipsum dolor sit amet, consectetur adipiscing elit. Phasellus egestas posuere lectus quis iaculis. Nulla vel augue sed diam consectetur suscipit vitae nec odio"}, "commit"=>"Создать"}
I, [2015-02-27T13:26:36.739097 #15261]  INFO -- :   Rendered items/new.html.erb within layouts/application (55.2ms)
I, [2015-02-27T13:26:36.739485 #15261]  INFO -- : Completed 500 Internal Server Error in 73ms
F, [2015-02-27T13:26:36.742803 #15261] FATAL -- : 
ActionView::Template::Error (undefined method `merge' for 1:Fixnum):
    20: </div> <br> 
    21: 
    22:   <%= f.label "Видимый" %>:
    23:   <%= f.check_box :real, 1, 0 %>
    24:   <div class="form-group"> 
    25:   <%= f.label "Краткое описание" %>:
    26:   <%= f.text_area :short_desc, :class => "form-control"  %>
  app/views/items/new.html.erb:23:in `block in _app_views_items_new_html_erb__223939553997345093_55918340'
  app/views/items/new.html.erb:4:in `_app_views_items_new_html_erb__223939553997345093_55918340'
  app/controllers/items_controller.rb:53:in `create'


I, [2015-02-27T13:26:42.215484 #15259]  INFO -- : Started GET "/items/new" for 91.201.244.150 at 2015-02-27 13:26:42 +0000
I, [2015-02-27T13:26:42.226420 #15259]  INFO -- : Processing by ItemsController#new as HTML
I, [2015-02-27T13:26:42.256878 #15259]  INFO -- :   Rendered items/new.html.erb within layouts/application (20.1ms)
I, [2015-02-27T13:26:42.257323 #15259]  INFO -- : Completed 500 Internal Server Error in 30ms
F, [2015-02-27T13:26:42.259806 #15259] FATAL -- : 
ActionView::Template::Error (undefined method `merge' for 1:Fixnum):
    20: </div> <br> 
    21: 
    22:   <%= f.label "Видимый" %>:
    23:   <%= f.check_box :real, 1, 0 %>
    24:   <div class="form-group"> 
    25:   <%= f.label "Краткое описание" %>:
    26:   <%= f.text_area :short_desc, :class => "form-control"  %>
  app/views/items/new.html.erb:23:in `block in _app_views_items_new_html_erb__223939553997345093_50440460'
  app/views/items/new.html.erb:4:in `_app_views_items_new_html_erb__223939553997345093_50440460'


I, [2015-02-27T13:27:46.772125 #15265]  INFO -- : Started GET "/items/new" for 91.201.244.150 at 2015-02-27 13:27:46 +0000
I, [2015-02-27T13:27:46.782682 #15265]  INFO -- : Processing by ItemsController#new as HTML
I, [2015-02-27T13:27:46.814322 #15265]  INFO -- :   Rendered items/new.html.erb within layouts/application (22.7ms)
I, [2015-02-27T13:27:46.824136 #15265]  INFO -- : Completed 200 OK in 41ms (Views: 36.5ms | ActiveRecord: 0.0ms)
I, [2015-02-27T13:28:11.107374 #15256]  INFO -- : Started POST "/items" for 91.201.244.150 at 2015-02-27 13:28:11 +0000
I, [2015-02-27T13:28:11.131812 #15256]  INFO -- : Processing by ItemsController#create as HTML
I, [2015-02-27T13:28:11.132856 #15256]  INFO -- :   Parameters: {"utf8"=>"✓", "authenticity_token"=>"0nNdKWOfpAkoD+6R2tdcuEMMQ8X7kB9xsUDQHWvBhhs=", "item"=>{"name"=>"BombInside", "price"=>"12323", "weigth"=>"123", "i_photo"=>#<ActionDispatch::Http::UploadedFile:0x00000002575c40 @tempfile=#<Tempfile:/tmp/RackMultipart20150227-15256-1d3miwl>, @original_filename="jeff_powell_1314039574_47.png", @content_type="image/png", @headers="Content-Disposition: form-data; name=\"item[i_photo]\"; filename=\"jeff_powell_1314039574_47.png\"\r\nContent-Type: image/png\r\n">, "real"=>"1", "short_desc"=>"Lorem ipsum dolor sit amet, consectetur adipiscing elit. Phasellus egestas posuere lectus quis iaculis. Nulla vel augue sed diam consectetur suscipit vitae nec odio", "description"=>"Lorem ipsum dolor sit amet, consectetur adipiscing elit. Phasellus egestas posuere lectus quis iaculis. Nulla vel augue sed diam consectetur suscipit vitae nec odioLorem ipsum dolor sit amet, consectetur adipiscing elit. Phasellus egestas posuere lectus quis iaculis. Nulla vel augue sed diam consectetur suscipit vitae nec odio"}, "commit"=>"Создать"}
I, [2015-02-27T13:28:11.152501 #15256]  INFO -- : Command :: file -b --mime '/tmp/1b96d33b22a9c953a85168c89a153b2d20150227-15256-13fnj9q.png'
I, [2015-02-27T13:28:11.238859 #15256]  INFO -- : Completed 500 Internal Server Error in 106ms
F, [2015-02-27T13:28:11.241687 #15256] FATAL -- : 
Errno::ENOMEM (Cannot allocate memory - file -b --mime '/tmp/1b96d33b22a9c953a85168c89a153b2d20150227-15256-13fnj9q.png'):
  app/controllers/items_controller.rb:49:in `create'


I, [2015-02-27T13:28:35.669694 #15261]  INFO -- : Started GET "/items/new" for 91.201.244.150 at 2015-02-27 13:28:35 +0000
I, [2015-02-27T13:28:35.687287 #15261]  INFO -- : Processing by ItemsController#new as HTML
I, [2015-02-27T13:28:35.760337 #15261]  INFO -- :   Rendered items/new.html.erb within layouts/application (57.5ms)
I, [2015-02-27T13:28:35.790348 #15261]  INFO -- : Completed 200 OK in 103ms (Views: 94.0ms | ActiveRecord: 0.0ms)
I, [2015-02-27T13:28:56.662499 #15259]  INFO -- : Started POST "/items" for 91.201.244.150 at 2015-02-27 13:28:56 +0000
I, [2015-02-27T13:28:56.677274 #15259]  INFO -- : Processing by ItemsController#create as HTML
I, [2015-02-27T13:28:56.677944 #15259]  INFO -- :   Parameters: {"utf8"=>"✓", "authenticity_token"=>"0nNdKWOfpAkoD+6R2tdcuEMMQ8X7kB9xsUDQHWvBhhs=", "item"=>{"name"=>"Bomb", "price"=>"123", "weigth"=>"11", "i_photo"=>#<ActionDispatch::Http::UploadedFile:0x00000006149d20 @tempfile=#<Tempfile:/tmp/RackMultipart20150227-15259-1buvsoj>, @original_filename="jeff_powell_1314039574_47.png", @content_type="image/png", @headers="Content-Disposition: form-data; name=\"item[i_photo]\"; filename=\"jeff_powell_1314039574_47.png\"\r\nContent-Type: image/png\r\n">, "real"=>"1", "short_desc"=>"Lorem ipsum dolor sit amet, consectetur adipiscing elit. Phasellus egestas posuere lectus quis iaculis. Nulla vel augue sed diam consectetur suscipit vitae nec odio", "description"=>"Lorem ipsum dolor sit amet, consectetur adipiscing elit. Phasellus egestas posuere lectus quis iaculis. Nulla vel augue sed diam consectetur suscipit vitae nec odioLorem ipsum dolor sit amet, consectetur adipiscing elit. Phasellus egestas posuere lectus quis iaculis. Nulla vel augue sed diam consectetur suscipit vitae nec odio"}, "commit"=>"Создать"}
I, [2015-02-27T13:28:56.709639 #15259]  INFO -- : Command :: file -b --mime '/tmp/1b96d33b22a9c953a85168c89a153b2d20150227-15259-1qvzll5.png'
I, [2015-02-27T13:28:56.851283 #15259]  INFO -- : Completed 500 Internal Server Error in 173ms
F, [2015-02-27T13:28:56.854701 #15259] FATAL -- : 
Errno::ENOMEM (Cannot allocate memory - file -b --mime '/tmp/1b96d33b22a9c953a85168c89a153b2d20150227-15259-1qvzll5.png'):
  app/controllers/items_controller.rb:49:in `create'


I, [2015-02-27T13:29:58.585194 #15265]  INFO -- : Started GET "/" for 220.181.108.142 at 2015-02-27 13:29:58 +0000
I, [2015-02-27T13:29:58.601679 #15265]  INFO -- : Processing by HomeController#index as */*
I, [2015-02-27T13:29:58.616407 #15265]  INFO -- :   Rendered home/index.html.erb within layouts/application (0.9ms)
I, [2015-02-27T13:29:58.640209 #15265]  INFO -- : Completed 200 OK in 38ms (Views: 35.9ms | ActiveRecord: 0.0ms)
I, [2015-02-27T13:29:59.066393 #15259]  INFO -- : Started GET "/" for 220.181.108.162 at 2015-02-27 13:29:59 +0000
I, [2015-02-27T13:29:59.078454 #15259]  INFO -- : Processing by HomeController#index as */*
I, [2015-02-27T13:29:59.090708 #15259]  INFO -- :   Rendered home/index.html.erb within layouts/application (0.7ms)
I, [2015-02-27T13:29:59.106540 #15259]  INFO -- : Completed 200 OK in 28ms (Views: 24.7ms | ActiveRecord: 0.0ms)
I, [2015-02-27T13:29:59.803732 #15265]  INFO -- : Started GET "/" for 123.125.71.79 at 2015-02-27 13:29:59 +0000
I, [2015-02-27T13:29:59.805908 #15265]  INFO -- : Processing by HomeController#index as */*
I, [2015-02-27T13:29:59.809156 #15265]  INFO -- :   Rendered home/index.html.erb within layouts/application (0.2ms)
I, [2015-02-27T13:29:59.814395 #15265]  INFO -- : Completed 200 OK in 8ms (Views: 8.0ms | ActiveRecord: 0.0ms)
I, [2015-02-27T13:30:00.478403 #15259]  INFO -- : Started GET "/" for 123.125.71.82 at 2015-02-27 13:30:00 +0000
I, [2015-02-27T13:30:00.483523 #15259]  INFO -- : Processing by HomeController#index as */*
I, [2015-02-27T13:30:00.492381 #15259]  INFO -- :   Rendered home/index.html.erb within layouts/application (0.3ms)
I, [2015-02-27T13:30:00.506554 #15259]  INFO -- : Completed 200 OK in 23ms (Views: 21.1ms | ActiveRecord: 0.0ms)
I, [2015-02-27T13:31:20.144655 #16510]  INFO -- : Started GET "/items" for 91.201.244.150 at 2015-02-27 13:31:20 +0000
I, [2015-02-27T13:31:20.182722 #16510]  INFO -- : Processing by ItemsController#index as HTML
I, [2015-02-27T13:31:20.311517 #16510]  INFO -- :   Rendered items/index.html.erb within layouts/application (99.1ms)
I, [2015-02-27T13:31:20.321690 #16510]  INFO -- : Completed 200 OK in 139ms (Views: 95.9ms | ActiveRecord: 15.6ms)
I, [2015-02-27T13:31:25.996853 #16504]  INFO -- : Started GET "/items/new" for 91.201.244.150 at 2015-02-27 13:31:25 +0000
I, [2015-02-27T13:31:26.025675 #16504]  INFO -- : Processing by ItemsController#new as HTML
I, [2015-02-27T13:31:26.248602 #16504]  INFO -- :   Rendered items/new.html.erb within layouts/application (105.6ms)
I, [2015-02-27T13:31:26.266617 #16504]  INFO -- : Completed 200 OK in 240ms (Views: 126.3ms | ActiveRecord: 5.8ms)
I, [2015-02-27T13:31:45.757857 #16510]  INFO -- : Started POST "/items" for 91.201.244.150 at 2015-02-27 13:31:45 +0000
I, [2015-02-27T13:31:45.772997 #16510]  INFO -- : Processing by ItemsController#create as HTML
I, [2015-02-27T13:31:45.773441 #16510]  INFO -- :   Parameters: {"utf8"=>"✓", "authenticity_token"=>"0nNdKWOfpAkoD+6R2tdcuEMMQ8X7kB9xsUDQHWvBhhs=", "item"=>{"name"=>"Bomb", "price"=>"22", "weigth"=>"2", "i_photo"=>#<ActionDispatch::Http::UploadedFile:0x000000043b9ad0 @tempfile=#<Tempfile:/tmp/RackMultipart20150227-16510-6g60ex>, @original_filename="jeff_powell_1314039574_47.png", @content_type="image/png", @headers="Content-Disposition: form-data; name=\"item[i_photo]\"; filename=\"jeff_powell_1314039574_47.png\"\r\nContent-Type: image/png\r\n">, "real"=>"1", "short_desc"=>"Lorem ipsum dolor sit amet, consectetur adipiscing elit. Phasellus egestas posuere lectus quis iaculis. Nulla vel augue sed diam consectetur suscipit vitae nec odio", "description"=>"Lorem ipsum dolor sit amet, consectetur adipiscing elit. Phasellus egestas posuere lectus quis iaculis. Nulla vel augue sed diam consectetur suscipit vitae nec odioLorem ipsum dolor sit amet, consectetur adipiscing elit. Phasellus egestas posuere lectus quis iaculis. Nulla vel augue sed diam consectetur suscipit vitae nec odio"}, "commit"=>"Создать"}
I, [2015-02-27T13:31:45.791312 #16510]  INFO -- : Command :: file -b --mime '/tmp/1b96d33b22a9c953a85168c89a153b2d20150227-16510-7bdrwg.png'
I, [2015-02-27T13:31:45.808892 #16510]  INFO -- : Command :: identify -format '%wx%h,%[exif:orientation]' '/tmp/1b96d33b22a9c953a85168c89a153b2d20150227-16510-1d3upq7.png[0]' 2>/dev/null
I, [2015-02-27T13:31:45.949826 #16510]  INFO -- : Command :: identify -format %m '/tmp/1b96d33b22a9c953a85168c89a153b2d20150227-16510-1d3upq7.png[0]'
I, [2015-02-27T13:31:45.960895 #16510]  INFO -- : Command :: convert '/tmp/1b96d33b22a9c953a85168c89a153b2d20150227-16510-1d3upq7.png[0]' -auto-orient -resize "300x300>" '/tmp/1b96d33b22a9c953a85168c89a153b2d20150227-16510-1d3upq720150227-16510-eo80cz'
I, [2015-02-27T13:31:46.238123 #16510]  INFO -- : Command :: file -b --mime '/tmp/1b96d33b22a9c953a85168c89a153b2d20150227-16510-1d3upq720150227-16510-eo80cz'
I, [2015-02-27T13:31:46.245111 #16510]  INFO -- : Command :: identify -format '%wx%h,%[exif:orientation]' '/tmp/1b96d33b22a9c953a85168c89a153b2d20150227-16510-1d3upq7.png[0]' 2>/dev/null
I, [2015-02-27T13:31:46.305078 #16510]  INFO -- : Command :: identify -format %m '/tmp/1b96d33b22a9c953a85168c89a153b2d20150227-16510-1d3upq7.png[0]'
I, [2015-02-27T13:31:46.315074 #16510]  INFO -- : Command :: convert '/tmp/1b96d33b22a9c953a85168c89a153b2d20150227-16510-1d3upq7.png[0]' -auto-orient -resize "100x100>" '/tmp/1b96d33b22a9c953a85168c89a153b2d20150227-16510-1d3upq720150227-16510-1mjopkv'
I, [2015-02-27T13:31:46.534038 #16510]  INFO -- : Command :: file -b --mime '/tmp/1b96d33b22a9c953a85168c89a153b2d20150227-16510-1d3upq720150227-16510-1mjopkv'
I, [2015-02-27T13:31:46.546058 #16510]  INFO -- : Command :: file -b --mime '/tmp/1b96d33b22a9c953a85168c89a153b2d20150227-16510-vx4nsz.png'
I, [2015-02-27T13:31:46.584147 #16510]  INFO -- : Redirected to http://178.62.24.75/items
I, [2015-02-27T13:31:46.584601 #16510]  INFO -- : Completed 302 Found in 811ms (ActiveRecord: 13.0ms)
I, [2015-02-27T13:31:46.658518 #16504]  INFO -- : Started GET "/items" for 91.201.244.150 at 2015-02-27 13:31:46 +0000
I, [2015-02-27T13:31:46.667156 #16504]  INFO -- : Processing by ItemsController#index as HTML
I, [2015-02-27T13:31:46.685764 #16504]  INFO -- :   Rendered items/index.html.erb within layouts/application (13.8ms)
I, [2015-02-27T13:31:46.692787 #16504]  INFO -- : Completed 200 OK in 25ms (Views: 22.2ms | ActiveRecord: 1.0ms)
I, [2015-02-27T13:32:37.748605 #16584]  INFO -- : Started GET "/items/new" for 91.201.244.150 at 2015-02-27 13:32:37 +0000
I, [2015-02-27T13:32:37.792965 #16584]  INFO -- : Processing by ItemsController#new as HTML
I, [2015-02-27T13:32:38.078065 #16584]  INFO -- :   Rendered items/new.html.erb within layouts/application (110.3ms)
I, [2015-02-27T13:32:38.094616 #16584]  INFO -- : Completed 200 OK in 301ms (Views: 131.7ms | ActiveRecord: 9.9ms)
I, [2015-02-27T13:32:57.349639 #16590]  INFO -- : Started POST "/items" for 91.201.244.150 at 2015-02-27 13:32:57 +0000
I, [2015-02-27T13:32:57.362837 #16590]  INFO -- : Processing by ItemsController#create as HTML
I, [2015-02-27T13:32:57.363146 #16590]  INFO -- :   Parameters: {"utf8"=>"✓", "authenticity_token"=>"0nNdKWOfpAkoD+6R2tdcuEMMQ8X7kB9xsUDQHWvBhhs=", "item"=>{"name"=>"BombInside", "price"=>"333", "weigth"=>"22", "i_photo"=>#<ActionDispatch::Http::UploadedFile:0x00000002c29960 @tempfile=#<Tempfile:/tmp/RackMultipart20150227-16590-mgok40>, @original_filename="jeff_powell_1314039574_47.png", @content_type="image/png", @headers="Content-Disposition: form-data; name=\"item[i_photo]\"; filename=\"jeff_powell_1314039574_47.png\"\r\nContent-Type: image/png\r\n">, "real"=>"1", "short_desc"=>"Lorem ipsum dolor sit amet, consectetur adipiscing elit. Phasellus egestas posuere lectus quis iaculis. Nulla vel augue sed diam consectetur suscipit vitae nec odio", "description"=>"Lorem ipsum dolor sit amet, consectetur adipiscing elit. Phasellus egestas posuere lectus quis iaculis. Nulla vel augue sed diam consectetur suscipit vitae nec odioLorem ipsum dolor sit amet, consectetur adipiscing elit. Phasellus egestas posuere lectus quis iaculis. Nulla vel augue sed diam consectetur suscipit vitae nec odioLorem ipsum dolor sit amet, consectetur adipiscing elit. Phasellus egestas posuere lectus quis iaculis. Nulla vel augue sed diam consectetur suscipit vitae nec odio"}, "commit"=>"Создать"}
I, [2015-02-27T13:32:57.427656 #16590]  INFO -- : Command :: file -b --mime '/tmp/1b96d33b22a9c953a85168c89a153b2d20150227-16590-u5qxec.png'
I, [2015-02-27T13:32:57.434823 #16590]  INFO -- : Command :: identify -format '%wx%h,%[exif:orientation]' '/tmp/1b96d33b22a9c953a85168c89a153b2d20150227-16590-kvnxmo.png[0]' 2>/dev/null
I, [2015-02-27T13:32:57.518816 #16590]  INFO -- : Command :: identify -format %m '/tmp/1b96d33b22a9c953a85168c89a153b2d20150227-16590-kvnxmo.png[0]'
I, [2015-02-27T13:32:57.533409 #16590]  INFO -- : Command :: convert '/tmp/1b96d33b22a9c953a85168c89a153b2d20150227-16590-kvnxmo.png[0]' -auto-orient -resize "300x300>" '/tmp/1b96d33b22a9c953a85168c89a153b2d20150227-16590-kvnxmo20150227-16590-1v6d2ek'
I, [2015-02-27T13:32:57.956663 #16590]  INFO -- : Command :: file -b --mime '/tmp/1b96d33b22a9c953a85168c89a153b2d20150227-16590-kvnxmo20150227-16590-1v6d2ek'
I, [2015-02-27T13:32:57.963191 #16590]  INFO -- : Command :: identify -format '%wx%h,%[exif:orientation]' '/tmp/1b96d33b22a9c953a85168c89a153b2d20150227-16590-kvnxmo.png[0]' 2>/dev/null
I, [2015-02-27T13:32:58.017944 #16590]  INFO -- : Command :: identify -format %m '/tmp/1b96d33b22a9c953a85168c89a153b2d20150227-16590-kvnxmo.png[0]'
I, [2015-02-27T13:32:58.027514 #16590]  INFO -- : Command :: convert '/tmp/1b96d33b22a9c953a85168c89a153b2d20150227-16590-kvnxmo.png[0]' -auto-orient -resize "100x100>" '/tmp/1b96d33b22a9c953a85168c89a153b2d20150227-16590-kvnxmo20150227-16590-10263gv'
I, [2015-02-27T13:32:58.244088 #16590]  INFO -- : Command :: file -b --mime '/tmp/1b96d33b22a9c953a85168c89a153b2d20150227-16590-kvnxmo20150227-16590-10263gv'
I, [2015-02-27T13:32:58.253345 #16590]  INFO -- : Command :: file -b --mime '/tmp/1b96d33b22a9c953a85168c89a153b2d20150227-16590-1hb5fup.png'
I, [2015-02-27T13:32:58.278491 #16590]  INFO -- : Redirected to http://178.62.24.75/items
I, [2015-02-27T13:32:58.279161 #16590]  INFO -- : Completed 302 Found in 916ms (ActiveRecord: 36.5ms)
I, [2015-02-27T13:32:58.362321 #16584]  INFO -- : Started GET "/items" for 91.201.244.150 at 2015-02-27 13:32:58 +0000
I, [2015-02-27T13:32:58.365212 #16584]  INFO -- : Processing by ItemsController#index as HTML
I, [2015-02-27T13:32:58.374605 #16584]  INFO -- :   Rendered items/index.html.erb within layouts/application (7.4ms)
I, [2015-02-27T13:32:58.379539 #16584]  INFO -- : Completed 200 OK in 14ms (Views: 12.9ms | ActiveRecord: 0.5ms)
I, [2015-02-27T13:33:12.383107 #16590]  INFO -- : Started GET "/items/10" for 91.201.244.150 at 2015-02-27 13:33:12 +0000
I, [2015-02-27T13:33:12.403550 #16590]  INFO -- : Processing by ItemsController#show as HTML
I, [2015-02-27T13:33:12.403901 #16590]  INFO -- :   Parameters: {"id"=>"10"}
I, [2015-02-27T13:33:12.461214 #16590]  INFO -- :   Rendered items/show.html.erb within layouts/application (21.7ms)
I, [2015-02-27T13:33:12.473684 #16590]  INFO -- : Completed 200 OK in 70ms (Views: 48.8ms | ActiveRecord: 3.4ms)
I, [2015-02-27T13:39:28.903891 #16593]  INFO -- : Started GET "/" for 91.201.244.150 at 2015-02-27 13:39:28 +0000
I, [2015-02-27T13:39:28.936258 #16593]  INFO -- : Processing by HomeController#index as HTML
I, [2015-02-27T13:39:28.952193 #16593]  INFO -- :   Rendered home/index.html.erb within layouts/application (2.0ms)
I, [2015-02-27T13:39:29.010406 #16593]  INFO -- : Completed 200 OK in 74ms (Views: 64.2ms | ActiveRecord: 0.0ms)
I, [2015-02-27T13:42:56.700535 #16584]  INFO -- : Started GET "/" for 91.201.244.150 at 2015-02-27 13:42:56 +0000
F, [2015-02-27T13:42:56.767917 #16584] FATAL -- : 
ActionController::RoutingError (undefined local variable or method `request' for ApplicationController:Class):
  app/controllers/application_controller.rb:5:in `<class:ApplicationController>'
  app/controllers/application_controller.rb:1:in `<top (required)>'
  app/controllers/home_controller.rb:1:in `<top (required)>'


I, [2015-02-27T13:43:02.297111 #16590]  INFO -- : Started GET "/" for 91.201.244.150 at 2015-02-27 13:43:02 +0000
F, [2015-02-27T13:43:02.342782 #16590] FATAL -- : 
ActionController::RoutingError (undefined local variable or method `request' for ApplicationController:Class):
  app/controllers/application_controller.rb:5:in `<class:ApplicationController>'
  app/controllers/application_controller.rb:1:in `<top (required)>'
  app/controllers/home_controller.rb:1:in `<top (required)>'


I, [2015-02-27T13:43:11.602456 #16593]  INFO -- : Started GET "/" for 91.201.244.150 at 2015-02-27 13:43:11 +0000
F, [2015-02-27T13:43:11.637392 #16593] FATAL -- : 
ActionController::RoutingError (undefined local variable or method `request' for ApplicationController:Class):
  app/controllers/application_controller.rb:5:in `<class:ApplicationController>'
  app/controllers/application_controller.rb:1:in `<top (required)>'
