I, [2015-02-25T15:00:12.623192 #8217]  INFO -- : Processing by ItemsController#index as HTML
I, [2015-02-25T15:00:12.632147 #8217]  INFO -- :   Rendered items/index.html.erb within layouts/application (5.2ms)
I, [2015-02-25T15:00:12.633719 #8217]  INFO -- : Completed 200 OK in 10ms (Views: 7.7ms | ActiveRecord: 1.2ms)
I, [2015-02-25T15:00:16.493342 #8214]  INFO -- : Started GET "/items" for 91.201.244.150 at 2015-02-25 15:00:16 +0000
I, [2015-02-25T15:00:16.499504 #8214]  INFO -- : Processing by ItemsController#index as HTML
I, [2015-02-25T15:00:16.506003 #8214]  INFO -- :   Rendered items/index.html.erb within layouts/application (3.4ms)
I, [2015-02-25T15:00:16.507147 #8214]  INFO -- : Completed 200 OK in 7ms (Views: 5.4ms | ActiveRecord: 0.6ms)
I, [2015-02-25T15:00:25.843955 #8217]  INFO -- : Started GET "/items" for 91.201.244.150 at 2015-02-25 15:00:25 +0000
I, [2015-02-25T15:00:25.847127 #8217]  INFO -- : Processing by ItemsController#index as HTML
I, [2015-02-25T15:00:25.852669 #8217]  INFO -- :   Rendered items/index.html.erb within layouts/application (2.1ms)
I, [2015-02-25T15:00:25.853880 #8217]  INFO -- : Completed 200 OK in 7ms (Views: 5.0ms | ActiveRecord: 0.5ms)
I, [2015-02-25T15:00:59.682783 #8212]  INFO -- : Started GET "/items" for 91.201.244.150 at 2015-02-25 15:00:59 +0000
I, [2015-02-25T15:00:59.692843 #8212]  INFO -- : Processing by ItemsController#index as HTML
I, [2015-02-25T15:00:59.711989 #8212]  INFO -- :   Rendered items/index.html.erb within layouts/application (5.6ms)
I, [2015-02-25T15:00:59.714432 #8212]  INFO -- : Completed 200 OK in 21ms (Views: 10.1ms | ActiveRecord: 1.1ms)
I, [2015-02-25T15:01:03.183336 #8217]  INFO -- : Started GET "/items" for 91.201.244.150 at 2015-02-25 15:01:03 +0000
I, [2015-02-25T15:01:03.200066 #8217]  INFO -- : Processing by ItemsController#index as HTML
I, [2015-02-25T15:01:03.218692 #8217]  INFO -- :   Rendered items/index.html.erb within layouts/application (7.8ms)
I, [2015-02-25T15:01:03.223286 #8217]  INFO -- : Completed 200 OK in 23ms (Views: 17.3ms | ActiveRecord: 0.8ms)
I, [2015-02-25T15:01:23.737865 #8683]  INFO -- : Started GET "/items" for 91.201.244.150 at 2015-02-25 15:01:23 +0000
I, [2015-02-25T15:01:23.756216 #8683]  INFO -- : Processing by ItemsController#index as HTML
I, [2015-02-25T15:01:23.768412 #8683]  INFO -- :   Rendered items/index.html.erb within layouts/application (1.9ms)
I, [2015-02-25T15:01:23.769701 #8683]  INFO -- : Completed 200 OK in 13ms (Views: 4.3ms | ActiveRecord: 0.4ms)
I, [2015-02-25T15:01:27.335467 #8674]  INFO -- : Started GET "/items" for 91.201.244.150 at 2015-02-25 15:01:27 +0000
I, [2015-02-25T15:01:27.352616 #8674]  INFO -- : Processing by ItemsController#index as HTML
I, [2015-02-25T15:01:27.364752 #8674]  INFO -- :   Rendered items/index.html.erb within layouts/application (1.9ms)
I, [2015-02-25T15:01:27.366000 #8674]  INFO -- : Completed 200 OK in 13ms (Views: 4.3ms | ActiveRecord: 0.4ms)
I, [2015-02-25T15:03:28.423503 #8677]  INFO -- : Started GET "/items" for 91.201.244.150 at 2015-02-25 15:03:28 +0000
I, [2015-02-25T15:03:28.455433 #8677]  INFO -- : Processing by ItemsController#index as HTML
I, [2015-02-25T15:03:28.482249 #8677]  INFO -- :   Rendered items/index.html.erb within layouts/application (16.2ms)
I, [2015-02-25T15:03:28.483914 #8677]  INFO -- : Completed 200 OK in 28ms (Views: 17.3ms | ActiveRecord: 2.5ms)
I, [2015-02-25T15:04:00.222680 #8680]  INFO -- : Started GET "/items" for 91.201.244.150 at 2015-02-25 15:04:00 +0000
I, [2015-02-25T15:04:00.277965 #8680]  INFO -- : Processing by ItemsController#index as HTML
I, [2015-02-25T15:04:00.307995 #8680]  INFO -- :   Rendered items/index.html.erb within layouts/application (18.2ms)
I, [2015-02-25T15:04:00.309799 #8680]  INFO -- : Completed 200 OK in 32ms (Views: 19.4ms | ActiveRecord: 2.7ms)
I, [2015-02-25T15:05:21.673720 #8683]  INFO -- : Started GET "/items" for 91.201.244.150 at 2015-02-25 15:05:21 +0000
I, [2015-02-25T15:05:21.691711 #8683]  INFO -- : Processing by ItemsController#index as HTML
I, [2015-02-25T15:05:21.752670 #8683]  INFO -- :   Rendered items/index.html.erb within layouts/application (51.3ms)
I, [2015-02-25T15:05:21.755921 #8683]  INFO -- : Completed 200 OK in 64ms (Views: 53.8ms | ActiveRecord: 5.9ms)
I, [2015-02-25T15:09:46.939974 #8674]  INFO -- : Started GET "/items" for 91.201.244.150 at 2015-02-25 15:09:46 +0000
I, [2015-02-25T15:09:46.948311 #8674]  INFO -- : Processing by ItemsController#index as HTML
I, [2015-02-25T15:09:46.985907 #8674]  INFO -- :   Rendered items/index.html.erb within layouts/application (33.4ms)
I, [2015-02-25T15:09:46.988777 #8674]  INFO -- : Completed 200 OK in 40ms (Views: 34.7ms | ActiveRecord: 3.8ms)
I, [2015-02-25T15:09:57.877183 #8680]  INFO -- : Started GET "/" for 91.201.244.150 at 2015-02-25 15:09:57 +0000
I, [2015-02-25T15:09:57.887743 #8680]  INFO -- : Processing by HomeController#index as HTML
I, [2015-02-25T15:09:57.893619 #8680]  INFO -- :   Rendered home/index.html.erb within layouts/application (1.0ms)
I, [2015-02-25T15:09:57.895343 #8680]  INFO -- : Completed 200 OK in 7ms (Views: 5.4ms | ActiveRecord: 0.0ms)
I, [2015-02-25T15:09:58.657607 #8683]  INFO -- : Started GET "/assets/rails.png" for 91.201.244.150 at 2015-02-25 15:09:58 +0000
I, [2015-02-25T15:10:03.476619 #8680]  INFO -- : Started HEAD "/assets/rails.png" for 91.201.244.150 at 2015-02-25 15:10:03 +0000
I, [2015-02-25T15:10:03.965759 #8677]  INFO -- : Started HEAD "/assets/rails.png" for 91.201.244.150 at 2015-02-25 15:10:03 +0000
I, [2015-02-25T15:10:09.800897 #8680]  INFO -- : Started GET "/items/new" for 91.201.244.150 at 2015-02-25 15:10:09 +0000
I, [2015-02-25T15:10:09.804476 #8680]  INFO -- : Processing by ItemsController#new as HTML
I, [2015-02-25T15:10:09.807638 #8680]  INFO -- :   Rendered items/new.html.erb within layouts/application (0.7ms)
I, [2015-02-25T15:10:09.809173 #8680]  INFO -- : Completed 200 OK in 5ms (Views: 3.9ms | ActiveRecord: 0.0ms)
I, [2015-02-25T15:10:21.747533 #8677]  INFO -- : Started GET "/" for 91.201.244.150 at 2015-02-25 15:10:21 +0000
I, [2015-02-25T15:10:21.753079 #8677]  INFO -- : Processing by HomeController#index as HTML
I, [2015-02-25T15:10:21.759189 #8677]  INFO -- :   Rendered home/index.html.erb within layouts/application (1.1ms)
I, [2015-02-25T15:10:21.760896 #8677]  INFO -- : Completed 200 OK in 8ms (Views: 5.8ms | ActiveRecord: 0.0ms)
I, [2015-02-25T15:10:22.259410 #8674]  INFO -- : Started GET "/assets/rails.png" for 91.201.244.150 at 2015-02-25 15:10:22 +0000
I, [2015-02-25T15:10:23.334826 #8677]  INFO -- : Started HEAD "/assets/rails.png" for 91.201.244.150 at 2015-02-25 15:10:23 +0000
I, [2015-02-25T15:18:58.047573 #8683]  INFO -- : Started GET "/" for 91.201.244.150 at 2015-02-25 15:18:58 +0000
I, [2015-02-25T15:18:58.076344 #8683]  INFO -- : Processing by HomeController#index as HTML
I, [2015-02-25T15:18:58.084963 #8683]  INFO -- :   Rendered home/index.html.erb within layouts/application (1.2ms)
I, [2015-02-25T15:18:58.087060 #8683]  INFO -- : Completed 200 OK in 10ms (Views: 8.0ms | ActiveRecord: 0.0ms)
I, [2015-02-25T15:18:58.957196 #8677]  INFO -- : Started GET "/assets/rails.png" for 91.201.244.150 at 2015-02-25 15:18:58 +0000
I, [2015-02-25T15:19:01.519654 #8683]  INFO -- : Started GET "/" for 91.201.244.150 at 2015-02-25 15:19:01 +0000
I, [2015-02-25T15:19:01.523921 #8683]  INFO -- : Processing by HomeController#index as HTML
I, [2015-02-25T15:19:01.525980 #8683]  INFO -- :   Rendered home/index.html.erb within layouts/application (0.1ms)
I, [2015-02-25T15:19:01.526784 #8683]  INFO -- : Completed 200 OK in 3ms (Views: 2.1ms | ActiveRecord: 0.0ms)
I, [2015-02-25T15:19:02.327809 #8677]  INFO -- : Started GET "/assets/rails.png" for 91.201.244.150 at 2015-02-25 15:19:02 +0000
I, [2015-02-25T15:19:19.908174 #8674]  INFO -- : Started GET "/" for 91.201.244.150 at 2015-02-25 15:19:19 +0000
I, [2015-02-25T15:19:19.916300 #8674]  INFO -- : Processing by HomeController#index as HTML
I, [2015-02-25T15:19:19.923162 #8674]  INFO -- :   Rendered home/index.html.erb within layouts/application (1.2ms)
I, [2015-02-25T15:19:19.924984 #8674]  INFO -- : Completed 200 OK in 8ms (Views: 6.0ms | ActiveRecord: 0.0ms)
I, [2015-02-25T15:19:20.474705 #8680]  INFO -- : Started GET "/assets/rails.png" for 91.201.244.150 at 2015-02-25 15:19:20 +0000
I, [2015-02-25T15:29:27.526719 #8683]  INFO -- : Started GET "/" for 220.181.108.156 at 2015-02-25 15:29:27 +0000
I, [2015-02-25T15:29:27.532871 #8683]  INFO -- : Processing by HomeController#index as */*
I, [2015-02-25T15:29:27.539618 #8683]  INFO -- :   Rendered home/index.html.erb within layouts/application (1.5ms)
I, [2015-02-25T15:29:27.542608 #8683]  INFO -- : Completed 200 OK in 9ms (Views: 8.5ms | ActiveRecord: 0.0ms)
I, [2015-02-25T15:29:27.960087 #8680]  INFO -- : Started GET "/" for 220.181.108.145 at 2015-02-25 15:29:27 +0000
I, [2015-02-25T15:29:27.971286 #8680]  INFO -- : Processing by HomeController#index as */*
I, [2015-02-25T15:29:27.979463 #8680]  INFO -- :   Rendered home/index.html.erb within layouts/application (1.6ms)
I, [2015-02-25T15:29:27.981705 #8680]  INFO -- : Completed 200 OK in 10ms (Views: 8.1ms | ActiveRecord: 0.0ms)
I, [2015-02-25T15:29:28.842378 #8683]  INFO -- : Started GET "/" for 123.125.71.97 at 2015-02-25 15:29:28 +0000
I, [2015-02-25T15:29:28.845775 #8683]  INFO -- : Processing by HomeController#index as */*
I, [2015-02-25T15:29:28.850588 #8683]  INFO -- :   Rendered home/index.html.erb within layouts/application (0.2ms)
I, [2015-02-25T15:29:28.851865 #8683]  INFO -- : Completed 200 OK in 6ms (Views: 5.5ms | ActiveRecord: 0.0ms)
I, [2015-02-25T15:29:29.580421 #8680]  INFO -- : Started GET "/" for 123.125.71.82 at 2015-02-25 15:29:29 +0000
I, [2015-02-25T15:29:29.583292 #8680]  INFO -- : Processing by HomeController#index as */*
I, [2015-02-25T15:29:29.587983 #8680]  INFO -- :   Rendered home/index.html.erb within layouts/application (0.2ms)
I, [2015-02-25T15:29:29.589026 #8680]  INFO -- : Completed 200 OK in 6ms (Views: 4.8ms | ActiveRecord: 0.0ms)
I, [2015-02-25T15:49:28.438818 #8674]  INFO -- : Started GET "/" for 104.197.9.70 at 2015-02-25 15:49:28 +0000
I, [2015-02-25T15:49:28.446058 #8674]  INFO -- : Processing by HomeController#index as */*
I, [2015-02-25T15:49:28.452622 #8674]  INFO -- :   Rendered home/index.html.erb within layouts/application (1.5ms)
I, [2015-02-25T15:49:28.454502 #8674]  INFO -- : Completed 200 OK in 8ms (Views: 7.3ms | ActiveRecord: 0.0ms)
I, [2015-02-25T16:29:40.695349 #8680]  INFO -- : Started GET "/" for 220.181.108.109 at 2015-02-25 16:29:40 +0000
I, [2015-02-25T16:29:40.734786 #8680]  INFO -- : Processing by HomeController#index as */*
I, [2015-02-25T16:29:40.740963 #8680]  INFO -- :   Rendered home/index.html.erb within layouts/application (0.3ms)
I, [2015-02-25T16:29:40.743071 #8680]  INFO -- : Completed 200 OK in 8ms (Views: 6.5ms | ActiveRecord: 0.0ms)
I, [2015-02-25T16:29:41.162508 #8677]  INFO -- : Started GET "/" for 220.181.108.77 at 2015-02-25 16:29:41 +0000
I, [2015-02-25T16:29:41.191690 #8677]  INFO -- : Processing by HomeController#index as */*
I, [2015-02-25T16:29:41.198617 #8677]  INFO -- :   Rendered home/index.html.erb within layouts/application (1.2ms)
I, [2015-02-25T16:29:41.200575 #8677]  INFO -- : Completed 200 OK in 9ms (Views: 6.9ms | ActiveRecord: 0.0ms)
I, [2015-02-25T16:29:41.882872 #8680]  INFO -- : Started GET "/" for 123.125.71.36 at 2015-02-25 16:29:41 +0000
I, [2015-02-25T16:29:41.885776 #8680]  INFO -- : Processing by HomeController#index as */*
I, [2015-02-25T16:29:41.889246 #8680]  INFO -- :   Rendered home/index.html.erb within layouts/application (0.1ms)
I, [2015-02-25T16:29:41.890348 #8680]  INFO -- : Completed 200 OK in 4ms (Views: 3.9ms | ActiveRecord: 0.0ms)
I, [2015-02-25T16:29:42.710323 #8677]  INFO -- : Started GET "/" for 123.125.71.25 at 2015-02-25 16:29:42 +0000
I, [2015-02-25T16:29:42.712985 #8677]  INFO -- : Processing by HomeController#index as */*
I, [2015-02-25T16:29:42.717084 #8677]  INFO -- :   Rendered home/index.html.erb within layouts/application (0.2ms)
I, [2015-02-25T16:29:42.718413 #8677]  INFO -- : Completed 200 OK in 5ms (Views: 4.6ms | ActiveRecord: 0.0ms)
I, [2015-02-25T16:30:18.108373 #8680]  INFO -- : Started GET "/items" for 91.201.244.150 at 2015-02-25 16:30:18 +0000
I, [2015-02-25T16:30:18.113717 #8680]  INFO -- : Processing by ItemsController#index as HTML
I, [2015-02-25T16:30:18.187267 #8680]  INFO -- :   Rendered items/index.html.erb within layouts/application (66.0ms)
I, [2015-02-25T16:30:18.188313 #8680]  INFO -- : Completed 200 OK in 74ms (Views: 19.9ms | ActiveRecord: 49.4ms)
I, [2015-02-25T16:30:19.608765 #8677]  INFO -- : Started GET "/items/1/" for 91.201.244.150 at 2015-02-25 16:30:19 +0000
I, [2015-02-25T16:30:19.615964 #8677]  INFO -- : Processing by ItemsController#show as HTML
I, [2015-02-25T16:30:19.616092 #8677]  INFO -- :   Parameters: {"id"=>"1"}
I, [2015-02-25T16:30:19.651436 #8677]  INFO -- :   Rendered items/show.html.erb within layouts/application (1.2ms)
I, [2015-02-25T16:30:19.652669 #8677]  INFO -- : Completed 200 OK in 36ms (Views: 4.5ms | ActiveRecord: 4.6ms)
I, [2015-02-25T16:36:57.137167 #8674]  INFO -- : Started GET "/items/1/" for 91.201.244.150 at 2015-02-25 16:36:57 +0000
I, [2015-02-25T16:36:57.222674 #8674]  INFO -- : Processing by ItemsController#show as HTML
I, [2015-02-25T16:36:57.222843 #8674]  INFO -- :   Parameters: {"id"=>"1"}
I, [2015-02-25T16:36:57.286601 #8674]  INFO -- :   Rendered items/show.html.erb within layouts/application (1.8ms)
I, [2015-02-25T16:36:57.288809 #8674]  INFO -- : Completed 200 OK in 66ms (Views: 7.1ms | ActiveRecord: 11.1ms)
I, [2015-02-25T16:53:40.313429 #8683]  INFO -- : Started GET "/items/1/" for 91.201.244.150 at 2015-02-25 16:53:40 +0000
I, [2015-02-25T16:53:40.380392 #8683]  INFO -- : Processing by ItemsController#show as HTML
I, [2015-02-25T16:53:40.380548 #8683]  INFO -- :   Parameters: {"id"=>"1"}
I, [2015-02-25T16:53:40.444620 #8683]  INFO -- :   Rendered items/show.html.erb within layouts/application (1.5ms)
I, [2015-02-25T16:53:40.447874 #8683]  INFO -- : Completed 200 OK in 67ms (Views: 8.3ms | ActiveRecord: 4.1ms)
I, [2015-02-25T16:53:43.485485 #8674]  INFO -- : Started HEAD "/items/1/" for 91.201.244.150 at 2015-02-25 16:53:43 +0000
I, [2015-02-25T16:53:43.526458 #8674]  INFO -- : Processing by ItemsController#show as */*
I, [2015-02-25T16:53:43.526673 #8674]  INFO -- :   Parameters: {"id"=>"1"}
I, [2015-02-25T16:53:43.577639 #8674]  INFO -- :   Rendered items/show.html.erb within layouts/application (1.5ms)
I, [2015-02-25T16:53:43.579106 #8674]  INFO -- : Completed 200 OK in 52ms (Views: 8.7ms | ActiveRecord: 3.9ms)
I, [2015-02-25T16:53:54.898632 #8683]  INFO -- : Started GET "/items/1/" for 91.201.244.150 at 2015-02-25 16:53:54 +0000
I, [2015-02-25T16:53:54.901317 #8683]  INFO -- : Processing by ItemsController#show as HTML
I, [2015-02-25T16:53:54.901384 #8683]  INFO -- :   Parameters: {"id"=>"1"}
I, [2015-02-25T16:53:54.905188 #8683]  INFO -- :   Rendered items/show.html.erb within layouts/application (1.0ms)
I, [2015-02-25T16:53:54.906031 #8683]  INFO -- : Completed 200 OK in 5ms (Views: 2.9ms | ActiveRecord: 0.2ms)
I, [2015-02-25T16:53:57.862820 #8677]  INFO -- : Started HEAD "/items/1/" for 91.201.244.150 at 2015-02-25 16:53:57 +0000
I, [2015-02-25T16:53:57.974830 #8677]  INFO -- : Processing by ItemsController#show as */*
I, [2015-02-25T16:53:57.975104 #8677]  INFO -- :   Parameters: {"id"=>"1"}
I, [2015-02-25T16:53:58.048688 #8677]  INFO -- :   Rendered items/show.html.erb within layouts/application (4.2ms)
I, [2015-02-25T16:53:58.052104 #8677]  INFO -- : Completed 200 OK in 77ms (Views: 14.1ms | ActiveRecord: 3.0ms)
I, [2015-02-25T16:53:59.631215 #8683]  INFO -- : Started HEAD "/items/1/" for 91.201.244.150 at 2015-02-25 16:53:59 +0000
I, [2015-02-25T16:53:59.635237 #8683]  INFO -- : Processing by ItemsController#show as */*
I, [2015-02-25T16:53:59.635314 #8683]  INFO -- :   Parameters: {"id"=>"1"}
I, [2015-02-25T16:53:59.644362 #8683]  INFO -- :   Rendered items/show.html.erb within layouts/application (1.5ms)
I, [2015-02-25T16:53:59.645515 #8683]  INFO -- : Completed 200 OK in 10ms (Views: 6.8ms | ActiveRecord: 0.4ms)
I, [2015-02-25T17:00:18.286034 #8680]  INFO -- : Started GET "/items/1/" for 91.201.244.150 at 2015-02-25 17:00:18 +0000
I, [2015-02-25T17:00:18.351104 #8680]  INFO -- : Processing by ItemsController#show as HTML
I, [2015-02-25T17:00:18.351261 #8680]  INFO -- :   Parameters: {"id"=>"1"}
I, [2015-02-25T17:00:18.411617 #8680]  INFO -- :   Rendered items/show.html.erb within layouts/application (2.2ms)
I, [2015-02-25T17:00:18.415041 #8680]  INFO -- : Completed 200 OK in 64ms (Views: 9.1ms | ActiveRecord: 3.4ms)
I, [2015-02-25T17:00:26.847606 #8674]  INFO -- : Started GET "/" for 91.201.244.150 at 2015-02-25 17:00:26 +0000
I, [2015-02-25T17:00:26.857621 #8674]  INFO -- : Processing by HomeController#index as HTML
I, [2015-02-25T17:00:26.864381 #8674]  INFO -- :   Rendered home/index.html.erb within layouts/application (0.6ms)
I, [2015-02-25T17:00:26.867302 #8674]  INFO -- : Completed 200 OK in 9ms (Views: 6.3ms | ActiveRecord: 0.0ms)
I, [2015-02-25T17:00:27.607070 #8680]  INFO -- : Started GET "/assets/rails.png" for 91.201.244.150 at 2015-02-25 17:00:27 +0000
I, [2015-02-25T17:00:33.633556 #8683]  INFO -- : Started GET "/" for 91.201.244.150 at 2015-02-25 17:00:33 +0000
I, [2015-02-25T17:00:33.642680 #8683]  INFO -- : Processing by HomeController#index as HTML
I, [2015-02-25T17:00:33.647741 #8683]  INFO -- :   Rendered home/index.html.erb within layouts/application (0.3ms)
I, [2015-02-25T17:00:33.650328 #8683]  INFO -- : Completed 200 OK in 7ms (Views: 5.3ms | ActiveRecord: 0.0ms)
I, [2015-02-25T17:00:34.061602 #8677]  INFO -- : Started GET "/assets/rails.png" for 91.201.244.150 at 2015-02-25 17:00:34 +0000
I, [2015-02-25T17:00:36.725306 #8683]  INFO -- : Started HEAD "/assets/rails.png" for 91.201.244.150 at 2015-02-25 17:00:36 +0000
I, [2015-02-25T17:00:54.773544 #8674]  INFO -- : Started GET "/" for 91.201.244.150 at 2015-02-25 17:00:54 +0000
I, [2015-02-25T17:00:54.776178 #8674]  INFO -- : Processing by HomeController#index as HTML
I, [2015-02-25T17:00:54.778473 #8674]  INFO -- :   Rendered home/index.html.erb within layouts/application (0.1ms)
I, [2015-02-25T17:00:54.779639 #8674]  INFO -- : Completed 200 OK in 3ms (Views: 2.7ms | ActiveRecord: 0.0ms)
I, [2015-02-25T17:00:55.323683 #8683]  INFO -- : Started GET "/assets/rails.png" for 91.201.244.150 at 2015-02-25 17:00:55 +0000
I, [2015-02-25T17:01:14.594240 #8680]  INFO -- : Started GET "/oc/rss/hobbies.xml" for 188.165.15.188 at 2015-02-25 17:01:14 +0000
F, [2015-02-25T17:01:14.597965 #8680] FATAL -- : 
ActionController::RoutingError (No route matches [GET] "/oc/rss/hobbies.xml"):
  actionpack (4.0.2) lib/action_dispatch/middleware/debug_exceptions.rb:21:in `call'
  actionpack (4.0.2) lib/action_dispatch/middleware/show_exceptions.rb:30:in `call'
  railties (4.0.2) lib/rails/rack/logger.rb:38:in `call_app'
  railties (4.0.2) lib/rails/rack/logger.rb:20:in `block in call'
  activesupport (4.0.2) lib/active_support/tagged_logging.rb:67:in `block in tagged'
  activesupport (4.0.2) lib/active_support/tagged_logging.rb:25:in `tagged'
  activesupport (4.0.2) lib/active_support/tagged_logging.rb:67:in `tagged'
  railties (4.0.2) lib/rails/rack/logger.rb:20:in `call'
  actionpack (4.0.2) lib/action_dispatch/middleware/request_id.rb:21:in `call'
  rack (1.5.2) lib/rack/methodoverride.rb:21:in `call'
  rack (1.5.2) lib/rack/runtime.rb:17:in `call'
  activesupport (4.0.2) lib/active_support/cache/strategy/local_cache.rb:83:in `call'
  rack (1.5.2) lib/rack/lock.rb:17:in `call'
  rack (1.5.2) lib/rack/sendfile.rb:112:in `call'
  railties (4.0.2) lib/rails/engine.rb:511:in `call'
  railties (4.0.2) lib/rails/application.rb:97:in `call'
  unicorn (4.8.3) lib/unicorn/http_server.rb:576:in `process_client'
  unicorn (4.8.3) lib/unicorn/http_server.rb:670:in `worker_loop'
  unicorn (4.8.3) lib/unicorn/http_server.rb:525:in `spawn_missing_workers'
  unicorn (4.8.3) lib/unicorn/http_server.rb:140:in `start'
  unicorn (4.8.3) bin/unicorn:126:in `<top (required)>'
  /usr/local/rvm/gems/ruby-2.1.3/bin/unicorn:23:in `load'
  /usr/local/rvm/gems/ruby-2.1.3/bin/unicorn:23:in `<main>'
  /usr/local/rvm/gems/ruby-2.0.0-p353/bin/ruby_executable_hooks:15:in `eval'
  /usr/local/rvm/gems/ruby-2.0.0-p353/bin/ruby_executable_hooks:15:in `<main>'


I, [2015-02-25T17:02:32.821013 #8677]  INFO -- : Started GET "/" for 91.201.244.150 at 2015-02-25 17:02:32 +0000
I, [2015-02-25T17:02:32.834410 #8677]  INFO -- : Processing by HomeController#index as HTML
I, [2015-02-25T17:02:32.842808 #8677]  INFO -- :   Rendered home/index.html.erb within layouts/application (1.8ms)
I, [2015-02-25T17:02:32.845730 #8677]  INFO -- : Completed 200 OK in 11ms (Views: 8.4ms | ActiveRecord: 0.0ms)
I, [2015-02-25T17:02:33.354664 #8683]  INFO -- : Started GET "/assets/rails.png" for 91.201.244.150 at 2015-02-25 17:02:33 +0000
I, [2015-02-25T17:02:44.194866 #8674]  INFO -- : Started HEAD "/assets/rails.png" for 91.201.244.150 at 2015-02-25 17:02:44 +0000
I, [2015-02-25T17:11:55.989644 #8677]  INFO -- : Started GET "/" for 91.201.244.150 at 2015-02-25 17:11:55 +0000
I, [2015-02-25T17:11:56.005893 #8677]  INFO -- : Processing by HomeController#index as HTML
I, [2015-02-25T17:11:56.014975 #8677]  INFO -- :   Rendered home/index.html.erb within layouts/application (2.6ms)
I, [2015-02-25T17:11:56.017509 #8677]  INFO -- : Completed 200 OK in 10ms (Views: 8.4ms | ActiveRecord: 0.0ms)
I, [2015-02-25T17:11:57.072117 #8680]  INFO -- : Started GET "/assets/rails.png" for 91.201.244.150 at 2015-02-25 17:11:57 +0000
I, [2015-02-25T17:12:59.796834 #8683]  INFO -- : Started GET "/" for 91.124.79.13 at 2015-02-25 17:12:59 +0000
I, [2015-02-25T17:12:59.805199 #8683]  INFO -- : Processing by HomeController#index as HTML
I, [2015-02-25T17:12:59.811205 #8683]  INFO -- :   Rendered home/index.html.erb within layouts/application (2.1ms)
I, [2015-02-25T17:12:59.813745 #8683]  INFO -- : Completed 200 OK in 8ms (Views: 7.3ms | ActiveRecord: 0.0ms)
I, [2015-02-25T17:13:00.787361 #8680]  INFO -- : Started GET "/assets/rails.png" for 91.124.79.13 at 2015-02-25 17:13:00 +0000
I, [2015-02-25T17:13:25.217530 #8677]  INFO -- : Started GET "/items/1" for 91.124.79.13 at 2015-02-25 17:13:25 +0000
I, [2015-02-25T17:13:25.224532 #8677]  INFO -- : Processing by ItemsController#show as HTML
I, [2015-02-25T17:13:25.224673 #8677]  INFO -- :   Parameters: {"id"=>"1"}
I, [2015-02-25T17:13:25.232986 #8677]  INFO -- :   Rendered items/show.html.erb within layouts/application (1.6ms)
I, [2015-02-25T17:13:25.234276 #8677]  INFO -- : Completed 200 OK in 9ms (Views: 4.6ms | ActiveRecord: 0.5ms)
I, [2015-02-25T17:14:08.662541 #8680]  INFO -- : Started GET "/" for 91.201.244.150 at 2015-02-25 17:14:08 +0000
I, [2015-02-25T17:14:08.673200 #8680]  INFO -- : Processing by HomeController#index as HTML
I, [2015-02-25T17:14:08.680858 #8680]  INFO -- :   Rendered home/index.html.erb within layouts/application (1.4ms)
I, [2015-02-25T17:14:08.682323 #8680]  INFO -- : Completed 200 OK in 9ms (Views: 5.8ms | ActiveRecord: 0.0ms)
I, [2015-02-25T17:14:09.406603 #8683]  INFO -- : Started GET "/assets/rails.png" for 91.201.244.150 at 2015-02-25 17:14:09 +0000
I, [2015-02-25T17:15:27.695715 #8680]  INFO -- : Started GET "/" for 91.201.244.150 at 2015-02-25 17:15:27 +0000
I, [2015-02-25T17:15:27.714492 #8680]  INFO -- : Processing by HomeController#index as HTML
I, [2015-02-25T17:15:27.727941 #8680]  INFO -- :   Rendered home/index.html.erb within layouts/application (3.2ms)
I, [2015-02-25T17:15:27.731326 #8680]  INFO -- : Completed 200 OK in 16ms (Views: 11.9ms | ActiveRecord: 0.0ms)
I, [2015-02-25T17:16:39.093635 #8674]  INFO -- : Started GET "/" for 91.201.244.150 at 2015-02-25 17:16:39 +0000
I, [2015-02-25T17:16:39.100510 #8674]  INFO -- : Processing by HomeController#index as HTML
I, [2015-02-25T17:16:39.107056 #8674]  INFO -- :   Rendered home/index.html.erb within layouts/application (2.0ms)
I, [2015-02-25T17:16:39.109101 #8674]  INFO -- : Completed 200 OK in 8ms (Views: 6.9ms | ActiveRecord: 0.0ms)
I, [2015-02-25T17:16:52.802885 #8680]  INFO -- : Started GET "/" for 91.124.79.13 at 2015-02-25 17:16:52 +0000
I, [2015-02-25T17:16:52.815229 #8680]  INFO -- : Processing by HomeController#index as HTML
I, [2015-02-25T17:16:52.827690 #8680]  INFO -- :   Rendered home/index.html.erb within layouts/application (4.1ms)
I, [2015-02-25T17:16:52.832366 #8680]  INFO -- : Completed 200 OK in 17ms (Views: 14.8ms | ActiveRecord: 0.0ms)
I, [2015-02-25T17:20:52.756356 #8677]  INFO -- : Started GET "/" for 91.201.244.150 at 2015-02-25 17:20:52 +0000
I, [2015-02-25T17:20:52.771378 #8677]  INFO -- : Processing by HomeController#index as HTML
I, [2015-02-25T17:20:52.787434 #8677]  INFO -- :   Rendered home/index.html.erb within layouts/application (5.2ms)
I, [2015-02-25T17:20:52.792902 #8677]  INFO -- : Completed 200 OK in 21ms (Views: 17.3ms | ActiveRecord: 0.0ms)
I, [2015-02-25T17:20:56.879997 #8683]  INFO -- : Started GET "/" for 91.201.244.150 at 2015-02-25 17:20:56 +0000
I, [2015-02-25T17:20:56.886683 #8683]  INFO -- : Processing by HomeController#index as HTML
I, [2015-02-25T17:20:56.894206 #8683]  INFO -- :   Rendered home/index.html.erb within layouts/application (1.9ms)
I, [2015-02-25T17:20:56.898594 #8683]  INFO -- : Completed 200 OK in 12ms (Views: 9.4ms | ActiveRecord: 0.0ms)
I, [2015-02-25T17:26:10.297116 #8677]  INFO -- : Started GET "/items/1/" for 91.201.244.150 at 2015-02-25 17:26:10 +0000
I, [2015-02-25T17:26:10.311053 #8677]  INFO -- : Processing by ItemsController#show as HTML
I, [2015-02-25T17:26:10.311292 #8677]  INFO -- :   Parameters: {"id"=>"1"}
I, [2015-02-25T17:26:10.332477 #8677]  INFO -- :   Rendered items/show.html.erb within layouts/application (1.2ms)
I, [2015-02-25T17:26:10.340646 #8677]  INFO -- : Completed 200 OK in 29ms (Views: 15.5ms | ActiveRecord: 1.0ms)
I, [2015-02-25T17:33:16.859333 #8683]  INFO -- : Started GET "/items/1/" for 91.201.244.150 at 2015-02-25 17:33:16 +0000
I, [2015-02-25T17:33:16.866703 #8683]  INFO -- : Processing by ItemsController#show as HTML
I, [2015-02-25T17:33:16.866819 #8683]  INFO -- :   Parameters: {"id"=>"1"}
I, [2015-02-25T17:33:16.874621 #8683]  INFO -- :   Rendered items/show.html.erb within layouts/application (0.5ms)
I, [2015-02-25T17:33:16.877626 #8683]  INFO -- : Completed 200 OK in 11ms (Views: 5.6ms | ActiveRecord: 0.5ms)
I, [2015-02-25T17:37:52.845298 #8674]  INFO -- : Started GET "/items/1/" for 91.201.244.150 at 2015-02-25 17:37:52 +0000
I, [2015-02-25T17:37:52.853366 #8674]  INFO -- : Processing by ItemsController#show as HTML
I, [2015-02-25T17:37:52.853519 #8674]  INFO -- :   Parameters: {"id"=>"1"}
I, [2015-02-25T17:37:52.862787 #8674]  INFO -- :   Rendered items/show.html.erb within layouts/application (1.5ms)
I, [2015-02-25T17:37:52.864819 #8674]  INFO -- : Completed 200 OK in 11ms (Views: 5.8ms | ActiveRecord: 0.5ms)
I, [2015-02-25T17:37:55.594354 #8683]  INFO -- : Started HEAD "/items/1/" for 91.201.244.150 at 2015-02-25 17:37:55 +0000
I, [2015-02-25T17:37:55.603900 #8683]  INFO -- : Processing by ItemsController#show as */*
I, [2015-02-25T17:37:55.604128 #8683]  INFO -- :   Parameters: {"id"=>"1"}
I, [2015-02-25T17:37:55.623767 #8683]  INFO -- :   Rendered items/show.html.erb within layouts/application (3.3ms)
I, [2015-02-25T17:37:55.626770 #8683]  INFO -- : Completed 200 OK in 22ms (Views: 13.9ms | ActiveRecord: 0.8ms)
I, [2015-02-25T17:37:56.923287 #8680]  INFO -- : Started HEAD "/items/1/" for 91.201.244.150 at 2015-02-25 17:37:56 +0000
I, [2015-02-25T17:37:56.931595 #8680]  INFO -- : Processing by ItemsController#show as */*
I, [2015-02-25T17:37:56.931841 #8680]  INFO -- :   Parameters: {"id"=>"1"}
I, [2015-02-25T17:37:56.945620 #8680]  INFO -- :   Rendered items/show.html.erb within layouts/application (1.9ms)
I, [2015-02-25T17:37:56.948575 #8680]  INFO -- : Completed 200 OK in 17ms (Views: 8.6ms | ActiveRecord: 0.5ms)
I, [2015-02-25T17:39:04.857240 #8677]  INFO -- : Started GET "/items/1/" for 91.201.244.150 at 2015-02-25 17:39:04 +0000
I, [2015-02-25T17:39:04.864631 #8677]  INFO -- : Processing by ItemsController#show as HTML
I, [2015-02-25T17:39:04.864782 #8677]  INFO -- :   Parameters: {"id"=>"1"}
I, [2015-02-25T17:39:04.875145 #8677]  INFO -- :   Rendered items/show.html.erb within layouts/application (2.0ms)
I, [2015-02-25T17:39:04.877621 #8677]  INFO -- : Completed 200 OK in 13ms (Views: 6.8ms | ActiveRecord: 0.5ms)
I, [2015-02-25T17:40:01.567664 #8680]  INFO -- : Started GET "/items/1/" for 91.201.244.150 at 2015-02-25 17:40:01 +0000
I, [2015-02-25T17:40:01.573945 #8680]  INFO -- : Processing by ItemsController#show as HTML
I, [2015-02-25T17:40:01.644912 #8680]  INFO -- :   Parameters: {"id"=>"1"}
I, [2015-02-25T17:40:01.649470 #8680]  INFO -- :   Rendered items/show.html.erb within layouts/application (1.0ms)
I, [2015-02-25T17:40:01.650301 #8680]  INFO -- : Completed 200 OK in 5ms (Views: 3.2ms | ActiveRecord: 0.3ms)
I, [2015-02-25T17:42:59.345909 #8674]  INFO -- : Started GET "/items/1/" for 91.201.244.150 at 2015-02-25 17:42:59 +0000
I, [2015-02-25T17:42:59.352772 #8674]  INFO -- : Processing by ItemsController#show as HTML
I, [2015-02-25T17:42:59.352949 #8674]  INFO -- :   Parameters: {"id"=>"1"}
I, [2015-02-25T17:42:59.363976 #8674]  INFO -- :   Rendered items/show.html.erb within layouts/application (2.1ms)
I, [2015-02-25T17:42:59.366088 #8674]  INFO -- : Completed 200 OK in 13ms (Views: 6.9ms | ActiveRecord: 0.5ms)
I, [2015-02-25T17:43:14.143409 #8683]  INFO -- : Started GET "/items/1/" for 91.201.244.150 at 2015-02-25 17:43:14 +0000
I, [2015-02-25T17:43:14.148526 #8683]  INFO -- : Processing by ItemsController#show as HTML
I, [2015-02-25T17:43:14.148635 #8683]  INFO -- :   Parameters: {"id"=>"1"}
I, [2015-02-25T17:43:14.158820 #8683]  INFO -- :   Rendered items/show.html.erb within layouts/application (1.9ms)
I, [2015-02-25T17:43:14.160426 #8683]  INFO -- : Completed 200 OK in 12ms (Views: 7.3ms | ActiveRecord: 0.4ms)
I, [2015-02-25T17:43:27.312869 #8677]  INFO -- : Started GET "/items/1/" for 91.201.244.150 at 2015-02-25 17:43:27 +0000
I, [2015-02-25T17:43:27.317647 #8677]  INFO -- : Processing by ItemsController#show as HTML
I, [2015-02-25T17:43:27.318134 #8677]  INFO -- :   Parameters: {"id"=>"1"}
I, [2015-02-25T17:43:27.399905 #8677]  INFO -- :   Rendered items/show.html.erb within layouts/application (0.8ms)
I, [2015-02-25T17:43:27.400756 #8677]  INFO -- : Completed 200 OK in 82ms (Views: 2.9ms | ActiveRecord: 0.4ms)
I, [2015-02-25T17:43:38.431376 #8674]  INFO -- : Started GET "/items/1/" for 91.201.244.150 at 2015-02-25 17:43:38 +0000
I, [2015-02-25T17:43:38.439815 #8674]  INFO -- : Processing by ItemsController#show as HTML
I, [2015-02-25T17:43:38.439958 #8674]  INFO -- :   Parameters: {"id"=>"1"}
I, [2015-02-25T17:43:38.447948 #8674]  INFO -- :   Rendered items/show.html.erb within layouts/application (2.0ms)
I, [2015-02-25T17:43:38.449443 #8674]  INFO -- : Completed 200 OK in 9ms (Views: 5.6ms | ActiveRecord: 0.5ms)
I, [2015-02-25T17:44:19.309050 #8677]  INFO -- : Started GET "/items/1" for 91.124.79.13 at 2015-02-25 17:44:19 +0000
I, [2015-02-25T17:44:19.318828 #8677]  INFO -- : Processing by ItemsController#show as HTML
I, [2015-02-25T17:44:19.319095 #8677]  INFO -- :   Parameters: {"id"=>"1"}
I, [2015-02-25T17:44:19.343847 #8677]  INFO -- :   Rendered items/show.html.erb within layouts/application (12.2ms)
I, [2015-02-25T17:44:19.347658 #8677]  INFO -- : Completed 200 OK in 28ms (Views: 19.4ms | ActiveRecord: 0.7ms)
I, [2015-02-25T17:45:27.694084 #8683]  INFO -- : Started GET "/items/1/" for 91.201.244.150 at 2015-02-25 17:45:27 +0000
I, [2015-02-25T17:45:27.699351 #8683]  INFO -- : Processing by ItemsController#show as HTML
I, [2015-02-25T17:45:27.699453 #8683]  INFO -- :   Parameters: {"id"=>"1"}
I, [2015-02-25T17:45:27.708146 #8683]  INFO -- :   Rendered items/show.html.erb within layouts/application (1.7ms)
I, [2015-02-25T17:45:27.709659 #8683]  INFO -- : Completed 200 OK in 10ms (Views: 5.8ms | ActiveRecord: 0.5ms)
I, [2015-02-25T17:45:33.437518 #8677]  INFO -- : Started GET "/items/1" for 91.124.79.13 at 2015-02-25 17:45:33 +0000
I, [2015-02-25T17:45:33.443734 #8677]  INFO -- : Processing by ItemsController#show as HTML
I, [2015-02-25T17:45:33.443895 #8677]  INFO -- :   Parameters: {"id"=>"1"}
I, [2015-02-25T17:45:33.455607 #8677]  INFO -- :   Rendered items/show.html.erb within layouts/application (2.0ms)
I, [2015-02-25T17:45:33.457505 #8677]  INFO -- : Completed 200 OK in 13ms (Views: 6.7ms | ActiveRecord: 0.7ms)
I, [2015-02-25T17:47:50.875227 #8680]  INFO -- : Started GET "/" for 220.181.108.114 at 2015-02-25 17:47:50 +0000
I, [2015-02-25T17:47:50.892643 #8680]  INFO -- : Processing by HomeController#index as */*
I, [2015-02-25T17:47:50.919174 #8680]  INFO -- :   Rendered home/index.html.erb within layouts/application (5.2ms)
I, [2015-02-25T17:47:50.924862 #8680]  INFO -- : Completed 200 OK in 32ms (Views: 28.6ms | ActiveRecord: 0.0ms)
I, [2015-02-25T17:47:51.349474 #8674]  INFO -- : Started GET "/" for 220.181.108.77 at 2015-02-25 17:47:51 +0000
I, [2015-02-25T17:47:51.359018 #8674]  INFO -- : Processing by HomeController#index as */*
I, [2015-02-25T17:47:51.376020 #8674]  INFO -- :   Rendered home/index.html.erb within layouts/application (3.7ms)
I, [2015-02-25T17:47:51.379714 #8674]  INFO -- : Completed 200 OK in 20ms (Views: 16.3ms | ActiveRecord: 0.0ms)
I, [2015-02-25T17:47:52.039664 #8680]  INFO -- : Started GET "/" for 123.125.71.85 at 2015-02-25 17:47:52 +0000
I, [2015-02-25T17:47:52.048629 #8680]  INFO -- : Processing by HomeController#index as */*
I, [2015-02-25T17:47:52.057942 #8680]  INFO -- :   Rendered home/index.html.erb within layouts/application (0.7ms)
I, [2015-02-25T17:47:52.060102 #8680]  INFO -- : Completed 200 OK in 11ms (Views: 10.2ms | ActiveRecord: 0.0ms)
I, [2015-02-25T17:47:52.841713 #8674]  INFO -- : Started GET "/" for 123.125.71.72 at 2015-02-25 17:47:52 +0000
I, [2015-02-25T17:47:52.848538 #8674]  INFO -- : Processing by HomeController#index as */*
I, [2015-02-25T17:47:52.860945 #8674]  INFO -- :   Rendered home/index.html.erb within layouts/application (0.4ms)
I, [2015-02-25T17:47:52.980221 #8674]  INFO -- : Completed 200 OK in 131ms (Views: 13.9ms | ActiveRecord: 0.0ms)
I, [2015-02-25T17:48:32.951673 #8680]  INFO -- : Started GET "/items/1/" for 91.201.244.150 at 2015-02-25 17:48:32 +0000
I, [2015-02-25T17:48:32.954612 #8680]  INFO -- : Processing by ItemsController#show as HTML
I, [2015-02-25T17:48:32.954721 #8680]  INFO -- :   Parameters: {"id"=>"1"}
I, [2015-02-25T17:48:32.961692 #8680]  INFO -- :   Rendered items/show.html.erb within layouts/application (1.1ms)
I, [2015-02-25T17:48:32.963536 #8680]  INFO -- : Completed 200 OK in 9ms (Views: 4.6ms | ActiveRecord: 0.4ms)
I, [2015-02-25T17:48:43.866413 #8683]  INFO -- : Started GET "/" for 91.201.244.150 at 2015-02-25 17:48:43 +0000
I, [2015-02-25T17:48:43.872532 #8683]  INFO -- : Processing by HomeController#index as HTML
I, [2015-02-25T17:48:43.876046 #8683]  INFO -- :   Rendered home/index.html.erb within layouts/application (0.2ms)
I, [2015-02-25T17:48:43.878150 #8683]  INFO -- : Completed 200 OK in 5ms (Views: 4.4ms | ActiveRecord: 0.0ms)
I, [2015-02-25T17:52:29.128122 #8677]  INFO -- : Started GET "/" for 91.201.244.150 at 2015-02-25 17:52:29 +0000
I, [2015-02-25T17:52:29.134831 #8677]  INFO -- : Processing by HomeController#index as HTML
I, [2015-02-25T17:52:29.141379 #8677]  INFO -- :   Rendered home/index.html.erb within layouts/application (0.5ms)
I, [2015-02-25T17:52:29.145117 #8677]  INFO -- : Completed 200 OK in 10ms (Views: 7.8ms | ActiveRecord: 0.0ms)
I, [2015-02-25T17:52:36.055427 #8674]  INFO -- : Started GET "/items/1" for 91.124.79.13 at 2015-02-25 17:52:36 +0000
I, [2015-02-25T17:52:36.063344 #8674]  INFO -- : Processing by ItemsController#show as HTML
I, [2015-02-25T17:52:36.063478 #8674]  INFO -- :   Parameters: {"id"=>"1"}
I, [2015-02-25T17:52:36.076337 #8674]  INFO -- :   Rendered items/show.html.erb within layouts/application (2.4ms)
I, [2015-02-25T17:52:36.078695 #8674]  INFO -- : Completed 200 OK in 15ms (Views: 8.3ms | ActiveRecord: 0.8ms)
I, [2015-02-25T17:53:08.221767 #8680]  INFO -- : Started GET "/" for 91.201.244.150 at 2015-02-25 17:53:08 +0000
I, [2015-02-25T17:53:08.227423 #8680]  INFO -- : Processing by HomeController#index as HTML
I, [2015-02-25T17:53:08.232405 #8680]  INFO -- :   Rendered home/index.html.erb within layouts/application (0.3ms)
I, [2015-02-25T17:53:08.236233 #8680]  INFO -- : Completed 200 OK in 9ms (Views: 6.9ms | ActiveRecord: 0.0ms)
